Component: ARM Compiler 5.05 update 2 (build 169) Tool: armlink [4d0f33]

==============================================================================

Section Cross References

    board.o(i.mbed_die) refers to wait_api.o(i.wait_ms) for wait_ms
    cmsis_nvic.o(i.NVIC_SetVector) refers to rt_memcpy_w.o(.text) for __aeabi_memcpy4
    hal_tick.o(i.HAL_InitTick) refers to stm32f3xx_hal_tim.o(i.HAL_TIM_OC_Init) for HAL_TIM_OC_Init
    hal_tick.o(i.HAL_InitTick) refers to cmsis_nvic.o(i.NVIC_SetVector) for NVIC_SetVector
    hal_tick.o(i.HAL_InitTick) refers to stm32f3xx_hal_tim.o(i.HAL_TIM_OC_Start) for HAL_TIM_OC_Start
    hal_tick.o(i.HAL_InitTick) refers to hal_tick.o(.bss) for .bss
    hal_tick.o(i.HAL_InitTick) refers to system_stm32f3xx.o(.data) for SystemCoreClock
    hal_tick.o(i.HAL_InitTick) refers to hal_tick.o(i.timer_irq_handler) for timer_irq_handler
    hal_tick.o(i.HAL_InitTick) refers to hal_tick.o(.data) for .data
    hal_tick.o(i.timer_irq_handler) refers to us_ticker_api.o(i.us_ticker_irq_handler) for us_ticker_irq_handler
    hal_tick.o(i.timer_irq_handler) refers to stm32f3xx_hal.o(i.HAL_IncTick) for HAL_IncTick
    hal_tick.o(i.timer_irq_handler) refers to hal_tick.o(.bss) for .bss
    hal_tick.o(i.timer_irq_handler) refers to hal_tick.o(.data) for .data
    main.o(.text) refers to Stream.o(i._ZN4mbed6Stream6printfEPKcz) for mbed::Stream::printf(const char*, ...)
    main.o(.text) refers to assert.o(i.mbed_assert_internal) for mbed_assert_internal
    main.o(.text) refers to main.o(i._ZN4mbed10DigitalOutaSEi) for mbed::DigitalOut::operator =(int)
    main.o(.text) refers to wait_api.o(i.wait) for wait
    main.o(.text) refers to Serial.o(i._ZN4mbed6SerialC1E7PinNameS1_PKc) for mbed::Serial::Serial(PinName, PinName, const char*)
    main.o(.text) refers to aeabi_atexit.o(i.__aeabi_atexit) for __aeabi_atexit
    main.o(.text) refers to rt_memclr_w.o(.text) for __aeabi_memclr4
    main.o(.text) refers to gpio.o(i.gpio_init_in) for gpio_init_in
    main.o(.text) refers to gpio.o(i.gpio_init_out) for gpio_init_out
    main.o(.text) refers to main.o(.bss) for pc
    main.o(.text) refers to main.o(.conststring) for .conststring
    main.o(.text) refers to Serial.o(i._ZN4mbed6SerialD1Ev) for mbed::Serial::~Serial()
    main.o(.ARM.exidx) refers to main.o(.text) for .text
    main.o(.init_array) refers to main.o(.text) for __sti___8_main_cpp_pc
    main.o(.init_array) refers to init_aeabi.o(.text) for __cpp_initialize__aeabi_
    mbed_overrides.o(i.mbed_sdk_init) refers to system_stm32f3xx.o(i.SystemCoreClockUpdate) for SystemCoreClockUpdate
    mbed_overrides.o(i.mbed_sdk_init) refers to stm32f3xx_hal.o(i.HAL_Init) for HAL_Init
    retarget.o(i.$Sub$$main) refers to mbed_overrides.o(i.mbed_sdk_init) for mbed_sdk_init
    retarget.o(i.$Sub$$main) refers to retarget.o(i.mbed_main) for mbed_main
    retarget.o(i.$Sub$$main) refers to main.o(.text) for $Super$$main
    retarget.o(i._ZN4mbed10FileHandleD0Ev) refers to delete.o(i._ZdlPv) for operator delete (void*)
    retarget.o(i._ZN4mbed10FileHandleD0Ev) refers to retarget.o(.constdata__ZTVN4mbed10FileHandleE) for vtable for mbed::FileHandle
    retarget.o(i._ZN4mbed10FileHandleD0Ev) refers to retarget.o(.bss) for .bss
    retarget.o(i._ZN4mbed10FileHandleD2Ev) refers to retarget.o(.constdata__ZTVN4mbed10FileHandleE) for vtable for mbed::FileHandle
    retarget.o(i._ZN4mbed10FileHandleD2Ev) refers to retarget.o(.bss) for .bss
    retarget.o(i._ZN4mbed26mbed_set_unbuffered_streamEPSt6__FILE) refers to setbuf.o(.text) for setbuf
    retarget.o(i._ZN4mbed9mbed_getcEPSt6__FILE) refers to fgetc.o(i.fgetc) for fgetc
    retarget.o(i._ZN4mbed9mbed_getsEPciPSt6__FILE) refers to fgets.o(.text) for fgets
    retarget.o(i._sys_close) refers to retarget.o(.bss) for .bss
    retarget.o(i._sys_ensure) refers to retarget.o(.bss) for .bss
    retarget.o(i._sys_flen) refers to retarget.o(.bss) for .bss
    retarget.o(i._sys_istty) refers to retarget.o(.bss) for .bss
    retarget.o(i._sys_open) refers to _scanf_int.o(.text) for _scanf_int
    retarget.o(i._sys_open) refers to strcmpv7m.o(.text) for strcmp
    retarget.o(i._sys_open) refers to serial_api.o(i.serial_init) for serial_init
    retarget.o(i._sys_open) refers to FilePath.o(i._ZN4mbed8FilePathC1EPKc) for mbed::FilePath::FilePath(const char*)
    retarget.o(i._sys_open) refers to FilePath.o(i._ZN4mbed8FilePath6existsEv) for mbed::FilePath::exists()
    retarget.o(i._sys_open) refers to FilePath.o(i._ZN4mbed8FilePath6isFileEv) for mbed::FilePath::isFile()
    retarget.o(i._sys_open) refers to FilePath.o(i._ZN4mbed8FilePath4fileEv) for mbed::FilePath::file()
    retarget.o(i._sys_open) refers to __0sscanf.o(.text) for __0sscanf
    retarget.o(i._sys_open) refers to FilePath.o(i._ZN4mbed8FilePath10fileSystemEv) for mbed::FilePath::fileSystem()
[...]
    __alloca_initialize                       - Undefined Weak Reference
    __arm_preinit_                            - Undefined Weak Reference
    __cxa_begin_cleanup                       - Undefined Weak Reference
    __cxa_type_match                          - Undefined Weak Reference
    __rt_lib_shutdown                         - Undefined Weak Reference
    __sigvec_lookup                           - Undefined Weak Reference
    __user_heap_extent                        - Undefined Weak Reference
    _atexit_init                              - Undefined Weak Reference
    _clock_init                               - Undefined Weak Reference
    _fp_trap_init                             - Undefined Weak Reference
    _fp_trap_shutdown                         - Undefined Weak Reference
    _get_lc_collate                           - Undefined Weak Reference
    _get_lc_monetary                          - Undefined Weak Reference
    _get_lc_time                              - Undefined Weak Reference
    _getenv_init                              - Undefined Weak Reference
    _handle_redirection                       - Undefined Weak Reference
    _mutex_acquire                            - Undefined Weak Reference
    _mutex_free                               - Undefined Weak Reference
    _mutex_release                            - Undefined Weak Reference
    _printf_mbtowc                            - Undefined Weak Reference
    _printf_wc                                - Undefined Weak Reference
    _rand_init                                - Undefined Weak Reference
    _signal_finish                            - Undefined Weak Reference
    _signal_init                              - Undefined Weak Reference
    __Vectors_Size                           0x00000188   Number         0  startup_stm32f302x8.o ABSOLUTE
    __Vectors                                0x08000000   Data           4  startup_stm32f302x8.o(RESET)
    __dso_handle                             0x08000000   Number         0  startup_stm32f302x8.o(RESET)
    __Vectors_End                            0x08000188   Data           0  startup_stm32f302x8.o(RESET)
    __main                                   0x08000189   Thumb Code     8  __main.o(!!!main)
    __scatterload                            0x08000191   Thumb Code     0  __scatter.o(!!!scatter)
    __scatterload_rt2                        0x08000191   Thumb Code    44  __scatter.o(!!!scatter)
    __scatterload_rt2_thumb_only             0x08000191   Thumb Code     0  __scatter.o(!!!scatter)
    __scatterload_null                       0x0800019f   Thumb Code     0  __scatter.o(!!!scatter)
    __scatterload_copy                       0x080001c5   Thumb Code    26  __scatter_copy.o(!!handler_copy)
    __scatterload_zeroinit                   0x080001e1   Thumb Code    28  __scatter_zi.o(!!handler_zi)
    _printf_n                                0x080001fd   Thumb Code     0  _printf_n.o(.ARM.Collect$$_printf_percent$$00000001)
    _printf_percent                          0x080001fd   Thumb Code     0  _printf_percent.o(.ARM.Collect$$_printf_percent$$00000000)
    _printf_p                                0x08000203   Thumb Code     0  _printf_p.o(.ARM.Collect$$_printf_percent$$00000002)
    _printf_f                                0x08000209   Thumb Code     0  _printf_f.o(.ARM.Collect$$_printf_percent$$00000003)
    _printf_e                                0x0800020f   Thumb Code     0  _printf_e.o(.ARM.Collect$$_printf_percent$$00000004)
    _printf_g                                0x08000215   Thumb Code     0  _printf_g.o(.ARM.Collect$$_printf_percent$$00000005)
    _printf_a                                0x0800021b   Thumb Code     0  _printf_a.o(.ARM.Collect$$_printf_percent$$00000006)
    _printf_ll                               0x08000221   Thumb Code     0  _printf_ll.o(.ARM.Collect$$_printf_percent$$00000007)
    _printf_i                                0x0800022b   Thumb Code     0  _printf_i.o(.ARM.Collect$$_printf_percent$$00000008)
    _printf_d                                0x08000231   Thumb Code     0  _printf_d.o(.ARM.Collect$$_printf_percent$$00000009)
    _printf_u                                0x08000237   Thumb Code     0  _printf_u.o(.ARM.Collect$$_printf_percent$$0000000A)
    _printf_o                                0x0800023d   Thumb Code     0  _printf_o.o(.ARM.Collect$$_printf_percent$$0000000B)
    _printf_x                                0x08000243   Thumb Code     0  _printf_x.o(.ARM.Collect$$_printf_percent$$0000000C)
    _printf_lli                              0x08000249   Thumb Code     0  _printf_lli.o(.ARM.Collect$$_printf_percent$$0000000D)
    _printf_lld                              0x0800024f   Thumb Code     0  _printf_lld.o(.ARM.Collect$$_printf_percent$$0000000E)
    _printf_llu                              0x08000255   Thumb Code     0  _printf_llu.o(.ARM.Collect$$_printf_percent$$0000000F)
    _printf_llo                              0x0800025b   Thumb Code     0  _printf_llo.o(.ARM.Collect$$_printf_percent$$00000010)
    _printf_llx                              0x08000261   Thumb Code     0  _printf_llx.o(.ARM.Collect$$_printf_percent$$00000011)
    _printf_l                                0x08000267   Thumb Code     0  _printf_l.o(.ARM.Collect$$_printf_percent$$00000012)
    _printf_c                                0x08000271   Thumb Code     0  _printf_c.o(.ARM.Collect$$_printf_percent$$00000013)
    _printf_s                                0x08000277   Thumb Code     0  _printf_s.o(.ARM.Collect$$_printf_percent$$00000014)
    _printf_lc                               0x0800027d   Thumb Code     0  _printf_lc.o(.ARM.Collect$$_printf_percent$$00000015)
    _printf_ls                               0x08000283   Thumb Code     0  _printf_ls.o(.ARM.Collect$$_printf_percent$$00000016)
    _printf_percent_end                      0x08000289   Thumb Code     0  _printf_percent_end.o(.ARM.Collect$$_printf_percent$$00000017)
    __rt_lib_init                            0x0800028d   Thumb Code     0  libinit.o(.ARM.Collect$$libinit$$00000000)
    __rt_lib_init_fp_1                       0x0800028f   Thumb Code     0  libinit2.o(.ARM.Collect$$libinit$$00000001)
    __rt_lib_init_heap_2                     0x08000293   Thumb Code     0  libinit2.o(.ARM.Collect$$libinit$$00000005)
    __rt_lib_init_preinit_1                  0x08000293   Thumb Code     0  libinit2.o(.ARM.Collect$$libinit$$00000004)
    __rt_lib_init_heap_1                     0x0800029b   Thumb Code     0  libinit2.o(.ARM.Collect$$libinit$$0000000A)
    __rt_lib_init_lc_common                  0x0800029b   Thumb Code     0  libinit2.o(.ARM.Collect$$libinit$$0000000F)
    __rt_lib_init_rand_1                     0x0800029b   Thumb Code     0  libinit2.o(.ARM.Collect$$libinit$$0000000E)
    __rt_lib_init_user_alloc_1               0x0800029b   Thumb Code     0  libinit2.o(.ARM.Collect$$libinit$$0000000C)
    __rt_lib_init_lc_collate_1               0x080002a1   Thumb Code     0  libinit2.o(.ARM.Collect$$libinit$$00000011)
    __rt_lib_init_lc_ctype_2                 0x080002a1   Thumb Code     0  libinit2.o(.ARM.Collect$$libinit$$00000012)
    __rt_lib_init_lc_ctype_1                 0x080002ad   Thumb Code     0  libinit2.o(.ARM.Collect$$libinit$$00000013)
    __rt_lib_init_lc_monetary_1              0x080002ad   Thumb Code     0  libinit2.o(.ARM.Collect$$libinit$$00000015)
    __rt_lib_init_lc_numeric_2               0x080002ad   Thumb Code     0  libinit2.o(.ARM.Collect$$libinit$$00000016)
    __rt_lib_init_atexit_1                   0x080002b7   Thumb Code     0  libinit2.o(.ARM.Collect$$libinit$$0000001B)
    __rt_lib_init_clock_1                    0x080002b7   Thumb Code     0  libinit2.o(.ARM.Collect$$libinit$$00000021)
    __rt_lib_init_fp_trap_1                  0x080002b7   Thumb Code     0  libinit2.o(.ARM.Collect$$libinit$$0000001F)
    __rt_lib_init_getenv_1                   0x080002b7   Thumb Code     0  libinit2.o(.ARM.Collect$$libinit$$00000023)
    __rt_lib_init_lc_numeric_1               0x080002b7   Thumb Code     0  libinit2.o(.ARM.Collect$$libinit$$00000017)
    __rt_lib_init_lc_time_1                  0x080002b7   Thumb Code     0  libinit2.o(.ARM.Collect$$libinit$$00000019)
    __rt_lib_init_signal_1                   0x080002b7   Thumb Code     0  libinit2.o(.ARM.Collect$$libinit$$0000001D)
    __rt_lib_init_stdio_2                    0x080002b7   Thumb Code     0  libinit2.o(.ARM.Collect$$libinit$$00000024)
    __rt_lib_init_alloca_1                   0x080002bb   Thumb Code     0  libinit2.o(.ARM.Collect$$libinit$$0000002E)
    __rt_lib_init_argv_1                     0x080002bb   Thumb Code     0  libinit2.o(.ARM.Collect$$libinit$$0000002C)
    __rt_lib_init_cpp_2                      0x080002bb   Thumb Code     0  libinit2.o(.ARM.Collect$$libinit$$00000031)
    __rt_lib_init_exceptions_1               0x080002bb   Thumb Code     0  libinit2.o(.ARM.Collect$$libinit$$00000030)
    __rt_lib_init_stdio_1                    0x080002bb   Thumb Code     0  libinit2.o(.ARM.Collect$$libinit$$00000025)
    __rt_lib_init_cpp_1                      0x080002bf   Thumb Code     0  libinit2.o(.ARM.Collect$$libinit$$00000032)
    __rt_lib_init_return                     0x080002bf   Thumb Code     0  libinit2.o(.ARM.Collect$$libinit$$00000033)
    __rt_lib_shutdown_cpp_1                  0x080002c1   Thumb Code     0  libshutdown2.o(.ARM.Collect$$libshutdown$$00000001)
    __rt_entry                               0x080002c7   Thumb Code     0  __rtentry.o(.ARM.Collect$$rtentry$$00000000)
    __rt_entry_presh_1                       0x080002c7   Thumb Code     0  __rtentry2.o(.ARM.Collect$$rtentry$$00000002)
    __rt_entry_sh                            0x080002c7   Thumb Code     0  __rtentry4.o(.ARM.Collect$$rtentry$$00000004)
    __rt_lib_shutdown_stdio_2                0x080002c7   Thumb Code     0  libshutdown2.o(.ARM.Collect$$libshutdown$$00000003)
    __rt_entry_li                            0x080002cd   Thumb Code     0  __rtentry2.o(.ARM.Collect$$rtentry$$0000000A)
    __rt_entry_postsh_1                      0x080002cd   Thumb Code     0  __rtentry2.o(.ARM.Collect$$rtentry$$00000009)
    __rt_entry_main                          0x080002d1   Thumb Code     0  __rtentry2.o(.ARM.Collect$$rtentry$$0000000D)
    __rt_entry_postli_1                      0x080002d1   Thumb Code     0  __rtentry2.o(.ARM.Collect$$rtentry$$0000000C)
    $Super$$main                             0x080002d9   Thumb Code   114  main.o(.text)
    _maybe_terminate_alloc                   0x080002d9   Thumb Code     0  maybetermalloc1.o(.emb_text)
    Reset_Handler                            0x08000401   Thumb Code     8  startup_stm32f302x8.o(.text)
    NMI_Handler                              0x08000409   Thumb Code     2  startup_stm32f302x8.o(.text)
    HardFault_Handler                        0x0800040b   Thumb Code     2  startup_stm32f302x8.o(.text)
    MemManage_Handler                        0x0800040d   Thumb Code     2  startup_stm32f302x8.o(.text)
    BusFault_Handler                         0x0800040f   Thumb Code     2  startup_stm32f302x8.o(.text)
    UsageFault_Handler                       0x08000411   Thumb Code     2  startup_stm32f302x8.o(.text)
    SVC_Handler                              0x08000413   Thumb Code     2  startup_stm32f302x8.o(.text)
    DebugMon_Handler                         0x08000415   Thumb Code     2  startup_stm32f302x8.o(.text)
    PendSV_Handler                           0x08000417   Thumb Code     2  startup_stm32f302x8.o(.text)
    SysTick_Handler                          0x08000419   Thumb Code     2  startup_stm32f302x8.o(.text)
    ADC1_IRQHandler                          0x0800041b   Thumb Code     0  startup_stm32f302x8.o(.text)
    CAN_RX1_IRQHandler                       0x0800041b   Thumb Code     0  startup_stm32f302x8.o(.text)
    CAN_SCE_IRQHandler                       0x0800041b   Thumb Code     0  startup_stm32f302x8.o(.text)
    COMP2_IRQHandler                         0x0800041b   Thumb Code     0  startup_stm32f302x8.o(.text)
    COMP4_6_IRQHandler                       0x0800041b   Thumb Code     0  startup_stm32f302x8.o(.text)
    DMA1_Channel1_IRQHandler                 0x0800041b   Thumb Code     0  startup_stm32f302x8.o(.text)
    DMA1_Channel2_IRQHandler                 0x0800041b   Thumb Code     0  startup_stm32f302x8.o(.text)
    DMA1_Channel3_IRQHandler                 0x0800041b   Thumb Code     0  startup_stm32f302x8.o(.text)
    DMA1_Channel4_IRQHandler                 0x0800041b   Thumb Code     0  startup_stm32f302x8.o(.text)
    DMA1_Channel5_IRQHandler                 0x0800041b   Thumb Code     0  startup_stm32f302x8.o(.text)
    DMA1_Channel6_IRQHandler                 0x0800041b   Thumb Code     0  startup_stm32f302x8.o(.text)
    DMA1_Channel7_IRQHandler                 0x0800041b   Thumb Code     0  startup_stm32f302x8.o(.text)
    EXTI0_IRQHandler                         0x0800041b   Thumb Code     0  startup_stm32f302x8.o(.text)
    EXTI15_10_IRQHandler                     0x0800041b   Thumb Code     0  startup_stm32f302x8.o(.text)
    EXTI1_IRQHandler                         0x0800041b   Thumb Code     0  startup_stm32f302x8.o(.text)
    EXTI2_TSC_IRQHandler                     0x0800041b   Thumb Code     0  startup_stm32f302x8.o(.text)
    EXTI3_IRQHandler                         0x0800041b   Thumb Code     0  startup_stm32f302x8.o(.text)
    EXTI4_IRQHandler                         0x0800041b   Thumb Code     0  startup_stm32f302x8.o(.text)
    EXTI9_5_IRQHandler                       0x0800041b   Thumb Code     0  startup_stm32f302x8.o(.text)
    FLASH_IRQHandler                         0x0800041b   Thumb Code     0  startup_stm32f302x8.o(.text)
    FPU_IRQHandler                           0x0800041b   Thumb Code     0  startup_stm32f302x8.o(.text)
    I2C1_ER_IRQHandler                       0x0800041b   Thumb Code     0  startup_stm32f302x8.o(.text)
    I2C1_EV_IRQHandler                       0x0800041b   Thumb Code     0  startup_stm32f302x8.o(.text)
    I2C2_ER_IRQHandler                       0x0800041b   Thumb Code     0  startup_stm32f302x8.o(.text)
    I2C2_EV_IRQHandler                       0x0800041b   Thumb Code     0  startup_stm32f302x8.o(.text)
    I2C3_ER_IRQHandler                       0x0800041b   Thumb Code     0  startup_stm32f302x8.o(.text)
    I2C3_EV_IRQHandler                       0x0800041b   Thumb Code     0  startup_stm32f302x8.o(.text)
    PVD_IRQHandler                           0x0800041b   Thumb Code     0  startup_stm32f302x8.o(.text)
    RCC_IRQHandler                           0x0800041b   Thumb Code     0  startup_stm32f302x8.o(.text)
    RTC_Alarm_IRQHandler                     0x0800041b   Thumb Code     0  startup_stm32f302x8.o(.text)
    RTC_WKUP_IRQHandler                      0x0800041b   Thumb Code     0  startup_stm32f302x8.o(.text)
    SPI2_IRQHandler                          0x0800041b   Thumb Code     0  startup_stm32f302x8.o(.text)
    SPI3_IRQHandler                          0x0800041b   Thumb Code     0  startup_stm32f302x8.o(.text)
    TAMP_STAMP_IRQHandler                    0x0800041b   Thumb Code     0  startup_stm32f302x8.o(.text)
    TIM1_BRK_TIM15_IRQHandler                0x0800041b   Thumb Code     0  startup_stm32f302x8.o(.text)
    TIM1_CC_IRQHandler                       0x0800041b   Thumb Code     0  startup_stm32f302x8.o(.text)
    TIM1_TRG_COM_TIM17_IRQHandler            0x0800041b   Thumb Code     0  startup_stm32f302x8.o(.text)
    TIM1_UP_TIM16_IRQHandler                 0x0800041b   Thumb Code     0  startup_stm32f302x8.o(.text)
    TIM2_IRQHandler                          0x0800041b   Thumb Code     0  startup_stm32f302x8.o(.text)
    TIM6_DAC_IRQHandler                      0x0800041b   Thumb Code     0  startup_stm32f302x8.o(.text)
    USART1_IRQHandler                        0x0800041b   Thumb Code     0  startup_stm32f302x8.o(.text)
    USART2_IRQHandler                        0x0800041b   Thumb Code     0  startup_stm32f302x8.o(.text)
    USART3_IRQHandler                        0x0800041b   Thumb Code     0  startup_stm32f302x8.o(.text)
    USBWakeUp_IRQHandler                     0x0800041b   Thumb Code     0  startup_stm32f302x8.o(.text)
    USBWakeUp_RMP_IRQHandler                 0x0800041b   Thumb Code     0  startup_stm32f302x8.o(.text)
    USB_HP_CAN_TX_IRQHandler                 0x0800041b   Thumb Code     0  startup_stm32f302x8.o(.text)
    USB_HP_IRQHandler                        0x0800041b   Thumb Code     0  startup_stm32f302x8.o(.text)
    USB_LP_CAN_RX0_IRQHandler                0x0800041b   Thumb Code     0  startup_stm32f302x8.o(.text)
    USB_LP_IRQHandler                        0x0800041b   Thumb Code     0  startup_stm32f302x8.o(.text)
    WWDG_IRQHandler                          0x0800041b   Thumb Code     0  startup_stm32f302x8.o(.text)
    vfprintf                                 0x08000425   Thumb Code    10  vfprintf.o(.text)
    __c89vfprintf                            0x0800042f   Thumb Code    10  c89vfprintf.o(.text)
    __2sprintf                               0x08000439   Thumb Code    38  __2sprintf.o(.text)
    _printf_longlong_hex                     0x08000465   Thumb Code    86  _printf_hex_int_ll_ptr.o(.text)
    _printf_int_hex                          0x080004bb   Thumb Code    28  _printf_hex_int_ll_ptr.o(.text)
    _printf_ll_hex                           0x080004d7   Thumb Code    12  _printf_hex_int_ll_ptr.o(.text)
    _printf_hex_ptr                          0x080004e3   Thumb Code    18  _printf_hex_int_ll_ptr.o(.text)
    __printf                                 0x080004f9   Thumb Code   388  __printf_flags_ss_wp.o(.text)
    __0sscanf                                0x08000681   Thumb Code    52  __0sscanf.o(.text)
    _scanf_int                               0x080006bd   Thumb Code   332  _scanf_int.o(.text)
    _do_fflush                               0x08000809   Thumb Code    54  fflush.o(.text)
    fflush                                   0x0800083f   Thumb Code    42  fflush.o(.text)
    freopen                                  0x0800086d   Thumb Code   158  fopen.o(.text)
    fopen                                    0x0800090b   Thumb Code    74  fopen.o(.text)
    setbuf                                   0x08000959   Thumb Code    20  setbuf.o(.text)
    _fclose_internal                         0x0800096d   Thumb Code    76  fclose.o(.text)
    fclose                                   0x0800096d   Thumb Code     0  fclose.o(.text)
    strlen                                   0x080009b9   Thumb Code    62  strlen.o(.text)
    strncmp                                  0x080009f7   Thumb Code   150  strncmp.o(.text)
    __aeabi_memcpy4                          0x08000a8d   Thumb Code     0  rt_memcpy_w.o(.text)
    __aeabi_memcpy8                          0x08000a8d   Thumb Code     0  rt_memcpy_w.o(.text)
    __rt_memcpy_w                            0x08000a8d   Thumb Code   100  rt_memcpy_w.o(.text)
    _memcpy_lastbytes_aligned                0x08000ad5   Thumb Code     0  rt_memcpy_w.o(.text)
    __aeabi_memclr4                          0x08000af1   Thumb Code     0  rt_memclr_w.o(.text)
    __aeabi_memclr8                          0x08000af1   Thumb Code     0  rt_memclr_w.o(.text)
    __rt_memclr_w                            0x08000af1   Thumb Code    78  rt_memclr_w.o(.text)
    _memset_w                                0x08000af5   Thumb Code     0  rt_memclr_w.o(.text)
    strcmp                                   0x08000b41   Thumb Code   128  strcmpv7m.o(.text)
    __cpp_initialize__aeabi_                 0x08000bc1   Thumb Code    26  init_aeabi.o(.text)
    __rt_ddtor_pointer_addr                  0x08000be5   Thumb Code     8  rt_ddtor_pointer_addr.o(.text)
    malloc                                   0x08000bed   Thumb Code    94  h1_alloc.o(.text)
    free                                     0x08000c4b   Thumb Code    78  h1_free.o(.text)
    _printf_pre_padding                      0x08000c99   Thumb Code    44  _printf_pad.o(.text)
    _printf_post_padding                     0x08000cc5   Thumb Code    34  _printf_pad.o(.text)
    _printf_truncate_signed                  0x08000ce7   Thumb Code    18  _printf_truncate.o(.text)
    _printf_truncate_unsigned                0x08000cf9   Thumb Code    18  _printf_truncate.o(.text)
    _printf_str                              0x08000d0b   Thumb Code    82  _printf_str.o(.text)
    _printf_int_common                       0x08000d5d   Thumb Code   178  _printf_intcommon.o(.text)
    _printf_int_dec                          0x08000e11   Thumb Code   104  _printf_dec.o(.text)
    _printf_charcount                        0x08000e89   Thumb Code    40  _printf_charcount.o(.text)
    _printf_char_common                      0x08000ebb   Thumb Code    32  _printf_char_common.o(.text)
    _sputc                                   0x08000ee1   Thumb Code    10  _sputc.o(.text)
    _printf_char_file                        0x08000eed   Thumb Code    32  _printf_char_file.o(.text)
    _printf_wctomb                           0x08000f11   Thumb Code   182  _printf_wctomb.o(.text)
    _printf_longlong_dec                     0x08000fcd   Thumb Code   108  _printf_longlong_dec.o(.text)
    _printf_longlong_oct                     0x08001049   Thumb Code    68  _printf_oct_int_ll.o(.text)
    _printf_int_oct                          0x0800108d   Thumb Code    24  _printf_oct_int_ll.o(.text)
    _printf_ll_oct                           0x080010a5   Thumb Code    12  _printf_oct_int_ll.o(.text)
    _chval                                   0x080010b9   Thumb Code    28  _chval.o(.text)
    __vfscanf_char                           0x080010e1   Thumb Code    24  scanf_char.o(.text)
    _sgetc                                   0x08001101   Thumb Code    30  _sgetc.o(.text)
    _sbackspace                              0x0800111f   Thumb Code    34  _sgetc.o(.text)
    ferror                                   0x08001141   Thumb Code     8  ferror.o(.text)
    __flsbuf                                 0x08001149   Thumb Code   470  flsbuf.o(.text)
    __flsbuf_byte                            0x08001149   Thumb Code     0  flsbuf.o(.text)
    __flsbuf_wide                            0x08001149   Thumb Code     0  flsbuf.o(.text)
    _fseek                                   0x08001321   Thumb Code   242  fseek.o(.text)
    fseek                                    0x08001321   Thumb Code     0  fseek.o(.text)
    setvbuf                                  0x08001419   Thumb Code    70  setvbuf.o(.text)
    _seterr                                  0x08001461   Thumb Code    20  stdio.o(.text)
    _writebuf                                0x08001475   Thumb Code    84  stdio.o(.text)
    _fflush                                  0x080014c9   Thumb Code    70  stdio.o(.text)
    _deferredlazyseek                        0x0800150f   Thumb Code    60  stdio.o(.text)
    _initio                                  0x08001551   Thumb Code   210  initio.o(.text)
    _terminateio                             0x08001623   Thumb Code    56  initio.o(.text)
    __rt_SIGPVFN                             0x08001689   Thumb Code    14  defsig_pvfn_outer.o(.text)
    __rt_heap_descriptor                     0x08001699   Thumb Code     8  rt_heap_descriptor.o(.text)
    __use_no_heap                            0x080016a1   Thumb Code     2  hguard.o(.text)
    __heap$guard                             0x080016a3   Thumb Code     2  hguard.o(.text)
    _terminate_user_alloc                    0x080016a5   Thumb Code     2  init_alloc.o(.text)
    _init_user_alloc                         0x080016a7   Thumb Code     2  init_alloc.o(.text)
    __Heap_Full                              0x080016a9   Thumb Code    34  init_alloc.o(.text)
    __Heap_Broken                            0x080016cb   Thumb Code     6  init_alloc.o(.text)
    _init_alloc                              0x080016d1   Thumb Code    94  init_alloc.o(.text)
    __Heap_Initialize                        0x0800172f   Thumb Code    10  h1_init.o(.text)
    __Heap_DescSize                          0x08001739   Thumb Code     4  h1_init.o(.text)
    _ll_udiv10                               0x0800173d   Thumb Code   138  lludiv10.o(.text)
    isspace                                  0x080017c7   Thumb Code    18  isspace.o(.text)
    __lib_sel_fp_printf                      0x080017d9   Thumb Code     2  _printf_fp_dec.o(.text)
    _printf_fp_dec_real                      0x08001987   Thumb Code   620  _printf_fp_dec.o(.text)
    _printf_fp_hex_real                      0x08001bf5   Thumb Code   754  _printf_fp_hex.o(.text)
    _printf_cs_common                        0x08001ef1   Thumb Code    20  _printf_char.o(.text)
    _printf_char                             0x08001f05   Thumb Code    16  _printf_char.o(.text)
    _printf_string                           0x08001f15   Thumb Code     8  _printf_char.o(.text)
    _printf_lcs_common                       0x08001f1d   Thumb Code    20  _printf_wchar.o(.text)
    _printf_wchar                            0x08001f31   Thumb Code    16  _printf_wchar.o(.text)
    _printf_wstring                          0x08001f41   Thumb Code     8  _printf_wchar.o(.text)
    __vfscanf                                0x08001f49   Thumb Code   878  _scanf.o(.text)
    _ftell_internal                          0x080022bd   Thumb Code    66  ftell.o(.text)
    ftell                                    0x080022bd   Thumb Code     0  ftell.o(.text)
    _wcrtomb                                 0x080022ff   Thumb Code    64  _wcrtomb.o(.text)
    __sig_exit                               0x0800233f   Thumb Code    10  defsig_exit.o(.text)
    __rt_SIGRTRED                            0x08002349   Thumb Code    14  defsig_rtred_outer.o(.text)
    __rt_SIGPVFN_inner                       0x08002359   Thumb Code    14  defsig_pvfn_inner.o(.text)
    _sys_exit                                0x08002389   Thumb Code     8  sys_exit.o(.text)
    __rt_ctype_table                         0x08002395   Thumb Code    16  rt_ctype_table.o(.text)
    __rt_locale                              0x080023a5   Thumb Code     8  rt_locale.o(.text)
    __aeabi_errno_addr                       0x080023ad   Thumb Code     8  rt_errno_addr.o(.text)
    __errno                                  0x080023ad   Thumb Code     0  rt_errno_addr.o(.text)
    __rt_errno_addr                          0x080023ad   Thumb Code     0  rt_errno_addr.o(.text)
    __Heap_ProvideMemory                     0x080023b5   Thumb Code    52  h1_extend.o(.text)
    _printf_fp_infnan                        0x080023e9   Thumb Code   112  _printf_fp_infnan.o(.text)
    _btod_etento                             0x08002469   Thumb Code   216  bigflt0.o(.text)
    __default_signal_display                 0x08002545   Thumb Code    50  defsig_general.o(.text)
    __rt_SIGRTRED_inner                      0x08002579   Thumb Code    14  defsig_rtred_inner.o(.text)
    __rt_SIGRTMEM                            0x080025ad   Thumb Code    14  defsig_rtmem_outer.o(.text)
    __rt_heap_escrow                         0x080025bd   Thumb Code    22  heapauxa.o(.text)
    __rt_heap_expand                         0x080025d3   Thumb Code    52  heapauxa.o(.text)
    _ttywrch                                 0x0800260d   Thumb Code    14  sys_wrch.o(.text)
    __I$use$semihosting                      0x0800261b   Thumb Code     0  use_no_semi.o(.text)
    __use_no_semihosting_swi                 0x0800261b   Thumb Code     2  use_no_semi.o(.text)
    __rt_SIGRTMEM_inner                      0x0800261d   Thumb Code    22  defsig_rtmem_inner.o(.text)
    __semihosting_library_function           0x0800261d   Thumb Code     0  indicate_semi.o(.text)
    _btod_d2e                                0x0800266d   Thumb Code    62  btod.o(CL$$btod_d2e)
    _d2e_denorm_low                          0x080026ab   Thumb Code    70  btod.o(CL$$btod_d2e_denorm_low)
    _d2e_norm_op1                            0x080026f1   Thumb Code    96  btod.o(CL$$btod_d2e_norm_op1)
    __btod_div_common                        0x08002751   Thumb Code   696  btod.o(CL$$btod_div_common)
    _e2e                                     0x08002a89   Thumb Code   198  btod.o(CL$$btod_e2e)
    _btod_ediv                               0x08002b4f   Thumb Code    40  btod.o(CL$$btod_ediv)
    _btod_emul                               0x08002b77   Thumb Code    40  btod.o(CL$$btod_emul)
    __btod_mult_common                       0x08002b9f   Thumb Code   580  btod.o(CL$$btod_mult_common)
    main                                     0x08002de3   Thumb Code    18  retarget.o(i.$Sub$$main)
    HAL_GPIO_Init                            0x08002dfd   Thumb Code   498  stm32f3xx_hal_gpio.o(i.HAL_GPIO_Init)
    HAL_GetTick                              0x08003005   Thumb Code     6  stm32f3xx_hal.o(i.HAL_GetTick)
    HAL_IncTick                              0x08003011   Thumb Code    10  stm32f3xx_hal.o(i.HAL_IncTick)
    HAL_Init                                 0x08003021   Thumb Code    32  stm32f3xx_hal.o(i.HAL_Init)
    HAL_InitTick                             0x08003045   Thumb Code   132  hal_tick.o(i.HAL_InitTick)
    HAL_MspInit                              0x080030e1   Thumb Code     2  stm32f3xx_hal.o(i.HAL_MspInit)
    HAL_NVIC_SetPriorityGrouping             0x080030e5   Thumb Code    30  stm32f3xx_hal_cortex.o(i.HAL_NVIC_SetPriorityGrouping)
    HAL_RCC_ClockConfig                      0x08003109   Thumb Code   726  stm32f3xx_hal_rcc.o(i.HAL_RCC_ClockConfig)
    HAL_RCC_GetPCLK1Freq                     0x080033e9   Thumb Code    64  stm32f3xx_hal_rcc.o(i.HAL_RCC_GetPCLK1Freq)
    HAL_RCC_GetPCLK2Freq                     0x08003435   Thumb Code    64  stm32f3xx_hal_rcc.o(i.HAL_RCC_GetPCLK2Freq)
    HAL_RCC_GetSysClockFreq                  0x08003481   Thumb Code    98  stm32f3xx_hal_rcc_ex.o(i.HAL_RCC_GetSysClockFreq)
    HAL_RCC_OscConfig                        0x080034f9   Thumb Code  2076  stm32f3xx_hal_rcc_ex.o(i.HAL_RCC_OscConfig)
    HAL_TIM_OC_Init                          0x08003d19   Thumb Code    50  stm32f3xx_hal_tim.o(i.HAL_TIM_OC_Init)
    HAL_TIM_OC_MspInit                       0x08003d4b   Thumb Code     2  stm32f3xx_hal_tim.o(i.HAL_TIM_OC_MspInit)
    HAL_TIM_OC_Start                         0x08003d4d   Thumb Code    84  stm32f3xx_hal_tim.o(i.HAL_TIM_OC_Start)
    HAL_UART_Init                            0x08003da1   Thumb Code   106  stm32f3xx_hal_uart.o(i.HAL_UART_Init)
    HAL_UART_MspInit                         0x08003e0b   Thumb Code     2  stm32f3xx_hal_uart.o(i.HAL_UART_MspInit)
    NVIC_SetVector                           0x08003e0d   Thumb Code    48  cmsis_nvic.o(i.NVIC_SetVector)
    SetSysClock                              0x08003e41   Thumb Code   188  system_stm32f3xx.o(i.SetSysClock)
    Set_GPIO_Clock                           0x08003efd   Thumb Code    86  pinmap.o(i.Set_GPIO_Clock)
    SystemCoreClockUpdate                    0x08003f8d   Thumb Code    96  system_stm32f3xx.o(i.SystemCoreClockUpdate)
    SystemInit                               0x08004001   Thumb Code   116  system_stm32f3xx.o(i.SystemInit)
    TIM_Base_SetConfig                       0x08004091   Thumb Code   102  stm32f3xx_hal_tim.o(i.TIM_Base_SetConfig)
    UART_AdvFeatureConfig                    0x08004109   Thumb Code   218  stm32f3xx_hal_uart.o(i.UART_AdvFeatureConfig)
    UART_CheckIdleState                      0x080041e3   Thumb Code    84  stm32f3xx_hal_uart.o(i.UART_CheckIdleState)
    UART_SetConfig                           0x08004239   Thumb Code   422  stm32f3xx_hal_uart.o(i.UART_SetConfig)
    UART_WaitOnFlagUntilTimeout              0x080043f1   Thumb Code   168  stm32f3xx_hal_uart.o(i.UART_WaitOnFlagUntilTimeout)
    mbed::DigitalOut::operator =(int)        0x08004499   Thumb Code    64  main.o(i._ZN4mbed10DigitalOutaSEi)
    mbed::FileHandle::flen()                 0x080044f5   Thumb Code    60  retarget.o(i._ZN4mbed10FileHandle4flenEv)
    mbed::FileHandle::~FileHandle()          0x08004531   Thumb Code     0  retarget.o(i._ZN4mbed10FileHandleD2Ev)
    mbed::FileHandle::~FileHandle__sub_object() 0x08004531   Thumb Code    38  retarget.o(i._ZN4mbed10FileHandleD2Ev)
    mbed::SerialBase::_base_putc(int)        0x08004561   Thumb Code    14  SerialBase.o(i._ZN4mbed10SerialBase10_base_putcEi)
    mbed::SerialBase::_irq_handler(unsigned, SerialIrq) 0x0800456f   Thumb Code    42  SerialBase.o(i._ZN4mbed10SerialBase12_irq_handlerEj9SerialIrq)
    mbed::SerialBase::SerialBase(PinName, PinName) 0x08004599   Thumb Code    86  SerialBase.o(i._ZN4mbed10SerialBaseC1E7PinNameS1_)
    mbed::SerialBase::SerialBase__sub_object(PinName, PinName) 0x08004599   Thumb Code     0  SerialBase.o(i._ZN4mbed10SerialBaseC1E7PinNameS1_)
    mbed::mbed_set_unbuffered_stream(std::__FILE*) 0x080045fd   Thumb Code     6  retarget.o(i._ZN4mbed26mbed_set_unbuffered_streamEPSt6__FILE)
    mbed::Serial::Serial(PinName, PinName, const char*) 0x08004605   Thumb Code    32  Serial.o(i._ZN4mbed6SerialC1E7PinNameS1_PKc)
    mbed::Serial::Serial__sub_object(PinName, PinName, const char*) 0x08004605   Thumb Code     0  Serial.o(i._ZN4mbed6SerialC1E7PinNameS1_PKc)
    mbed::Serial::~Serial()                  0x08004629   Thumb Code    12  Serial.o(i._ZN4mbed6SerialD1Ev)
    mbed::Serial::~Serial__sub_object()      0x08004629   Thumb Code     0  Serial.o(i._ZN4mbed6SerialD1Ev)
    mbed::Stream::flen()                     0x08004635   Thumb Code     4  Stream.o(i._ZN4mbed6Stream4flenEv)
    mbed::Stream::close()                    0x08004639   Thumb Code     4  Stream.o(i._ZN4mbed6Stream5closeEv)
    mbed::Stream::lseek(long, int)           0x0800463d   Thumb Code     4  Stream.o(i._ZN4mbed6Stream5lseekEli)
    mbed::Stream::write(const void*, unsigned) 0x08004641   Thumb Code    44  Stream.o(i._ZN4mbed6Stream5writeEPKvj)
    mbed::Stream::isatty()                   0x0800466d   Thumb Code     4  Stream.o(i._ZN4mbed6Stream6isattyEv)
    mbed::Stream::printf(const char*, ...)   0x08004671   Thumb Code    30  Stream.o(i._ZN4mbed6Stream6printfEPKcz)
    mbed::Stream::Stream__sub_object(const char*) 0x08004691   Thumb Code    52  Stream.o(i._ZN4mbed6StreamC2EPKc)
    mbed::Stream::~Stream()                  0x080046d1   Thumb Code     0  Stream.o(i._ZN4mbed6StreamD2Ev)
    mbed::Stream::~Stream__sub_object()      0x080046d1   Thumb Code    28  Stream.o(i._ZN4mbed6StreamD2Ev)
    mbed::FileBase::getPathType()            0x080046f1   Thumb Code     4  FileBase.o(i._ZN4mbed8FileBase11getPathTypeEv)
    mbed::FileBase::lookup(const char*, unsigned) 0x080046f5   Thumb Code    50  FileBase.o(i._ZN4mbed8FileBase6lookupEPKcj)
    mbed::FileBase::FileBase(const char*, mbed::PathType) 0x0800472d   Thumb Code    28  FileBase.o(i._ZN4mbed8FileBaseC1EPKcNS_8PathTypeE)
    mbed::FileBase::FileBase__sub_object(const char*, mbed::PathType) 0x0800472d   Thumb Code     0  FileBase.o(i._ZN4mbed8FileBaseC1EPKcNS_8PathTypeE)
    mbed::FileBase::~FileBase()              0x08004751   Thumb Code    46  FileBase.o(i._ZN4mbed8FileBaseD1Ev)
    mbed::FileBase::~FileBase__sub_object()  0x08004751   Thumb Code     0  FileBase.o(i._ZN4mbed8FileBaseD1Ev)
    mbed::FileLike::FileLike__sub_object(const char*) 0x08004789   Thumb Code    26  FileLike.o(i._ZN4mbed8FileLikeC2EPKc)
    mbed::FileLike::~FileLike()              0x080047ad   Thumb Code     0  FileLike.o(i._ZN4mbed8FileLikeD2Ev)
    mbed::FileLike::~FileLike__sub_object()  0x080047ad   Thumb Code    18  FileLike.o(i._ZN4mbed8FileLikeD2Ev)
    mbed::FilePath::fileSystem()             0x080047bf   Thumb Code    24  FilePath.o(i._ZN4mbed8FilePath10fileSystemEv)
    mbed::FilePath::file()                   0x080047d7   Thumb Code    28  FilePath.o(i._ZN4mbed8FilePath4fileEv)
    mbed::FilePath::exists()                 0x080047f3   Thumb Code    10  FilePath.o(i._ZN4mbed8FilePath6existsEv)
    mbed::FilePath::isFile()                 0x080047fd   Thumb Code    24  FilePath.o(i._ZN4mbed8FilePath6isFileEv)
    mbed::FilePath::fileName()               0x08004815   Thumb Code     4  FilePath.o(i._ZN4mbed8FilePath8fileNameEv)
    mbed::FilePath::FilePath(const char*)    0x08004819   Thumb Code    64  FilePath.o(i._ZN4mbed8FilePathC1EPKc)
    mbed::FilePath::FilePath__sub_object(const char*) 0x08004819   Thumb Code     0  FilePath.o(i._ZN4mbed8FilePathC1EPKc)
    thunk{-84} to mbed::Serial::_putc(int)   0x08004859   Thumb Code     6  Serial.o(i._ZThn84_N4mbed6Serial5_putcEi)
    __ARM_fpclassify                         0x0800485f   Thumb Code    48  fpclassify.o(i.__ARM_fpclassify)
    __aeabi_atexit                           0x0800488f   Thumb Code    50  aeabi_atexit.o(i.__aeabi_atexit)
    __aeabi_vec_ctor_nocookie_nodtor         0x080048c1   Thumb Code    36  aeabi_vec_ctor_nocookie_nodtor.o(i.__aeabi_vec_ctor_nocookie_nodtor)
    __cxa_finalize                           0x080048e5   Thumb Code    66  cxa_finalize.o(i.__cxa_finalize)
    __cxa_pure_virtual                       0x08004927   Thumb Code     6  pure_virt.o(i.__cxa_pure_virtual)
    __user_setup_stackheap                   0x0800492d   Thumb Code    10  sys.o(i.__user_setup_stackheap)
    _is_digit                                0x0800493d   Thumb Code    14  __printf_wp.o(i._is_digit)
    _sys_close                               0x0800494d   Thumb Code    40  retarget.o(i._sys_close)
    _sys_flen                                0x08004979   Thumb Code    34  retarget.o(i._sys_flen)
    _sys_istty                               0x080049a1   Thumb Code    34  retarget.o(i._sys_istty)
    _sys_open                                0x080049c9   Thumb Code   280  retarget.o(i._sys_open)
    _sys_seek                                0x08004afd   Thumb Code    36  retarget.o(i._sys_seek)
    _sys_write                               0x08004b25   Thumb Code    82  retarget.o(i._sys_write)
    error                                    0x08004b85   Thumb Code    20  error.o(i.error)
    exit                                     0x08004b9d   Thumb Code    24  retarget.o(i.exit)
    fputc                                    0x08004bbd   Thumb Code    26  fputc.o(i.fputc)
    gpio_dir                                 0x08004bd9   Thumb Code    54  gpio_api.o(i.gpio_dir)
    gpio_init                                0x08004c2d   Thumb Code    62  gpio_api.o(i.gpio_init)
    gpio_init_in                             0x08004c6b   Thumb Code    40  gpio.o(i.gpio_init_in)
    gpio_init_out                            0x08004c95   Thumb Code    66  gpio.o(i.gpio_init_out)
    gpio_init_out_ex                         0x08004ce1   Thumb Code    78  gpio.o(i.gpio_init_out_ex)
    gpio_mode                                0x08004d4d   Thumb Code     8  gpio_api.o(i.gpio_mode)
    mbed_assert_internal                     0x08004d55   Thumb Code    12  assert.o(i.mbed_assert_internal)
    mbed_die                                 0x08004d95   Thumb Code    16  board.o(i.mbed_die)
    mbed_main                                0x08004da5   Thumb Code     2  retarget.o(i.mbed_main)
    mbed_sdk_init                            0x08004da7   Thumb Code    14  mbed_overrides.o(i.mbed_sdk_init)
    pin_function                             0x08004db5   Thumb Code    80  pinmap.o(i.pin_function)
    pin_mode                                 0x08004e21   Thumb Code    64  pinmap.o(i.pin_mode)
    pinmap_merge                             0x08004e79   Thumb Code    38  pinmap_common.o(i.pinmap_merge)
    pinmap_peripheral                        0x08004eb5   Thumb Code    62  pinmap_common.o(i.pinmap_peripheral)
    pinmap_pinout                            0x08004f15   Thumb Code    72  pinmap_common.o(i.pinmap_pinout)
    serial_init                              0x08004f71   Thumb Code   286  serial_api.o(i.serial_init)
    serial_irq_handler                       0x080050cd   Thumb Code    14  serial_api.o(i.serial_irq_handler)
    serial_putc                              0x080050e5   Thumb Code    38  serial_api.o(i.serial_putc)
    ticker_irq_handler                       0x08005111   Thumb Code    78  ticker_api.o(i.ticker_irq_handler)
    timer_irq_handler                        0x08005161   Thumb Code    76  hal_tick.o(i.timer_irq_handler)
    us_ticker_clear_interrupt                0x080051b5   Thumb Code    12  us_ticker.o(i.us_ticker_clear_interrupt)
    us_ticker_disable_interrupt              0x080051c5   Thumb Code    14  us_ticker.o(i.us_ticker_disable_interrupt)
    us_ticker_init                           0x080051d9   Thumb Code    26  us_ticker.o(i.us_ticker_init)
    us_ticker_irq_handler                    0x080051fd   Thumb Code     6  us_ticker_api.o(i.us_ticker_irq_handler)
    us_ticker_read                           0x08005209   Thumb Code    30  us_ticker.o(i.us_ticker_read)
    us_ticker_set_interrupt                  0x08005231   Thumb Code    16  us_ticker.o(i.us_ticker_set_interrupt)
    wait                                     0x08005245   Thumb Code    36  wait_api.o(i.wait)
    wait_ms                                  0x0800526d   Thumb Code    28  wait_api.o(i.wait_ms)
    _get_lc_numeric                          0x08005289   Thumb Code    44  lc_numeric_c.o(locale$$code)
    _get_lc_ctype                            0x080052b5   Thumb Code    44  lc_ctype_c.o(locale$$code)
    _fp_init                                 0x080052e1   Thumb Code    10  fpinit.o(x$fpl$fpinit)
    __fplib_config_fpu_vfp                   0x080052e9   Thumb Code     0  fpinit.o(x$fpl$fpinit)
    __fplib_config_pureend_doubles           0x080052e9   Thumb Code     0  fpinit.o(x$fpl$fpinit)
    _printf_fp_dec                           0x080052eb   Thumb Code     4  printf1.o(x$fpl$printf1)
    _printf_fp_hex                           0x080052ef   Thumb Code     4  printf2.o(x$fpl$printf2)
    __I$use$fp                               0x080052f2   Number         0  usenofp.o(x$fpl$usenofp)
    __stdin_name                             0x080052f2   Data           7  retarget.o(.constdata)
    __stdout_name                            0x080052f9   Data           8  retarget.o(.constdata)
    __stderr_name                            0x08005301   Data           8  retarget.o(.constdata)
    APBAHBPrescTable                         0x08005309   Data          16  stm32f3xx_hal_rcc.o(.constdata)
    PLLMULFactorTable                        0x08005319   Data          16  stm32f3xx_hal_rcc_ex.o(.constdata)
    PredivFactorTable                        0x08005329   Data          16  stm32f3xx_hal_rcc_ex.o(.constdata)
    AHBPrescTable                            0x08005339   Data          16  system_stm32f3xx.o(.constdata)
    PinMap_UART_TX                           0x08005368   Data         120  PeripheralPins.o(.constdata)
    PinMap_UART_RX                           0x080053e0   Data         120  PeripheralPins.o(.constdata)
    vtable for mbed::FileHandle              0x0800558c   Data          44  retarget.o(.constdata__ZTVN4mbed10FileHandleE)
    vtable for mbed::SerialBase              0x080055b8   Data          16  SerialBase.o(.constdata__ZTVN4mbed10SerialBaseE)
    vtable for mbed::Serial                  0x080055c8   Data          92  Serial.o(.constdata__ZTVN4mbed6SerialE)
    vtable for mbed::Stream                  0x08005624   Data          68  Stream.o(.constdata__ZTVN4mbed6StreamE)
    vtable for mbed::FileBase                0x08005668   Data          16  FileBase.o(.constdata__ZTVN4mbed8FileBaseE)
    vtable for mbed::FileLike                0x08005678   Data          60  FileLike.o(.constdata__ZTVN4mbed8FileLikeE)
    Region$$Table$$Base                      0x0800589c   Number         0  anon$$obj.o(Region$$Table)
    Region$$Table$$Limit                     0x080058bc   Number         0  anon$$obj.o(Region$$Table)
    __ctype                                  0x080058e5   Data           0  lc_ctype_c.o(locale$$data)
    SHT$$INIT_ARRAY$$Base                    0x080059e8   Number         0  main.o(.init_array)
    SHT$$INIT_ARRAY$$Limit                   0x080059ec   Number         0  init_aeabi.o(.init_array)
    PreviousVal                              0x20000188   Data           4  hal_tick.o(.data)
    SystemCoreClock                          0x20000190   Data           4  system_stm32f3xx.o(.data)
    stdio_uart_inited                        0x20000194   Data           4  serial_api.o(.data)
    mbed::FileBase::_head                    0x200001a8   Data           4  FileBase.o(.data)
    __aeabi_stdin                            0x200001ac   Data           4  stdio_streams.o(.data)
    __aeabi_stdout                           0x200001b0   Data           4  stdio_streams.o(.data)
    __aeabi_stderr                           0x200001b4   Data           4  stdio_streams.o(.data)
    TimMasterHandle                          0x200001bc   Data          60  hal_tick.o(.bss)
    pc                                       0x200001f8   Data         108  main.o(.bss)
    LaserSensor                              0x20000264   Data          20  main.o(.bss)
    myled                                    0x20000278   Data          20  main.o(.bss)
    UartHandle                               0x200002e0   Data         108  serial_api.o(.bss)
    stdio_uart                               0x2000034c   Data          28  serial_api.o(.bss)
    __stdin                                  0x200003a4   Data          84  stdio_streams.o(.bss)
    __stdout                                 0x200003f8   Data          84  stdio_streams.o(.bss)
    __stderr                                 0x2000044c   Data          84  stdio_streams.o(.bss)
    Image$$RW_IRAM1$$ZI$$Limit               0x200004c0   Number         0  anon$$obj.o ABSOLUTE



==============================================================================

Memory Map of the image

  Image Entry point : 0x08000189

  Load Region LR_IROM1 (Base: 0x08000000, Size: 0x00005a20, Max: 0x00010000, ABSOLUTE)

    Execution Region ER_IROM1 (Base: 0x08000000, Size: 0x000059ec, Max: 0x00010000, ABSOLUTE)

    Base Addr    Size         Type   Attr      Idx    E Section Name        Object

    0x08000000   0x00000188   Data   RO          637    RESET               startup_stm32f302x8.o
    0x08000188   0x00000008   Code   RO         3116  * !!!main             c_w.l(__main.o)
    0x08000190   0x00000034   Code   RO         3912    !!!scatter          c_w.l(__scatter.o)
    0x080001c4   0x0000001a   Code   RO         3914    !!handler_copy      c_w.l(__scatter_copy.o)
    0x080001de   0x00000002   PAD
    0x080001e0   0x0000001c   Code   RO         3916    !!handler_zi        c_w.l(__scatter_zi.o)
    0x080001fc   0x00000000   Code   RO         3058    .ARM.Collect$$_printf_percent$$00000000  c_w.l(_printf_percent.o)
    0x080001fc   0x00000006   Code   RO         3352    .ARM.Collect$$_printf_percent$$00000001  c_w.l(_printf_n.o)
    0x08000202   0x00000006   Code   RO         3057    .ARM.Collect$$_printf_percent$$00000002  c_w.l(_printf_p.o)
    0x08000208   0x00000006   Code   RO         3358    .ARM.Collect$$_printf_percent$$00000003  c_w.l(_printf_f.o)
    0x0800020e   0x00000006   Code   RO         3359    .ARM.Collect$$_printf_percent$$00000004  c_w.l(_printf_e.o)
    0x08000214   0x00000006   Code   RO         3360    .ARM.Collect$$_printf_percent$$00000005  c_w.l(_printf_g.o)
    0x0800021a   0x00000006   Code   RO         3361    .ARM.Collect$$_printf_percent$$00000006  c_w.l(_printf_a.o)
    0x08000220   0x0000000a   Code   RO         3366    .ARM.Collect$$_printf_percent$$00000007  c_w.l(_printf_ll.o)
    0x0800022a   0x00000006   Code   RO         3355    .ARM.Collect$$_printf_percent$$00000008  c_w.l(_printf_i.o)
    0x08000230   0x00000006   Code   RO         3356    .ARM.Collect$$_printf_percent$$00000009  c_w.l(_printf_d.o)
    0x08000236   0x00000006   Code   RO         3357    .ARM.Collect$$_printf_percent$$0000000A  c_w.l(_printf_u.o)
    0x0800023c   0x00000006   Code   RO         3354    .ARM.Collect$$_printf_percent$$0000000B  c_w.l(_printf_o.o)
    0x08000242   0x00000006   Code   RO         3353    .ARM.Collect$$_printf_percent$$0000000C  c_w.l(_printf_x.o)
    0x08000248   0x00000006   Code   RO         3363    .ARM.Collect$$_printf_percent$$0000000D  c_w.l(_printf_lli.o)
    0x0800024e   0x00000006   Code   RO         3364    .ARM.Collect$$_printf_percent$$0000000E  c_w.l(_printf_lld.o)
    0x08000254   0x00000006   Code   RO         3365    .ARM.Collect$$_printf_percent$$0000000F  c_w.l(_printf_llu.o)
    0x0800025a   0x00000006   Code   RO         3370    .ARM.Collect$$_printf_percent$$00000010  c_w.l(_printf_llo.o)
    0x08000260   0x00000006   Code   RO         3371    .ARM.Collect$$_printf_percent$$00000011  c_w.l(_printf_llx.o)
    0x08000266   0x0000000a   Code   RO         3367    .ARM.Collect$$_printf_percent$$00000012  c_w.l(_printf_l.o)
    0x08000270   0x00000006   Code   RO         3350    .ARM.Collect$$_printf_percent$$00000013  c_w.l(_printf_c.o)
    0x08000276   0x00000006   Code   RO         3351    .ARM.Collect$$_printf_percent$$00000014  c_w.l(_printf_s.o)
    0x0800027c   0x00000006   Code   RO         3368    .ARM.Collect$$_printf_percent$$00000015  c_w.l(_printf_lc.o)
    0x08000282   0x00000006   Code   RO         3369    .ARM.Collect$$_printf_percent$$00000016  c_w.l(_printf_ls.o)
    0x08000288   0x00000004   Code   RO         3362    .ARM.Collect$$_printf_percent$$00000017  c_w.l(_printf_percent_end.o)
    0x0800028c   0x00000002   Code   RO         3759    .ARM.Collect$$libinit$$00000000  c_w.l(libinit.o)
    0x0800028e   0x00000004   Code   RO         3417    .ARM.Collect$$libinit$$00000001  c_w.l(libinit2.o)
    0x08000292   0x00000000   Code   RO         3420    .ARM.Collect$$libinit$$00000004  c_w.l(libinit2.o)
    0x08000292   0x00000008   Code   RO         3421    .ARM.Collect$$libinit$$00000005  c_w.l(libinit2.o)
    0x0800029a   0x00000000   Code   RO         3423    .ARM.Collect$$libinit$$0000000A  c_w.l(libinit2.o)
    0x0800029a   0x00000000   Code   RO         3425    .ARM.Collect$$libinit$$0000000C  c_w.l(libinit2.o)
    0x0800029a   0x00000000   Code   RO         3427    .ARM.Collect$$libinit$$0000000E  c_w.l(libinit2.o)
    0x0800029a   0x00000006   Code   RO         3428    .ARM.Collect$$libinit$$0000000F  c_w.l(libinit2.o)
    0x080002a0   0x00000000   Code   RO         3430    .ARM.Collect$$libinit$$00000011  c_w.l(libinit2.o)
    0x080002a0   0x0000000c   Code   RO         3431    .ARM.Collect$$libinit$$00000012  c_w.l(libinit2.o)
    0x080002ac   0x00000000   Code   RO         3432    .ARM.Collect$$libinit$$00000013  c_w.l(libinit2.o)
    0x080002ac   0x00000000   Code   RO         3434    .ARM.Collect$$libinit$$00000015  c_w.l(libinit2.o)
    0x080002ac   0x0000000a   Code   RO         3435    .ARM.Collect$$libinit$$00000016  c_w.l(libinit2.o)
    0x080002b6   0x00000000   Code   RO         3436    .ARM.Collect$$libinit$$00000017  c_w.l(libinit2.o)
    0x080002b6   0x00000000   Code   RO         3438    .ARM.Collect$$libinit$$00000019  c_w.l(libinit2.o)
    0x080002b6   0x00000000   Code   RO         3440    .ARM.Collect$$libinit$$0000001B  c_w.l(libinit2.o)
    0x080002b6   0x00000000   Code   RO         3442    .ARM.Collect$$libinit$$0000001D  c_w.l(libinit2.o)
    0x080002b6   0x00000000   Code   RO         3444    .ARM.Collect$$libinit$$0000001F  c_w.l(libinit2.o)
    0x080002b6   0x00000000   Code   RO         3446    .ARM.Collect$$libinit$$00000021  c_w.l(libinit2.o)
    0x080002b6   0x00000000   Code   RO         3448    .ARM.Collect$$libinit$$00000023  c_w.l(libinit2.o)
    0x080002b6   0x00000004   Code   RO         3449    .ARM.Collect$$libinit$$00000024  c_w.l(libinit2.o)
    0x080002ba   0x00000000   Code   RO         3450    .ARM.Collect$$libinit$$00000025  c_w.l(libinit2.o)
    0x080002ba   0x00000000   Code   RO         3454    .ARM.Collect$$libinit$$0000002C  c_w.l(libinit2.o)
    0x080002ba   0x00000000   Code   RO         3456    .ARM.Collect$$libinit$$0000002E  c_w.l(libinit2.o)
    0x080002ba   0x00000000   Code   RO         3458    .ARM.Collect$$libinit$$00000030  c_w.l(libinit2.o)
    0x080002ba   0x00000004   Code   RO         3459    .ARM.Collect$$libinit$$00000031  c_w.l(libinit2.o)
    0x080002be   0x00000000   Code   RO         3460    .ARM.Collect$$libinit$$00000032  c_w.l(libinit2.o)
    0x080002be   0x00000002   Code   RO         3461    .ARM.Collect$$libinit$$00000033  c_w.l(libinit2.o)
    0x080002c0   0x00000006   Code   RO         3462    .ARM.Collect$$libshutdown$$00000001  c_w.l(libshutdown2.o)
    0x080002c6   0x00000000   Code   RO         3464    .ARM.Collect$$libshutdown$$00000003  c_w.l(libshutdown2.o)
    0x080002c6   0x00000000   Code   RO         3248    .ARM.Collect$$rtentry$$00000000  c_w.l(__rtentry.o)
    0x080002c6   0x00000000   Code   RO         3532    .ARM.Collect$$rtentry$$00000002  c_w.l(__rtentry2.o)
    0x080002c6   0x00000006   Code   RO         3544    .ARM.Collect$$rtentry$$00000004  c_w.l(__rtentry4.o)
    0x080002cc   0x00000000   Code   RO         3534    .ARM.Collect$$rtentry$$00000009  c_w.l(__rtentry2.o)
    0x080002cc   0x00000004   Code   RO         3535    .ARM.Collect$$rtentry$$0000000A  c_w.l(__rtentry2.o)
    0x080002d0   0x00000000   Code   RO         3537    .ARM.Collect$$rtentry$$0000000C  c_w.l(__rtentry2.o)
    0x080002d0   0x00000008   Code   RO         3538    .ARM.Collect$$rtentry$$0000000D  c_w.l(__rtentry2.o)
    0x080002d8   0x00000000   Code   RO         3693    .emb_text           c_w.l(maybetermalloc1.o)
    0x080002d8   0x00000128   Code   RO           34    .text               main.o
    0x08000400   0x00000024   Code   RO          638    .text               startup_stm32f302x8.o
    0x08000424   0x0000000a   Code   RO         3006    .text               c_w.l(vfprintf.o)
    0x0800042e   0x0000000a   Code   RO         3008    .text               c_w.l(c89vfprintf.o)
    0x08000438   0x0000002c   Code   RO         3010    .text               c_w.l(__2sprintf.o)
    0x08000464   0x00000094   Code   RO         3034    .text               c_w.l(_printf_hex_int_ll_ptr.o)
    0x080004f8   0x00000188   Code   RO         3054    .text               c_w.l(__printf_flags_ss_wp.o)
    0x08000680   0x0000003c   Code   RO         3061    .text               c_w.l(__0sscanf.o)
    0x080006bc   0x0000014c   Code   RO         3063    .text               c_w.l(_scanf_int.o)
    0x08000808   0x00000064   Code   RO         3065    .text               c_w.l(fflush.o)
    0x0800086c   0x000000ec   Code   RO         3079    .text               c_w.l(fopen.o)
    0x08000958   0x00000014   Code   RO         3081    .text               c_w.l(setbuf.o)
    0x0800096c   0x0000004c   Code   RO         3089    .text               c_w.l(fclose.o)
    0x080009b8   0x0000003e   Code   RO         3104    .text               c_w.l(strlen.o)
    0x080009f6   0x00000096   Code   RO         3106    .text               c_w.l(strncmp.o)
    0x08000a8c   0x00000064   Code   RO         3108    .text               c_w.l(rt_memcpy_w.o)
    0x08000af0   0x0000004e   Code   RO         3110    .text               c_w.l(rt_memclr_w.o)
    0x08000b3e   0x00000002   PAD
    0x08000b40   0x00000080   Code   RO         3114    .text               c_w.l(strcmpv7m.o)
    0x08000bc0   0x00000024   Code   RO         3121    .text               c_w.l(init_aeabi.o)
    0x08000be4   0x00000008   Code   RO         3254    .text               c_w.l(rt_ddtor_pointer_addr.o)
    0x08000bec   0x0000005e   Code   RO         3263    .text               c_w.l(h1_alloc.o)
    0x08000c4a   0x0000004e   Code   RO         3265    .text               c_w.l(h1_free.o)
    0x08000c98   0x0000004e   Code   RO         3321    .text               c_w.l(_printf_pad.o)
    0x08000ce6   0x00000024   Code   RO         3323    .text               c_w.l(_printf_truncate.o)
    0x08000d0a   0x00000052   Code   RO         3325    .text               c_w.l(_printf_str.o)
    0x08000d5c   0x000000b2   Code   RO         3327    .text               c_w.l(_printf_intcommon.o)
    0x08000e0e   0x00000002   PAD
    0x08000e10   0x00000078   Code   RO         3329    .text               c_w.l(_printf_dec.o)
    0x08000e88   0x00000028   Code   RO         3331    .text               c_w.l(_printf_charcount.o)
    0x08000eb0   0x00000030   Code   RO         3333    .text               c_w.l(_printf_char_common.o)
    0x08000ee0   0x0000000a   Code   RO         3335    .text               c_w.l(_sputc.o)
    0x08000eea   0x00000002   PAD
    0x08000eec   0x00000024   Code   RO         3337    .text               c_w.l(_printf_char_file.o)
    0x08000f10   0x000000bc   Code   RO         3339    .text               c_w.l(_printf_wctomb.o)
    0x08000fcc   0x0000007c   Code   RO         3342    .text               c_w.l(_printf_longlong_dec.o)
    0x08001048   0x00000070   Code   RO         3348    .text               c_w.l(_printf_oct_int_ll.o)
    0x080010b8   0x0000001c   Code   RO         3372    .text               c_w.l(_chval.o)
    0x080010d4   0x0000002c   Code   RO         3378    .text               c_w.l(scanf_char.o)
    0x08001100   0x00000040   Code   RO         3380    .text               c_w.l(_sgetc.o)
    0x08001140   0x00000008   Code   RO         3390    .text               c_w.l(ferror.o)
    0x08001148   0x000001d6   Code   RO         3394    .text               c_w.l(flsbuf.o)
    0x0800131e   0x00000002   PAD
    0x08001320   0x000000f8   Code   RO         3396    .text               c_w.l(fseek.o)
    0x08001418   0x00000046   Code   RO         3398    .text               c_w.l(setvbuf.o)
    0x0800145e   0x00000002   PAD
    0x08001460   0x000000f0   Code   RO         3400    .text               c_w.l(stdio.o)
    0x08001550   0x00000138   Code   RO         3403    .text               c_w.l(initio.o)
    0x08001688   0x0000000e   Code   RO         3411    .text               c_w.l(defsig_pvfn_outer.o)
    0x08001696   0x00000002   PAD
    0x08001698   0x00000008   Code   RO         3548    .text               c_w.l(rt_heap_descriptor.o)
    0x080016a0   0x00000004   Code   RO         3553    .text               c_w.l(hguard.o)
    0x080016a4   0x0000008a   Code   RO         3555    .text               c_w.l(init_alloc.o)
    0x0800172e   0x0000000e   Code   RO         3559    .text               c_w.l(h1_init.o)
    0x0800173c   0x0000008a   Code   RO         3573    .text               c_w.l(lludiv10.o)
    0x080017c6   0x00000012   Code   RO         3575    .text               c_w.l(isspace.o)
    0x080017d8   0x0000041a   Code   RO         3577    .text               c_w.l(_printf_fp_dec.o)
    0x08001bf2   0x00000002   PAD
    0x08001bf4   0x000002fc   Code   RO         3579    .text               c_w.l(_printf_fp_hex.o)
    0x08001ef0   0x0000002c   Code   RO         3584    .text               c_w.l(_printf_char.o)
    0x08001f1c   0x0000002c   Code   RO         3588    .text               c_w.l(_printf_wchar.o)
    0x08001f48   0x00000374   Code   RO         3590    .text               c_w.l(_scanf.o)
    0x080022bc   0x00000042   Code   RO         3600    .text               c_w.l(ftell.o)
    0x080022fe   0x00000040   Code   RO         3626    .text               c_w.l(_wcrtomb.o)
    0x0800233e   0x0000000a   Code   RO         3628    .text               c_w.l(defsig_exit.o)
    0x08002348   0x0000000e   Code   RO         3630    .text               c_w.l(defsig_rtred_outer.o)
    0x08002356   0x00000002   PAD
    0x08002358   0x00000030   Code   RO         3634    .text               c_w.l(defsig_pvfn_inner.o)
    0x08002388   0x0000000c   Code   RO         3672    .text               c_w.l(sys_exit.o)
    0x08002394   0x00000010   Code   RO         3674    .text               c_w.l(rt_ctype_table.o)
    0x080023a4   0x00000008   Code   RO         3676    .text               c_w.l(rt_locale.o)
    0x080023ac   0x00000008   Code   RO         3686    .text               c_w.l(rt_errno_addr.o)
    0x080023b4   0x00000034   Code   RO         3695    .text               c_w.l(h1_extend.o)
    0x080023e8   0x00000080   Code   RO         3699    .text               c_w.l(_printf_fp_infnan.o)
    0x08002468   0x000000dc   Code   RO         3701    .text               c_w.l(bigflt0.o)
    0x08002544   0x00000032   Code   RO         3735    .text               c_w.l(defsig_general.o)
    0x08002576   0x00000002   PAD
    0x08002578   0x00000034   Code   RO         3737    .text               c_w.l(defsig_rtred_inner.o)
    0x080025ac   0x0000000e   Code   RO         3739    .text               c_w.l(defsig_rtmem_outer.o)
    0x080025ba   0x00000002   PAD
    0x080025bc   0x00000050   Code   RO         3745    .text               c_w.l(heapauxa.o)
    0x0800260c   0x0000000e   Code   RO         3794    .text               c_w.l(sys_wrch.o)
    0x0800261a   0x00000002   Code   RO         3796    .text               c_w.l(use_no_semi.o)
    0x0800261c   0x00000000   Code   RO         3798    .text               c_w.l(indicate_semi.o)
    0x0800261c   0x00000050   Code   RO         3816    .text               c_w.l(defsig_rtmem_inner.o)
    0x0800266c   0x0000003e   Code   RO         3704    CL$$btod_d2e        c_w.l(btod.o)
    0x080026aa   0x00000046   Code   RO         3706    CL$$btod_d2e_denorm_low  c_w.l(btod.o)
    0x080026f0   0x00000060   Code   RO         3705    CL$$btod_d2e_norm_op1  c_w.l(btod.o)
    0x08002750   0x00000338   Code   RO         3714    CL$$btod_div_common  c_w.l(btod.o)
    0x08002a88   0x000000c6   Code   RO         3711    CL$$btod_e2e        c_w.l(btod.o)
    0x08002b4e   0x00000028   Code   RO         3708    CL$$btod_ediv       c_w.l(btod.o)
    0x08002b76   0x00000028   Code   RO         3707    CL$$btod_emul       c_w.l(btod.o)
    0x08002b9e   0x00000244   Code   RO         3713    CL$$btod_mult_common  c_w.l(btod.o)
    0x08002de2   0x00000012   Code   RO          520    i.$Sub$$main        retarget.o
    0x08002df4   0x00000008   Code   RO         2914    i.<Func1>           mbed.ar(SerialBase.o)
    0x08002dfc   0x00000208   Code   RO         1111    i.HAL_GPIO_Init     stm32f3xx_hal_gpio.o
    0x08003004   0x0000000c   Code   RO          654    i.HAL_GetTick       stm32f3xx_hal.o
    0x08003010   0x00000010   Code   RO          655    i.HAL_IncTick       stm32f3xx_hal.o
    0x08003020   0x00000024   Code   RO          656    i.HAL_Init          stm32f3xx_hal.o
    0x08003044   0x0000009c   Code   RO           22    i.HAL_InitTick      hal_tick.o
    0x080030e0   0x00000002   Code   RO          659    i.HAL_MspInit       stm32f3xx_hal.o
    0x080030e2   0x00000002   PAD
    0x080030e4   0x00000024   Code   RO          898    i.HAL_NVIC_SetPriorityGrouping  stm32f3xx_hal_cortex.o
    0x08003108   0x000002e0   Code   RO         1551    i.HAL_RCC_ClockConfig  stm32f3xx_hal_rcc.o
    0x080033e8   0x0000004c   Code   RO         1558    i.HAL_RCC_GetPCLK1Freq  stm32f3xx_hal_rcc.o
    0x08003434   0x0000004c   Code   RO         1559    i.HAL_RCC_GetPCLK2Freq  stm32f3xx_hal_rcc.o
    0x08003480   0x00000078   Code   RO         1588    i.HAL_RCC_GetSysClockFreq  stm32f3xx_hal_rcc_ex.o
    0x080034f8   0x00000820   Code   RO         1589    i.HAL_RCC_OscConfig  stm32f3xx_hal_rcc_ex.o
    0x08003d18   0x00000032   Code   RO         1998    i.HAL_TIM_OC_Init   stm32f3xx_hal_tim.o
    0x08003d4a   0x00000002   Code   RO         2000    i.HAL_TIM_OC_MspInit  stm32f3xx_hal_tim.o
    0x08003d4c   0x00000054   Code   RO         2001    i.HAL_TIM_OC_Start  stm32f3xx_hal_tim.o
    0x08003da0   0x0000006a   Code   RO         2291    i.HAL_UART_Init     stm32f3xx_hal_uart.o
    0x08003e0a   0x00000002   Code   RO         2293    i.HAL_UART_MspInit  stm32f3xx_hal_uart.o
    0x08003e0c   0x00000034   Code   RO           13    i.NVIC_SetVector    cmsis_nvic.o
    0x08003e40   0x000000bc   Code   RO         2483    i.SetSysClock       system_stm32f3xx.o
    0x08003efc   0x00000090   Code   RO         2825    i.Set_GPIO_Clock    mbed.ar(pinmap.o)
    0x08003f8c   0x00000074   Code   RO         2486    i.SystemCoreClockUpdate  system_stm32f3xx.o
    0x08004000   0x00000090   Code   RO         2487    i.SystemInit        system_stm32f3xx.o
    0x08004090   0x00000078   Code   RO         2034    i.TIM_Base_SetConfig  stm32f3xx_hal_tim.o
    0x08004108   0x000000da   Code   RO         2305    i.UART_AdvFeatureConfig  stm32f3xx_hal_uart.o
    0x080041e2   0x00000054   Code   RO         2306    i.UART_CheckIdleState  stm32f3xx_hal_uart.o
    0x08004236   0x00000002   PAD
    0x08004238   0x000001b8   Code   RO         2312    i.UART_SetConfig    stm32f3xx_hal_uart.o
    0x080043f0   0x000000a8   Code   RO         2313    i.UART_WaitOnFlagUntilTimeout  stm32f3xx_hal_uart.o
    0x08004498   0x0000005c   Code   RO           59    i._ZN4mbed10DigitalOutaSEi  main.o
    0x080044f4   0x0000003c   Code   RO          631    i._ZN4mbed10FileHandle4flenEv  retarget.o
    0x08004530   0x00000030   Code   RO          522    i._ZN4mbed10FileHandleD2Ev  retarget.o
    0x08004560   0x0000000e   Code   RO         2916    i._ZN4mbed10SerialBase10_base_putcEi  mbed.ar(SerialBase.o)
    0x0800456e   0x0000002a   Code   RO         2918    i._ZN4mbed10SerialBase12_irq_handlerEj9SerialIrq  mbed.ar(SerialBase.o)
    0x08004598   0x00000064   Code   RO         2924    i._ZN4mbed10SerialBaseC1E7PinNameS1_  mbed.ar(SerialBase.o)
    0x080045fc   0x00000006   Code   RO          523    i._ZN4mbed26mbed_set_unbuffered_streamEPSt6__FILE  retarget.o
    0x08004602   0x00000002   PAD
    0x08004604   0x00000024   Code   RO         2633    i._ZN4mbed6SerialC1E7PinNameS1_PKc  mbed.ar(Serial.o)
    0x08004628   0x0000000c   Code   RO         2652    i._ZN4mbed6SerialD1Ev  mbed.ar(Serial.o)
    0x08004634   0x00000004   Code   RO         2677    i._ZN4mbed6Stream4flenEv  mbed.ar(Stream.o)
    0x08004638   0x00000004   Code   RO         2683    i._ZN4mbed6Stream5closeEv  mbed.ar(Stream.o)
    0x0800463c   0x00000004   Code   RO         2685    i._ZN4mbed6Stream5lseekEli  mbed.ar(Stream.o)
    0x08004640   0x0000002c   Code   RO         2687    i._ZN4mbed6Stream5writeEPKvj  mbed.ar(Stream.o)
    0x0800466c   0x00000004   Code   RO         2688    i._ZN4mbed6Stream6isattyEv  mbed.ar(Stream.o)
    0x08004670   0x0000001e   Code   RO         2689    i._ZN4mbed6Stream6printfEPKcz  mbed.ar(Stream.o)
    0x0800468e   0x00000002   PAD
    0x08004690   0x00000040   Code   RO         2692    i._ZN4mbed6StreamC2EPKc  mbed.ar(Stream.o)
    0x080046d0   0x00000020   Code   RO         2694    i._ZN4mbed6StreamD2Ev  mbed.ar(Stream.o)
    0x080046f0   0x00000004   Code   RO         2857    i._ZN4mbed8FileBase11getPathTypeEv  mbed.ar(FileBase.o)
    0x080046f4   0x00000038   Code   RO         2859    i._ZN4mbed8FileBase6lookupEPKcj  mbed.ar(FileBase.o)
    0x0800472c   0x00000024   Code   RO         2861    i._ZN4mbed8FileBaseC1EPKcNS_8PathTypeE  mbed.ar(FileBase.o)
    0x08004750   0x00000038   Code   RO         2863    i._ZN4mbed8FileBaseD1Ev  mbed.ar(FileBase.o)
    0x08004788   0x00000024   Code   RO         2889    i._ZN4mbed8FileLikeC2EPKc  mbed.ar(FileLike.o)
    0x080047ac   0x00000012   Code   RO         2891    i._ZN4mbed8FileLikeD2Ev  mbed.ar(FileLike.o)
    0x080047be   0x00000018   Code   RO         2542    i._ZN4mbed8FilePath10fileSystemEv  mbed.ar(FilePath.o)
    0x080047d6   0x0000001c   Code   RO         2544    i._ZN4mbed8FilePath4fileEv  mbed.ar(FilePath.o)
    0x080047f2   0x0000000a   Code   RO         2545    i._ZN4mbed8FilePath6existsEv  mbed.ar(FilePath.o)
    0x080047fc   0x00000018   Code   RO         2546    i._ZN4mbed8FilePath6isFileEv  mbed.ar(FilePath.o)
    0x08004814   0x00000004   Code   RO         2547    i._ZN4mbed8FilePath8fileNameEv  mbed.ar(FilePath.o)
    0x08004818   0x00000040   Code   RO         2548    i._ZN4mbed8FilePathC1EPKc  mbed.ar(FilePath.o)
    0x08004858   0x00000006   Code   RO         2635    i._ZThn84_N4mbed6Serial5_putcEi  mbed.ar(Serial.o)
    0x0800485e   0x00000030   Code   RO         3784    i.__ARM_fpclassify  m_wm.l(fpclassify.o)
    0x0800488e   0x00000032   Code   RO         3240    i.__aeabi_atexit    cpprt_w.l(aeabi_atexit.o)
    0x080048c0   0x00000024   Code   RO         3243    i.__aeabi_vec_ctor_nocookie_nodtor  cpprt_w.l(aeabi_vec_ctor_nocookie_nodtor.o)
    0x080048e4   0x00000042   Code   RO         3502    i.__cxa_finalize    cpprt_w.l(cxa_finalize.o)
    0x08004926   0x00000006   Code   RO         3131    i.__cxa_pure_virtual  cpprt_w.l(pure_virt.o)
    0x0800492c   0x00000010   Code   RO         2477    i.__user_setup_stackheap  sys.o
    0x0800493c   0x0000000e   Code   RO         3047    i._is_digit         c_w.l(__printf_wp.o)
    0x0800494a   0x00000002   PAD
    0x0800494c   0x0000002c   Code   RO          526    i._sys_close        retarget.o
    0x08004978   0x00000028   Code   RO          529    i._sys_flen         retarget.o
    0x080049a0   0x00000028   Code   RO          530    i._sys_istty        retarget.o
    0x080049c8   0x00000134   Code   RO          531    i._sys_open         retarget.o
    0x08004afc   0x00000028   Code   RO          533    i._sys_seek         retarget.o
    0x08004b24   0x00000060   Code   RO          534    i._sys_write        retarget.o
    0x08004b84   0x00000018   Code   RO         2961    i.error             mbed.ar(error.o)
    0x08004b9c   0x00000020   Code   RO          536    i.exit              retarget.o
    0x08004bbc   0x0000001a   Code   RO         3074    i.fputc             c_w.l(fputc.o)
    0x08004bd6   0x00000002   PAD
    0x08004bd8   0x00000054   Code   RO         2810    i.gpio_dir          mbed.ar(gpio_api.o)
    0x08004c2c   0x0000003e   Code   RO         2811    i.gpio_init         mbed.ar(gpio_api.o)
    0x08004c6a   0x00000028   Code   RO         2751    i.gpio_init_in      mbed.ar(gpio.o)
    0x08004c92   0x00000002   PAD
    0x08004c94   0x0000004c   Code   RO         2754    i.gpio_init_out     mbed.ar(gpio.o)
    0x08004ce0   0x0000006c   Code   RO         2755    i.gpio_init_out_ex  mbed.ar(gpio.o)
    0x08004d4c   0x00000008   Code   RO         2812    i.gpio_mode         mbed.ar(gpio_api.o)
    0x08004d54   0x00000040   Code   RO         2746    i.mbed_assert_internal  mbed.ar(assert.o)
    0x08004d94   0x00000010   Code   RO            4    i.mbed_die          board.o
    0x08004da4   0x00000002   Code   RO          537    i.mbed_main         retarget.o
    0x08004da6   0x0000000e   Code   RO          512    i.mbed_sdk_init     mbed_overrides.o
    0x08004db4   0x0000006c   Code   RO         2826    i.pin_function      mbed.ar(pinmap.o)
    0x08004e20   0x00000058   Code   RO         2827    i.pin_mode          mbed.ar(pinmap.o)
    0x08004e78   0x0000003c   Code   RO         2972    i.pinmap_merge      mbed.ar(pinmap_common.o)
    0x08004eb4   0x00000060   Code   RO         2973    i.pinmap_peripheral  mbed.ar(pinmap_common.o)
    0x08004f14   0x0000005c   Code   RO         2974    i.pinmap_pinout     mbed.ar(pinmap_common.o)
    0x08004f70   0x0000015c   Code   RO         2508    i.serial_init       mbed.ar(serial_api.o)
    0x080050cc   0x00000018   Code   RO         2509    i.serial_irq_handler  mbed.ar(serial_api.o)
    0x080050e4   0x0000002c   Code   RO         2512    i.serial_putc       mbed.ar(serial_api.o)
    0x08005110   0x0000004e   Code   RO         2989    i.ticker_irq_handler  mbed.ar(ticker_api.o)
    0x0800515e   0x00000002   PAD
    0x08005160   0x00000054   Code   RO           23    i.timer_irq_handler  hal_tick.o
    0x080051b4   0x00000010   Code   RO         2839    i.us_ticker_clear_interrupt  mbed.ar(us_ticker.o)
    0x080051c4   0x00000014   Code   RO         2840    i.us_ticker_disable_interrupt  mbed.ar(us_ticker.o)
    0x080051d8   0x00000024   Code   RO         2841    i.us_ticker_init    mbed.ar(us_ticker.o)
    0x080051fc   0x0000000c   Code   RO         2781    i.us_ticker_irq_handler  mbed.ar(us_ticker_api.o)
    0x08005208   0x00000028   Code   RO         2842    i.us_ticker_read    mbed.ar(us_ticker.o)
    0x08005230   0x00000014   Code   RO         2843    i.us_ticker_set_interrupt  mbed.ar(us_ticker.o)
    0x08005244   0x00000028   Code   RO         2768    i.wait              mbed.ar(wait_api.o)
    0x0800526c   0x0000001c   Code   RO         2769    i.wait_ms           mbed.ar(wait_api.o)
    0x08005288   0x0000002c   Code   RO         3729    locale$$code        c_w.l(lc_numeric_c.o)
    0x080052b4   0x0000002c   Code   RO         3808    locale$$code        c_w.l(lc_ctype_c.o)
    0x080052e0   0x0000000a   Code   RO         3670    x$fpl$fpinit        fz_wm.l(fpinit.o)
    0x080052ea   0x00000004   Code   RO         3518    x$fpl$printf1       fz_wm.l(printf1.o)
    0x080052ee   0x00000004   Code   RO         3520    x$fpl$printf2       fz_wm.l(printf2.o)
    0x080052f2   0x00000000   Code   RO         3783    x$fpl$usenofp       fz_wm.l(usenofp.o)
    0x080052f2   0x00000017   Data   RO          579    .constdata          retarget.o
    0x08005309   0x00000010   Data   RO         1564    .constdata          stm32f3xx_hal_rcc.o
    0x08005319   0x00000020   Data   RO         1590    .constdata          stm32f3xx_hal_rcc_ex.o
    0x08005339   0x00000010   Data   RO         2488    .constdata          system_stm32f3xx.o
    0x08005349   0x00000003   PAD
    0x0800534c   0x00000014   Data   RO         2782    .constdata          mbed.ar(us_ticker_api.o)
    0x08005360   0x00000008   Data   RO         2783    .constdata          mbed.ar(us_ticker_api.o)
    0x08005368   0x00000078   Data   RO         2798    .constdata          mbed.ar(PeripheralPins.o)
    0x080053e0   0x00000078   Data   RO         2799    .constdata          mbed.ar(PeripheralPins.o)
    0x08005458   0x00000034   Data   RO         2828    .constdata          mbed.ar(pinmap.o)
    0x0800548c   0x00000028   Data   RO         3035    .constdata          c_w.l(_printf_hex_int_ll_ptr.o)
    0x080054b4   0x00000011   Data   RO         3055    .constdata          c_w.l(__printf_flags_ss_wp.o)
    0x080054c5   0x00000003   PAD
    0x080054c8   0x00000008   Data   RO         3340    .constdata          c_w.l(_printf_wctomb.o)
    0x080054d0   0x00000026   Data   RO         3580    .constdata          c_w.l(_printf_fp_hex.o)
    0x080054f6   0x00000002   PAD
    0x080054f8   0x00000094   Data   RO         3702    .constdata          c_w.l(bigflt0.o)
    0x0800558c   0x0000002c   Data   RO          630    .constdata__ZTVN4mbed10FileHandleE  retarget.o
    0x080055b8   0x00000010   Data   RO         2951    .constdata__ZTVN4mbed10SerialBaseE  mbed.ar(SerialBase.o)
    0x080055c8   0x0000005c   Data   RO         2650    .constdata__ZTVN4mbed6SerialE  mbed.ar(Serial.o)
    0x08005624   0x00000044   Data   RO         2743    .constdata__ZTVN4mbed6StreamE  mbed.ar(Stream.o)
    0x08005668   0x00000010   Data   RO         2883    .constdata__ZTVN4mbed8FileBaseE  mbed.ar(FileBase.o)
    0x08005678   0x0000003c   Data   RO         2908    .constdata__ZTVN4mbed8FileLikeE  mbed.ar(FileLike.o)
    0x080056b4   0x00000042   Data   RO           37    .conststring        main.o
    0x080056f6   0x00000002   PAD
    0x080056f8   0x00000068   Data   RO         2518    .conststring        mbed.ar(serial_api.o)
    0x08005760   0x0000006e   Data   RO         2756    .conststring        mbed.ar(gpio.o)
    0x080057ce   0x00000002   PAD
    0x080057d0   0x00000066   Data   RO         2814    .conststring        mbed.ar(gpio_api.o)
    0x08005836   0x00000002   PAD
    0x08005838   0x00000064   Data   RO         2829    .conststring        mbed.ar(pinmap.o)
    0x0800589c   0x00000020   Data   RO         3911    Region$$Table       anon$$obj.o
    0x080058bc   0x0000001c   Data   RO         3728    locale$$data        c_w.l(lc_numeric_c.o)
    0x080058d8   0x00000110   Data   RO         3807    locale$$data        c_w.l(lc_ctype_c.o)
    0x080059e8   0x00000004   Data   RO           38    .init_array         main.o
    0x080059ec   0x00000000   Data   RO         3119    .init_array         c_w.l(init_aeabi.o)


    Execution Region RW_IRAM1 (Base: 0x20000188, Size: 0x00000338, Max: 0x00003e78, ABSOLUTE)

    Base Addr    Size         Type   Attr      Idx    E Section Name        Object

    0x20000188   0x00000004   Data   RW           25    .data               hal_tick.o
    0x2000018c   0x00000004   Data   RW          662    .data               stm32f3xx_hal.o
    0x20000190   0x00000004   Data   RW         2489    .data               system_stm32f3xx.o
    0x20000194   0x00000008   Data   RW         2519    .data               mbed.ar(serial_api.o)
    0x2000019c   0x00000008   Data   RW         2784    .data               mbed.ar(us_ticker_api.o)
    0x200001a4   0x00000004   Data   RW         2845    .data               mbed.ar(us_ticker.o)
    0x200001a8   0x00000004   Data   RW         2871    .data               mbed.ar(FileBase.o)
    0x200001ac   0x00000004   Data   RW         3086    .data               c_w.l(stdio_streams.o)
    0x200001b0   0x00000004   Data   RW         3087    .data               c_w.l(stdio_streams.o)
    0x200001b4   0x00000004   Data   RW         3088    .data               c_w.l(stdio_streams.o)
    0x200001b8   0x00000004   Data   RW         3746    .data               c_w.l(heapauxa.o)
    0x200001bc   0x0000003c   Zero   RW           24    .bss                hal_tick.o
    0x200001f8   0x00000094   Zero   RW           36    .bss                main.o
    0x2000028c   0x00000040   Zero   RW          578    .bss                retarget.o
    0x200002cc   0x0000009c   Zero   RW         2517    .bss                mbed.ar(serial_api.o)
    0x20000368   0x0000003c   Zero   RW         2844    .bss                mbed.ar(us_ticker.o)
    0x200003a4   0x00000054   Zero   RW         3083    .bss                c_w.l(stdio_streams.o)
    0x200003f8   0x00000054   Zero   RW         3084    .bss                c_w.l(stdio_streams.o)
    0x2000044c   0x00000054   Zero   RW         3085    .bss                c_w.l(stdio_streams.o)
    0x200004a0   0x00000004   Zero   RW         3255    .bss                c_w.l(rt_ddtor_pointer_addr.o)
    0x200004a4   0x00000004   Zero   RW         3549    .bss                c_w.l(rt_heap_descriptor.o)
    0x200004a8   0x00000014   Zero   RW         3677    .bss                c_w.l(rt_locale.o)
    0x200004bc   0x00000004   Zero   RW         3687    .bss                c_w.l(rt_errno_addr.o)


==============================================================================

Image component sizes


      Code (inc. data)   RO Data    RW Data    ZI Data      Debug   Object Name

        16          0          0          0          0        120   board.o
        52          4          0          0          0        132   cmsis_nvic.o
       240         32          0          4         60        252   hal_tick.o
       388        138         70          0        148     217054   main.o
        14          0          0          0          0        128   mbed_overrides.o
       734         80         67          0         64       1492   retarget.o
        36          8        392          0          0        276   startup_stm32f302x8.o
        66         16          0          4          0        472   stm32f3xx_hal.o
        36          6          0          0          0        116   stm32f3xx_hal_cortex.o
       520         22          0          0          0        140   stm32f3xx_hal_gpio.o
       888         34         16          0          0        384   stm32f3xx_hal_rcc.o
      2200         38         32          0          0        272   stm32f3xx_hal_rcc_ex.o
       256         18          0          0          0        488   stm32f3xx_hal_tim.o
      1018         38          0          0          0        768   stm32f3xx_hal_uart.o
        16          6          0          0          0        116   sys.o
       448         48         16          4          0        408   system_stm32f3xx.o

    ----------------------------------------------------------------------
      6934        488        630         12        272     222618   Object Totals
         0          0         32          0          0          0   (incl. Generated)
         6          0          5          0          0          0   (incl. Padding)

    ----------------------------------------------------------------------

      Code (inc. data)   RO Data    RW Data    ZI Data      Debug   Library Member Name

        60          8          0          0          0         84   __0sscanf.o
        44          6          0          0          0         84   __2sprintf.o
         8          0          0          0          0         68   __main.o
       392          4         17          0          0         92   __printf_flags_ss_wp.o
        14          0          0          0          0         68   __printf_wp.o
         0          0          0          0          0          0   __rtentry.o
        12          0          0          0          0          0   __rtentry2.o
         6          0          0          0          0          0   __rtentry4.o
        52          8          0          0          0          0   __scatter.o
        26          0          0          0          0          0   __scatter_copy.o
        28          0          0          0          0          0   __scatter_zi.o
        28          0          0          0          0         68   _chval.o
         6          0          0          0          0          0   _printf_a.o
         6          0          0          0          0          0   _printf_c.o
        44          0          0          0          0        108   _printf_char.o
        48          6          0          0          0         96   _printf_char_common.o
        36          4          0          0          0         80   _printf_char_file.o
        40          0          0          0          0         68   _printf_charcount.o
         6          0          0          0          0          0   _printf_d.o
       120         16          0          0          0         92   _printf_dec.o
         6          0          0          0          0          0   _printf_e.o
         6          0          0          0          0          0   _printf_f.o
      1050          0          0          0          0        216   _printf_fp_dec.o
       764         10         38          0          0        100   _printf_fp_hex.o
       128         16          0          0          0         84   _printf_fp_infnan.o
         6          0          0          0          0          0   _printf_g.o
       148          4         40          0          0        160   _printf_hex_int_ll_ptr.o
         6          0          0          0          0          0   _printf_i.o
       178          0          0          0          0         88   _printf_intcommon.o
        10          0          0          0          0          0   _printf_l.o
         6          0          0          0          0          0   _printf_lc.o
        10          0          0          0          0          0   _printf_ll.o
         6          0          0          0          0          0   _printf_lld.o
         6          0          0          0          0          0   _printf_lli.o
         6          0          0          0          0          0   _printf_llo.o
         6          0          0          0          0          0   _printf_llu.o
         6          0          0          0          0          0   _printf_llx.o
       124         16          0          0          0         92   _printf_longlong_dec.o
         6          0          0          0          0          0   _printf_ls.o
         6          0          0          0          0          0   _printf_n.o
         6          0          0          0          0          0   _printf_o.o
       112          8          0          0          0        124   _printf_oct_int_ll.o
         6          0          0          0          0          0   _printf_p.o
        78          0          0          0          0        108   _printf_pad.o
         0          0          0          0          0          0   _printf_percent.o
         4          0          0          0          0          0   _printf_percent_end.o
         6          0          0          0          0          0   _printf_s.o
        82          0          0          0          0         80   _printf_str.o
        36          0          0          0          0         84   _printf_truncate.o
         6          0          0          0          0          0   _printf_u.o
        44          0          0          0          0        108   _printf_wchar.o
       188          6          8          0          0         92   _printf_wctomb.o
         6          0          0          0          0          0   _printf_x.o
       884          6          0          0          0        100   _scanf.o
       332          0          0          0          0         96   _scanf_int.o
        64          0          0          0          0         84   _sgetc.o
        10          0          0          0          0         68   _sputc.o
        64          0          0          0          0         92   _wcrtomb.o
       220          4        148          0          0         96   bigflt0.o
      1910        128          0          0          0        672   btod.o
        10          0          0          0          0         68   c89vfprintf.o
        10          0          0          0          0         68   defsig_exit.o
        50          0          0          0          0         88   defsig_general.o
        48         34          0          0          0         76   defsig_pvfn_inner.o
        14          0          0          0          0         80   defsig_pvfn_outer.o
        80         58          0          0          0         76   defsig_rtmem_inner.o
        14          0          0          0          0         80   defsig_rtmem_outer.o
        52         38          0          0          0         76   defsig_rtred_inner.o
        14          0          0          0          0         80   defsig_rtred_outer.o
        76          0          0          0          0         88   fclose.o
         8          0          0          0          0         68   ferror.o
       100          4          0          0          0        120   fflush.o
       470          0          0          0          0         88   flsbuf.o
       236          4          0          0          0        128   fopen.o
        26          0          0          0          0         68   fputc.o
       248          6          0          0          0         84   fseek.o
        66          0          0          0          0         76   ftell.o
        94          0          0          0          0         80   h1_alloc.o
        52          0          0          0          0         68   h1_extend.o
        78          0          0          0          0         80   h1_free.o
        14          0          0          0          0         84   h1_init.o
        80          6          0          4          0         96   heapauxa.o
         4          0          0          0          0        136   hguard.o
         0          0          0          0          0          0   indicate_semi.o
        36         10          0          0          0         80   init_aeabi.o
       138          0          0          0          0        168   init_alloc.o
       312         46          0          0          0        112   initio.o
        18          0          0          0          0         76   isspace.o
        44         10        272          0          0         76   lc_ctype_c.o
        44         10         28          0          0         76   lc_numeric_c.o
         2          0          0          0          0          0   libinit.o
        50          0          0          0          0          0   libinit2.o
         6          0          0          0          0          0   libshutdown2.o
       138          0          0          0          0         80   lludiv10.o
         0          0          0          0          0          0   maybetermalloc1.o
        16          4          0          0          0         76   rt_ctype_table.o
         8          4          0          0          4         68   rt_ddtor_pointer_addr.o
         8          4          0          0          4         68   rt_errno_addr.o
         8          4          0          0          4         68   rt_heap_descriptor.o
         8          4          0          0         20         68   rt_locale.o
        78          0          0          0          0         80   rt_memclr_w.o
       100          0          0          0          0         80   rt_memcpy_w.o
        44          8          0          0          0         84   scanf_char.o
        20          0          0          0          0         68   setbuf.o
        70          0          0          0          0         80   setvbuf.o
       240          6          0          0          0        156   stdio.o
         0          0          0         12        252          0   stdio_streams.o
       128          0          0          0          0         68   strcmpv7m.o
        62          0          0          0          0         76   strlen.o
       150          0          0          0          0         80   strncmp.o
        12          4          0          0          0         68   sys_exit.o
        14          0          0          0          0         76   sys_wrch.o
         2          0          0          0          0         68   use_no_semi.o
        10          0          0          0          0         68   vfprintf.o
        50          0          0          0          0         84   aeabi_atexit.o
        36          0          0          0          0         84   aeabi_vec_ctor_nocookie_nodtor.o
        66          0          0          0          0         84   cxa_finalize.o
         6          0          0          0          0         68   pure_virt.o
        10          0          0          0          0        116   fpinit.o
         4          0          0          0          0        116   printf1.o
         4          0          0          0          0        116   printf2.o
         0          0          0          0          0          0   usenofp.o
        48          0          0          0          0        124   fpclassify.o
       152         24         16          4          0        476   FileBase.o
        54         10         60          0          0        252   FileLike.o
       154          0          0          0          0        728   FilePath.o
         0          0        240          0          0          0   PeripheralPins.o
        54          4         92          0          0        364   Serial.o
       164         14         16          0          0        484   SerialBase.o
       186         16         68          0          0        992   Stream.o
        64         52          0          0          0        116   assert.o
        24          4          0          0          0        128   error.o
       224         40        110          0          0        412   gpio.o
       154         30        102          0          0        388   gpio_api.o
       340        116        152          0          0        388   pinmap.o
       248         76          0          0          0        384   pinmap_common.o
       416         78        104          8        156        368   serial_api.o
        78          0          0          0          0        136   ticker_api.o
       132         34          0          4         60        588   us_ticker.o
        12          6         28          8          0        116   us_ticker_api.o
        68          4          0          0          0        256   wait_api.o

    ----------------------------------------------------------------------
     13908       1022       1548         40        500      14844   Library Totals
        32          0          9          0          0          0   (incl. Padding)

    ----------------------------------------------------------------------

      Code (inc. data)   RO Data    RW Data    ZI Data      Debug   Library Name

     11128        514        551         16        284       7476   c_w.l
       158          0          0          0          0        320   cpprt_w.l
        18          0          0          0          0        348   fz_wm.l
        48          0          0          0          0        124   m_wm.l
      2524        508        988         24        216       6576   mbed.ar

    ----------------------------------------------------------------------
     13908       1022       1548         40        500      14844   Library Totals

    ----------------------------------------------------------------------

==============================================================================


      Code (inc. data)   RO Data    RW Data    ZI Data      Debug   

     20842       1510       2178         52        772     223590   Grand Totals
     20842       1510       2178         52        772     223590   ELF Image Totals
     20842       1510       2178         52          0          0   ROM Totals

==============================================================================

    Total RO  Size (Code + RO Data)                23020 (  22.48kB)
    Total RW  Size (RW Data + ZI Data)               824 (   0.80kB)
    Total ROM Size (Code + RO Data + RW Data)      23072 (  22.53kB)

==============================================================================

