Component: ARM Compiler 5.05 update 2 (build 169) Tool: armlink [4d0f33]

==============================================================================

Section Cross References

    board.o(i.mbed_die) refers to wait_api.o(i.wait_ms) for wait_ms
    hal_tick.o(i.HAL_InitTick) refers to system_stm32f0xx.o(i.SystemCoreClockUpdate) for SystemCoreClockUpdate
    hal_tick.o(i.HAL_InitTick) refers to aeabi_sdivfast.o(.text) for __aeabi_uidivmod
    hal_tick.o(i.HAL_InitTick) refers to stm32f0xx_hal_tim.o(i.HAL_TIM_Base_Init) for HAL_TIM_Base_Init
    hal_tick.o(i.HAL_InitTick) refers to stm32f0xx_hal_tim.o(i.HAL_TIM_OC_Start) for HAL_TIM_OC_Start
    hal_tick.o(i.HAL_InitTick) refers to cmsis_nvic.o(i.NVIC_SetVector) for NVIC_SetVector
    hal_tick.o(i.HAL_InitTick) refers to stm32f0xx_hal_tim.o(i.HAL_TIM_Base_Start) for HAL_TIM_Base_Start
    hal_tick.o(i.HAL_InitTick) refers to hal_tick.o(.bss) for .bss
    hal_tick.o(i.HAL_InitTick) refers to system_stm32f0xx.o(.data) for SystemCoreClock
    hal_tick.o(i.HAL_InitTick) refers to hal_tick.o(.data) for .data
    hal_tick.o(i.HAL_InitTick) refers to hal_tick.o(i.timer_update_irq_handler) for timer_update_irq_handler
    hal_tick.o(i.HAL_InitTick) refers to hal_tick.o(i.timer_oc_irq_handler) for timer_oc_irq_handler
    hal_tick.o(i.timer_oc_irq_handler) refers to us_ticker.o(i.set_compare) for set_compare
    hal_tick.o(i.timer_oc_irq_handler) refers to us_ticker_api.o(i.us_ticker_irq_handler) for us_ticker_irq_handler
    hal_tick.o(i.timer_oc_irq_handler) refers to stm32f0xx_hal.o(i.HAL_IncTick) for HAL_IncTick
    hal_tick.o(i.timer_oc_irq_handler) refers to hal_tick.o(.bss) for .bss
    hal_tick.o(i.timer_oc_irq_handler) refers to us_ticker.o(.data) for oc_rem_part
    hal_tick.o(i.timer_oc_irq_handler) refers to hal_tick.o(.data) for .data
    hal_tick.o(i.timer_update_irq_handler) refers to hal_tick.o(.bss) for .bss
    hal_tick.o(i.timer_update_irq_handler) refers to us_ticker.o(.data) for SlaveCounter
    main.o(.text) refers to Stream.o(i._ZN4mbed6Stream6printfEPKcz) for mbed::Stream::printf(const char*, ...)
    main.o(.text) refers to assert.o(i.mbed_assert_internal) for mbed_assert_internal
    main.o(.text) refers to main.o(i._ZN4mbed10DigitalOutaSEi) for mbed::DigitalOut::operator =(int)
    main.o(.text) refers to wait_api.o(i.wait) for wait
    main.o(.text) refers to Serial.o(i._ZN4mbed6SerialC1E7PinNameS1_PKc) for mbed::Serial::Serial(PinName, PinName, const char*)
    main.o(.text) refers to aeabi_atexit.o(i.__aeabi_atexit) for __aeabi_atexit
    main.o(.text) refers to rt_memclr.o(.text) for __aeabi_memclr4
    main.o(.text) refers to gpio.o(i.gpio_init_in) for gpio_init_in
    main.o(.text) refers to gpio.o(i.gpio_init_out) for gpio_init_out
    main.o(.text) refers to main.o(.bss) for pc
    main.o(.text) refers to main.o(.conststring) for .conststring
    main.o(.text) refers to Serial.o(i._ZN4mbed6SerialD1Ev) for mbed::Serial::~Serial()
    main.o(.ARM.exidx) refers to main.o(.text) for .text
    main.o(.init_array) refers to main.o(.text) for __sti___8_main_cpp_pc
    main.o(.init_array) refers to init_aeabi.o(.text) for __cpp_initialize__aeabi_
    mbed_overrides.o(i.mbed_sdk_init) refers to system_stm32f0xx.o(i.SystemCoreClockUpdate) for SystemCoreClockUpdate
    mbed_overrides.o(i.mbed_sdk_init) refers to stm32f0xx_hal.o(i.HAL_Init) for HAL_Init
    retarget.o(i.$Sub$$main) refers to mbed_overrides.o(i.mbed_sdk_init) for mbed_sdk_init
    retarget.o(i.$Sub$$main) refers to retarget.o(i.mbed_main) for mbed_main
    retarget.o(i.$Sub$$main) refers to main.o(.text) for $Super$$main
    retarget.o(i._ZN4mbed10FileHandleD0Ev) refers to delete.o(i._ZdlPv) for operator delete (void*)
    retarget.o(i._ZN4mbed10FileHandleD0Ev) refers to retarget.o(.constdata__ZTVN4mbed10FileHandleE) for vtable for mbed::FileHandle
    retarget.o(i._ZN4mbed10FileHandleD0Ev) refers to retarget.o(.bss) for .bss
    retarget.o(i._ZN4mbed10FileHandleD2Ev) refers to retarget.o(.constdata__ZTVN4mbed10FileHandleE) for vtable for mbed::FileHandle
    retarget.o(i._ZN4mbed10FileHandleD2Ev) refers to retarget.o(.bss) for .bss
    retarget.o(i._ZN4mbed26mbed_set_unbuffered_streamEPSt6__FILE) refers to setbuf.o(.text) for setbuf
    retarget.o(i._ZN4mbed9mbed_getcEPSt6__FILE) refers to fgetc.o(i.fgetc) for fgetc
    retarget.o(i._ZN4mbed9mbed_getsEPciPSt6__FILE) refers to fgets.o(.text) for fgets
    retarget.o(i._sys_close) refers to retarget.o(.bss) for .bss
    retarget.o(i._sys_ensure) refers to retarget.o(.bss) for .bss
    retarget.o(i._sys_flen) refers to retarget.o(.bss) for .bss
    retarget.o(i._sys_istty) refers to retarget.o(.bss) for .bss
    retarget.o(i._sys_open) refers to _scanf_int.o(.text) for _scanf_int
    retarget.o(i._sys_open) refers to strcmpv6m.o(.text) for strcmp
    retarget.o(i._sys_open) refers to serial_api.o(i.serial_init) for serial_init
[...]
    .data                                    0x200000f4   Section        4  stdio_streams.o(.data)
    .data                                    0x200000f8   Section        4  heapauxa.o(.data)
    __rt_heap_escrow_base                    0x200000f8   Data           4  heapauxa.o(.data)
    .bss                                     0x200000fc   Section       60  hal_tick.o(.bss)
    .bss                                     0x20000138   Section      148  main.o(.bss)
    .bss                                     0x200001cc   Section       64  retarget.o(.bss)
    filehandles                              0x200001cc   Data          64  retarget.o(.bss)
    .bss                                     0x2000020c   Section      140  serial_api.o(.bss)
    .bss                                     0x20000298   Section       60  us_ticker.o(.bss)
    TimMasterHandle                          0x20000298   Data          60  us_ticker.o(.bss)
    .bss                                     0x200002d4   Section       84  stdio_streams.o(.bss)
    .bss                                     0x20000328   Section       84  stdio_streams.o(.bss)
    .bss                                     0x2000037c   Section       84  stdio_streams.o(.bss)
    .bss                                     0x200003d0   Section        4  rt_ddtor_pointer_addr.o(.bss)
    __rt_ddtor_pointer_addr_data             0x200003d0   Data           4  rt_ddtor_pointer_addr.o(.bss)
    .bss                                     0x200003d4   Section        4  rt_heap_descriptor.o(.bss)
    __rt_heap_descriptor_data                0x200003d4   Data           4  rt_heap_descriptor.o(.bss)
    .bss                                     0x200003d8   Section       20  rt_locale.o(.bss)
    __rt_locale_data                         0x200003d8   Data          20  rt_locale.o(.bss)
    .bss                                     0x200003ec   Section        4  rt_errno_addr.o(.bss)
    __aeabi_errno_addr_data                  0x200003ec   Data           4  rt_errno_addr.o(.bss)

    Global Symbols

    Symbol Name                              Value     Ov Type        Size  Object(Section)

    BuildAttributes$$THM_ISAv3M$S$PE$A:L22$X:L11$S22$IEEE1$IW$USESV6$~STKCKD$USESV7$~SHL$OTIME$ROPI$IEEEX$EBA8$UX$STANDARDLIB$REQ8$PRES8$EABIv2 0x00000000   Number         0  anon$$obj.o ABSOLUTE
    __ARM_use_no_argv                        0x00000000   Number         0  main.o ABSOLUTE
    _printf_flags                            0x00000000   Number         0  printf_stubs.o ABSOLUTE
    _printf_return_value                     0x00000000   Number         0  printf_stubs.o ABSOLUTE
    _printf_sizespec                         0x00000000   Number         0  printf_stubs.o ABSOLUTE
    _printf_widthprec                        0x00000000   Number         0  printf_stubs.o ABSOLUTE
    SHT$$ARM_EXIDX$$Base                      - Undefined Reference
    SHT$$ARM_EXIDX$$Limit                     - Undefined Reference
    __ARM::default_unexpected_handler()       - Undefined Weak Reference
    __ARM_exceptions_buffer_required          - Undefined Weak Reference
    __ARM_exceptions_init                     - Undefined Weak Reference
    __aeabi_unwind_cpp_pr1                    - Undefined Weak Reference
    __aeabi_unwind_cpp_pr2                    - Undefined Weak Reference
    __alloca_initialize                       - Undefined Weak Reference
    __arm_preinit_                            - Undefined Weak Reference
    __cxa_begin_cleanup                       - Undefined Weak Reference
    __cxa_type_match                          - Undefined Weak Reference
    __rt_lib_shutdown                         - Undefined Weak Reference
    __sigvec_lookup                           - Undefined Weak Reference
    __user_heap_extent                        - Undefined Weak Reference
    _atexit_init                              - Undefined Weak Reference
    _clock_init                               - Undefined Weak Reference
    _fp_trap_init                             - Undefined Weak Reference
    _fp_trap_shutdown                         - Undefined Weak Reference
    _get_lc_collate                           - Undefined Weak Reference
    _get_lc_monetary                          - Undefined Weak Reference
    _get_lc_time                              - Undefined Weak Reference
    _getenv_init                              - Undefined Weak Reference
    _handle_redirection                       - Undefined Weak Reference
    _mutex_acquire                            - Undefined Weak Reference
    _mutex_free                               - Undefined Weak Reference
    _mutex_release                            - Undefined Weak Reference
    _printf_mbtowc                            - Undefined Weak Reference
    _printf_wc                                - Undefined Weak Reference
    _rand_init                                - Undefined Weak Reference
    _signal_finish                            - Undefined Weak Reference
    _signal_init                              - Undefined Weak Reference
    __Vectors_Size                           0x000000b4   Number         0  startup_stm32f030x8.o ABSOLUTE
    __Vectors                                0x08000000   Data           4  startup_stm32f030x8.o(RESET)
    __dso_handle                             0x08000000   Number         0  startup_stm32f030x8.o(RESET)
    __Vectors_End                            0x080000b4   Data           0  startup_stm32f030x8.o(RESET)
    __main                                   0x080000b5   Thumb Code     8  __main.o(!!!main)
    __scatterload                            0x080000bd   Thumb Code     0  __scatter.o(!!!scatter)
    __scatterload_rt2                        0x080000bd   Thumb Code    52  __scatter.o(!!!scatter)
    __scatterload_rt2_thumb_only             0x080000bd   Thumb Code     0  __scatter.o(!!!scatter)
    __scatterload_null                       0x080000cd   Thumb Code     0  __scatter.o(!!!scatter)
    __scatterload_copy                       0x080000f9   Thumb Code    26  __scatter_copy.o(!!handler_copy)
    __scatterload_zeroinit                   0x08000115   Thumb Code    28  __scatter_zi.o(!!handler_zi)
    _printf_percent                          0x08000131   Thumb Code     0  _printf_percent.o(.ARM.Collect$$_printf_percent$$00000000)
    _printf_n                                0x08000133   Thumb Code     0  _printf_n.o(.ARM.Collect$$_printf_percent$$00000001)
    _printf_p                                0x0800013d   Thumb Code     0  _printf_p.o(.ARM.Collect$$_printf_percent$$00000002)
    _printf_f                                0x08000147   Thumb Code     0  _printf_f.o(.ARM.Collect$$_printf_percent$$00000003)
    _printf_e                                0x08000151   Thumb Code     0  _printf_e.o(.ARM.Collect$$_printf_percent$$00000004)
    _printf_g                                0x0800015b   Thumb Code     0  _printf_g.o(.ARM.Collect$$_printf_percent$$00000005)
    _printf_a                                0x08000165   Thumb Code     0  _printf_a.o(.ARM.Collect$$_printf_percent$$00000006)
    _printf_ll                               0x0800016f   Thumb Code     0  _printf_ll.o(.ARM.Collect$$_printf_percent$$00000007)
    _printf_i                                0x08000179   Thumb Code     0  _printf_i.o(.ARM.Collect$$_printf_percent$$00000008)
    _printf_d                                0x08000183   Thumb Code     0  _printf_d.o(.ARM.Collect$$_printf_percent$$00000009)
    _printf_u                                0x0800018d   Thumb Code     0  _printf_u.o(.ARM.Collect$$_printf_percent$$0000000A)
    _printf_o                                0x08000197   Thumb Code     0  _printf_o.o(.ARM.Collect$$_printf_percent$$0000000B)
    _printf_x                                0x080001a1   Thumb Code     0  _printf_x.o(.ARM.Collect$$_printf_percent$$0000000C)
    _printf_lli                              0x080001ab   Thumb Code     0  _printf_lli.o(.ARM.Collect$$_printf_percent$$0000000D)
    _printf_lld                              0x080001b5   Thumb Code     0  _printf_lld.o(.ARM.Collect$$_printf_percent$$0000000E)
    _printf_llu                              0x080001bf   Thumb Code     0  _printf_llu.o(.ARM.Collect$$_printf_percent$$0000000F)
    _printf_llo                              0x080001c9   Thumb Code     0  _printf_llo.o(.ARM.Collect$$_printf_percent$$00000010)
    _printf_llx                              0x080001d3   Thumb Code     0  _printf_llx.o(.ARM.Collect$$_printf_percent$$00000011)
    _printf_l                                0x080001dd   Thumb Code     0  _printf_l.o(.ARM.Collect$$_printf_percent$$00000012)
    _printf_c                                0x080001e7   Thumb Code     0  _printf_c.o(.ARM.Collect$$_printf_percent$$00000013)
    _printf_s                                0x080001f1   Thumb Code     0  _printf_s.o(.ARM.Collect$$_printf_percent$$00000014)
    _printf_lc                               0x080001fb   Thumb Code     0  _printf_lc.o(.ARM.Collect$$_printf_percent$$00000015)
    _printf_ls                               0x08000205   Thumb Code     0  _printf_ls.o(.ARM.Collect$$_printf_percent$$00000016)
    _printf_percent_end                      0x0800020f   Thumb Code     0  _printf_percent_end.o(.ARM.Collect$$_printf_percent$$00000017)
    __rt_lib_init                            0x08000213   Thumb Code     0  libinit.o(.ARM.Collect$$libinit$$00000000)
    __rt_lib_init_fp_1                       0x08000215   Thumb Code     0  libinit2.o(.ARM.Collect$$libinit$$00000002)
    __rt_lib_init_heap_2                     0x08000215   Thumb Code     0  libinit2.o(.ARM.Collect$$libinit$$00000005)
    __rt_lib_init_preinit_1                  0x08000215   Thumb Code     0  libinit2.o(.ARM.Collect$$libinit$$00000004)
    __rt_lib_init_heap_1                     0x0800021d   Thumb Code     0  libinit2.o(.ARM.Collect$$libinit$$0000000A)
    __rt_lib_init_lc_common                  0x0800021d   Thumb Code     0  libinit2.o(.ARM.Collect$$libinit$$0000000F)
    __rt_lib_init_rand_1                     0x0800021d   Thumb Code     0  libinit2.o(.ARM.Collect$$libinit$$0000000E)
    __rt_lib_init_user_alloc_1               0x0800021d   Thumb Code     0  libinit2.o(.ARM.Collect$$libinit$$0000000C)
    __rt_lib_init_lc_collate_1               0x08000223   Thumb Code     0  libinit2.o(.ARM.Collect$$libinit$$00000011)
    __rt_lib_init_lc_ctype_2                 0x08000223   Thumb Code     0  libinit2.o(.ARM.Collect$$libinit$$00000012)
    __rt_lib_init_lc_ctype_1                 0x0800022f   Thumb Code     0  libinit2.o(.ARM.Collect$$libinit$$00000013)
    __rt_lib_init_lc_monetary_1              0x0800022f   Thumb Code     0  libinit2.o(.ARM.Collect$$libinit$$00000015)
    __rt_lib_init_lc_numeric_2               0x0800022f   Thumb Code     0  libinit2.o(.ARM.Collect$$libinit$$00000016)
    __rt_lib_init_atexit_1                   0x08000239   Thumb Code     0  libinit2.o(.ARM.Collect$$libinit$$0000001B)
    __rt_lib_init_clock_1                    0x08000239   Thumb Code     0  libinit2.o(.ARM.Collect$$libinit$$00000021)
    __rt_lib_init_fp_trap_1                  0x08000239   Thumb Code     0  libinit2.o(.ARM.Collect$$libinit$$0000001F)
    __rt_lib_init_getenv_1                   0x08000239   Thumb Code     0  libinit2.o(.ARM.Collect$$libinit$$00000023)
    __rt_lib_init_lc_numeric_1               0x08000239   Thumb Code     0  libinit2.o(.ARM.Collect$$libinit$$00000017)
    __rt_lib_init_lc_time_1                  0x08000239   Thumb Code     0  libinit2.o(.ARM.Collect$$libinit$$00000019)
    __rt_lib_init_signal_1                   0x08000239   Thumb Code     0  libinit2.o(.ARM.Collect$$libinit$$0000001D)
    __rt_lib_init_stdio_2                    0x08000239   Thumb Code     0  libinit2.o(.ARM.Collect$$libinit$$00000024)
    __rt_lib_init_alloca_1                   0x0800023d   Thumb Code     0  libinit2.o(.ARM.Collect$$libinit$$0000002E)
    __rt_lib_init_argv_1                     0x0800023d   Thumb Code     0  libinit2.o(.ARM.Collect$$libinit$$0000002C)
    __rt_lib_init_cpp_2                      0x0800023d   Thumb Code     0  libinit2.o(.ARM.Collect$$libinit$$00000031)
    __rt_lib_init_exceptions_1               0x0800023d   Thumb Code     0  libinit2.o(.ARM.Collect$$libinit$$00000030)
    __rt_lib_init_stdio_1                    0x0800023d   Thumb Code     0  libinit2.o(.ARM.Collect$$libinit$$00000025)
    __rt_lib_init_cpp_1                      0x08000241   Thumb Code     0  libinit2.o(.ARM.Collect$$libinit$$00000032)
    __rt_lib_init_return                     0x08000241   Thumb Code     0  libinit2.o(.ARM.Collect$$libinit$$00000033)
    __rt_lib_shutdown_cpp_1                  0x08000243   Thumb Code     0  libshutdown2.o(.ARM.Collect$$libshutdown$$00000001)
    __rt_entry                               0x08000249   Thumb Code     0  __rtentry.o(.ARM.Collect$$rtentry$$00000000)
    __rt_entry_presh_1                       0x08000249   Thumb Code     0  __rtentry2.o(.ARM.Collect$$rtentry$$00000002)
    __rt_entry_sh                            0x08000249   Thumb Code     0  __rtentry4.o(.ARM.Collect$$rtentry$$00000004)
    __rt_lib_shutdown_stdio_2                0x08000249   Thumb Code     0  libshutdown2.o(.ARM.Collect$$libshutdown$$00000003)
    __rt_entry_li                            0x0800024f   Thumb Code     0  __rtentry2.o(.ARM.Collect$$rtentry$$0000000A)
    __rt_entry_postsh_1                      0x0800024f   Thumb Code     0  __rtentry2.o(.ARM.Collect$$rtentry$$00000009)
    __rt_entry_main                          0x08000253   Thumb Code     0  __rtentry2.o(.ARM.Collect$$rtentry$$0000000D)
    __rt_entry_postli_1                      0x08000253   Thumb Code     0  __rtentry2.o(.ARM.Collect$$rtentry$$0000000C)
    $Super$$main                             0x0800025d   Thumb Code   118  main.o(.text)
    _maybe_terminate_alloc                   0x0800025d   Thumb Code     0  maybetermalloc1.o(.emb_text)
    Reset_Handler                            0x08000389   Thumb Code     8  startup_stm32f030x8.o(.text)
    NMI_Handler                              0x08000391   Thumb Code     2  startup_stm32f030x8.o(.text)
    HardFault_Handler                        0x08000393   Thumb Code     2  startup_stm32f030x8.o(.text)
    SVC_Handler                              0x08000395   Thumb Code     2  startup_stm32f030x8.o(.text)
    PendSV_Handler                           0x08000397   Thumb Code     2  startup_stm32f030x8.o(.text)
    SysTick_Handler                          0x08000399   Thumb Code     2  startup_stm32f030x8.o(.text)
    ADC1_IRQHandler                          0x0800039b   Thumb Code     0  startup_stm32f030x8.o(.text)
    DMA1_Channel1_IRQHandler                 0x0800039b   Thumb Code     0  startup_stm32f030x8.o(.text)
    DMA1_Channel2_3_IRQHandler               0x0800039b   Thumb Code     0  startup_stm32f030x8.o(.text)
    DMA1_Channel4_5_IRQHandler               0x0800039b   Thumb Code     0  startup_stm32f030x8.o(.text)
    EXTI0_1_IRQHandler                       0x0800039b   Thumb Code     0  startup_stm32f030x8.o(.text)
    EXTI2_3_IRQHandler                       0x0800039b   Thumb Code     0  startup_stm32f030x8.o(.text)
    EXTI4_15_IRQHandler                      0x0800039b   Thumb Code     0  startup_stm32f030x8.o(.text)
    FLASH_IRQHandler                         0x0800039b   Thumb Code     0  startup_stm32f030x8.o(.text)
    I2C1_IRQHandler                          0x0800039b   Thumb Code     0  startup_stm32f030x8.o(.text)
    I2C2_IRQHandler                          0x0800039b   Thumb Code     0  startup_stm32f030x8.o(.text)
    RCC_IRQHandler                           0x0800039b   Thumb Code     0  startup_stm32f030x8.o(.text)
    RTC_IRQHandler                           0x0800039b   Thumb Code     0  startup_stm32f030x8.o(.text)
    SPI1_IRQHandler                          0x0800039b   Thumb Code     0  startup_stm32f030x8.o(.text)
    SPI2_IRQHandler                          0x0800039b   Thumb Code     0  startup_stm32f030x8.o(.text)
    TIM14_IRQHandler                         0x0800039b   Thumb Code     0  startup_stm32f030x8.o(.text)
    TIM15_IRQHandler                         0x0800039b   Thumb Code     0  startup_stm32f030x8.o(.text)
    TIM16_IRQHandler                         0x0800039b   Thumb Code     0  startup_stm32f030x8.o(.text)
    TIM17_IRQHandler                         0x0800039b   Thumb Code     0  startup_stm32f030x8.o(.text)
    TIM1_BRK_UP_TRG_COM_IRQHandler           0x0800039b   Thumb Code     0  startup_stm32f030x8.o(.text)
    TIM1_CC_IRQHandler                       0x0800039b   Thumb Code     0  startup_stm32f030x8.o(.text)
    TIM3_IRQHandler                          0x0800039b   Thumb Code     0  startup_stm32f030x8.o(.text)
    USART1_IRQHandler                        0x0800039b   Thumb Code     0  startup_stm32f030x8.o(.text)
    USART2_IRQHandler                        0x0800039b   Thumb Code     0  startup_stm32f030x8.o(.text)
    WWDG_IRQHandler                          0x0800039b   Thumb Code     0  startup_stm32f030x8.o(.text)
    vfprintf                                 0x080003a5   Thumb Code    14  vfprintf.o(.text)
    __c89vfprintf                            0x080003b3   Thumb Code    14  c89vfprintf.o(.text)
    __2sprintf                               0x080003c1   Thumb Code    40  __2sprintf.o(.text)
    _printf_longlong_hex                     0x080003ed   Thumb Code    88  _printf_hex_int_ll_ptr.o(.text)
    _printf_int_hex                          0x08000445   Thumb Code    28  _printf_hex_int_ll_ptr.o(.text)
    _printf_ll_hex                           0x08000461   Thumb Code    10  _printf_hex_int_ll_ptr.o(.text)
    _printf_hex_ptr                          0x0800046b   Thumb Code    22  _printf_hex_int_ll_ptr.o(.text)
    __printf                                 0x08000485   Thumb Code   386  __printf_flags_ss_wp.o(.text)
    __0sscanf                                0x0800060d   Thumb Code    54  __0sscanf.o(.text)
    _scanf_int                               0x0800064d   Thumb Code   330  _scanf_int.o(.text)
    _do_fflush                               0x08000799   Thumb Code    54  fflush.o(.text)
    fflush                                   0x080007cf   Thumb Code    46  fflush.o(.text)
    freopen                                  0x08000801   Thumb Code   148  fopen.o(.text)
    fopen                                    0x08000895   Thumb Code    76  fopen.o(.text)
    setbuf                                   0x080008e9   Thumb Code    26  setbuf.o(.text)
    _fclose_internal                         0x08000905   Thumb Code    72  fclose.o(.text)
    fclose                                   0x08000905   Thumb Code     0  fclose.o(.text)
    strlen                                   0x08000951   Thumb Code    62  strlen.o(.text)
    strncmp                                  0x08000995   Thumb Code   154  strncmp.o(.text)
    _memset_w                                0x08000a35   Thumb Code    26  rt_memclr.o(.text)
    _memset                                  0x08000a4f   Thumb Code    30  rt_memclr.o(.text)
    __aeabi_memclr                           0x08000a6d   Thumb Code     4  rt_memclr.o(.text)
    __rt_memclr                              0x08000a6d   Thumb Code     0  rt_memclr.o(.text)
    __aeabi_memclr4                          0x08000a71   Thumb Code     0  rt_memclr.o(.text)
    __aeabi_memclr8                          0x08000a71   Thumb Code     0  rt_memclr.o(.text)
    __rt_memclr_w                            0x08000a71   Thumb Code     4  rt_memclr.o(.text)
    strcmp                                   0x08000a75   Thumb Code   160  strcmpv6m.o(.text)
    __aeabi_uidiv                            0x08000b15   Thumb Code     0  aeabi_sdivfast.o(.text)
    __aeabi_uidivmod                         0x08000b15   Thumb Code    28  aeabi_sdivfast.o(.text)
    __aeabi_idiv                             0x08000b31   Thumb Code     0  aeabi_sdivfast.o(.text)
    __aeabi_idivmod                          0x08000b31   Thumb Code   460  aeabi_sdivfast.o(.text)
    __cpp_initialize__aeabi_                 0x08000cfd   Thumb Code    26  init_aeabi.o(.text)
    __aeabi_f2iz                             0x08000d21   Thumb Code     0  ffixi.o(.text)
    _ffix                                    0x08000d21   Thumb Code    76  ffixi.o(.text)
    __rt_ddtor_pointer_addr                  0x08000d6d   Thumb Code     8  rt_ddtor_pointer_addr.o(.text)
    malloc                                   0x08000d75   Thumb Code    98  h1_alloc.o(.text)
    free                                     0x08000dd7   Thumb Code    76  h1_free.o(.text)
    _printf_pre_padding                      0x08000e23   Thumb Code    44  _printf_pad.o(.text)
    _printf_post_padding                     0x08000e4f   Thumb Code    34  _printf_pad.o(.text)
    _printf_truncate_signed                  0x08000e71   Thumb Code    18  _printf_truncate.o(.text)
    _printf_truncate_unsigned                0x08000e83   Thumb Code    18  _printf_truncate.o(.text)
    _printf_str                              0x08000e95   Thumb Code    82  _printf_str.o(.text)
    _printf_int_common                       0x08000ee7   Thumb Code   176  _printf_intcommon.o(.text)
    _printf_int_dec                          0x08000f99   Thumb Code    90  _printf_dec.o(.text)
    _printf_charcount                        0x08001005   Thumb Code    38  _printf_charcount.o(.text)
    _printf_char_common                      0x08001037   Thumb Code    32  _printf_char_common.o(.text)
    _sputc                                   0x0800105d   Thumb Code    10  _sputc.o(.text)
    _printf_char_file                        0x08001069   Thumb Code    34  _printf_char_file.o(.text)
    _printf_wctomb                           0x08001091   Thumb Code   182  _printf_wctomb.o(.text)
    _printf_longlong_dec                     0x0800114d   Thumb Code    94  _printf_longlong_dec.o(.text)
    _printf_longlong_oct                     0x080011bd   Thumb Code    68  _printf_oct_int_ll.o(.text)
    _printf_int_oct                          0x08001201   Thumb Code    24  _printf_oct_int_ll.o(.text)
    _printf_ll_oct                           0x08001219   Thumb Code    10  _printf_oct_int_ll.o(.text)
    _chval                                   0x0800122d   Thumb Code    30  _chval.o(.text)
    __vfscanf_char                           0x08001259   Thumb Code    28  scanf_char.o(.text)
    _sgetc                                   0x0800127d   Thumb Code    32  _sgetc.o(.text)
    _sbackspace                              0x0800129d   Thumb Code    36  _sgetc.o(.text)
    ferror                                   0x080012c1   Thumb Code     8  ferror.o(.text)
    __flsbuf                                 0x080012c9   Thumb Code   486  flsbuf.o(.text)
    __flsbuf_byte                            0x080012c9   Thumb Code     0  flsbuf.o(.text)
    __flsbuf_wide                            0x080012c9   Thumb Code     0  flsbuf.o(.text)
    _fseek                                   0x080014b9   Thumb Code   240  fseek.o(.text)
    fseek                                    0x080014b9   Thumb Code     0  fseek.o(.text)
    setvbuf                                  0x080015ad   Thumb Code    72  setvbuf.o(.text)
    _seterr                                  0x080015f9   Thumb Code    20  stdio.o(.text)
    _writebuf                                0x0800160d   Thumb Code    76  stdio.o(.text)
    _fflush                                  0x08001659   Thumb Code    76  stdio.o(.text)
    _deferredlazyseek                        0x080016a5   Thumb Code    60  stdio.o(.text)
    _initio                                  0x080016e9   Thumb Code   216  initio.o(.text)
    _terminateio                             0x080017c1   Thumb Code    56  initio.o(.text)
    __rt_SIGPVFN                             0x08001825   Thumb Code    12  defsig_pvfn_outer.o(.text)
    __rt_heap_descriptor                     0x08001831   Thumb Code     8  rt_heap_descriptor.o(.text)
    __use_no_heap                            0x08001839   Thumb Code     2  hguard.o(.text)
    __heap$guard                             0x0800183b   Thumb Code     2  hguard.o(.text)
    _terminate_user_alloc                    0x0800183d   Thumb Code     2  init_alloc.o(.text)
    _init_user_alloc                         0x0800183f   Thumb Code     2  init_alloc.o(.text)
    __Heap_Full                              0x08001841   Thumb Code    32  init_alloc.o(.text)
    __Heap_Broken                            0x08001861   Thumb Code    10  init_alloc.o(.text)
    _init_alloc                              0x0800186b   Thumb Code    90  init_alloc.o(.text)
    __Heap_Initialize                        0x080018c5   Thumb Code    10  h1_init.o(.text)
    __Heap_DescSize                          0x080018cf   Thumb Code     4  h1_init.o(.text)
    _ll_udiv10                               0x080018d3   Thumb Code   122  lludiv10.o(.text)
    isspace                                  0x0800194d   Thumb Code    18  isspace.o(.text)
    __lib_sel_fp_printf                      0x08001961   Thumb Code     2  _printf_fp_dec.o(.text)
    _printf_fp_dec_real                      0x08001afb   Thumb Code   620  _printf_fp_dec.o(.text)
    _printf_fp_hex_real                      0x08001d75   Thumb Code   714  _printf_fp_hex.o(.text)
    _printf_cs_common                        0x08002049   Thumb Code    22  _printf_char.o(.text)
    _printf_char                             0x0800205f   Thumb Code    16  _printf_char.o(.text)
    _printf_string                           0x0800206f   Thumb Code     8  _printf_char.o(.text)
    _printf_lcs_common                       0x08002077   Thumb Code    22  _printf_wchar.o(.text)
    _printf_wchar                            0x0800208d   Thumb Code    16  _printf_wchar.o(.text)
    _printf_wstring                          0x0800209d   Thumb Code     8  _printf_wchar.o(.text)
    __vfscanf                                0x080020a5   Thumb Code   880  _scanf.o(.text)
    _ftell_internal                          0x08002425   Thumb Code    66  ftell.o(.text)
    ftell                                    0x08002425   Thumb Code     0  ftell.o(.text)
    _wcrtomb                                 0x08002467   Thumb Code    64  _wcrtomb.o(.text)
    __sig_exit                               0x080024a7   Thumb Code    12  defsig_exit.o(.text)
    __rt_SIGRTRED                            0x080024b3   Thumb Code    12  defsig_rtred_outer.o(.text)
    __rt_SIGPVFN_inner                       0x080024c1   Thumb Code    14  defsig_pvfn_inner.o(.text)
    __rt_udiv10                              0x080024f1   Thumb Code    40  rtudiv10.o(.text)
    _sys_exit                                0x08002519   Thumb Code     8  sys_exit.o(.text)
    __rt_ctype_table                         0x08002525   Thumb Code    16  rt_ctype_table.o(.text)
    __rt_locale                              0x08002535   Thumb Code     8  rt_locale.o(.text)
    __aeabi_errno_addr                       0x0800253d   Thumb Code     8  rt_errno_addr.o(.text)
    __errno                                  0x0800253d   Thumb Code     0  rt_errno_addr.o(.text)
    __rt_errno_addr                          0x0800253d   Thumb Code     0  rt_errno_addr.o(.text)
    __Heap_ProvideMemory                     0x08002545   Thumb Code    52  h1_extend.o(.text)
    _printf_fp_infnan                        0x08002579   Thumb Code   120  _printf_fp_infnan.o(.text)
    _btod_etento                             0x08002601   Thumb Code   196  bigflt0.o(.text)
    _btod_d2e                                0x080026c9   Thumb Code    64  btod.o(.text)
    _btod_emul                               0x08002abf   Thumb Code    24  btod.o(.text)
    _btod_emuld                              0x08002ad7   Thumb Code    60  btod.o(.text)
    _btod_ediv                               0x08002b13   Thumb Code    22  btod.o(.text)
    _btod_edivd                              0x08002b29   Thumb Code    60  btod.o(.text)
    __default_signal_display                 0x08002b71   Thumb Code    52  defsig_general.o(.text)
    __rt_SIGRTRED_inner                      0x08002ba5   Thumb Code    14  defsig_rtred_inner.o(.text)
    __rt_SIGRTMEM                            0x08002bd9   Thumb Code    12  defsig_rtmem_outer.o(.text)
    __rt_heap_escrow                         0x08002be5   Thumb Code    24  heapauxa.o(.text)
    __rt_heap_expand                         0x08002bfd   Thumb Code    52  heapauxa.o(.text)
    _ttywrch                                 0x08002c35   Thumb Code    12  sys_wrch.o(.text)
    __I$use$semihosting                      0x08002c41   Thumb Code     0  use_no_semi.o(.text)
    __use_no_semihosting_swi                 0x08002c41   Thumb Code     2  use_no_semi.o(.text)
    __semihosting_library_function           0x08002c43   Thumb Code     0  indicate_semi.o(.text)
    __rt_SIGRTMEM_inner                      0x08002c45   Thumb Code    22  defsig_rtmem_inner.o(.text)
    main                                     0x08002c95   Thumb Code    16  retarget.o(i.$Sub$$main)
    HAL_GPIO_Init                            0x08002cad   Thumb Code   318  stm32f0xx_hal_gpio.o(i.HAL_GPIO_Init)
    HAL_GetTick                              0x08002e05   Thumb Code     6  stm32f0xx_hal.o(i.HAL_GetTick)
    HAL_IncTick                              0x08002e11   Thumb Code    10  stm32f0xx_hal.o(i.HAL_IncTick)
    HAL_Init                                 0x08002e21   Thumb Code    26  stm32f0xx_hal.o(i.HAL_Init)
    HAL_InitTick                             0x08002e41   Thumb Code   158  hal_tick.o(i.HAL_InitTick)
    HAL_MspInit                              0x08002f09   Thumb Code     2  stm32f0xx_hal.o(i.HAL_MspInit)
    HAL_RCC_ClockConfig                      0x08002f0d   Thumb Code   454  stm32f0xx_hal_rcc.o(i.HAL_RCC_ClockConfig)
    HAL_RCC_GetPCLK1Freq                     0x080030e1   Thumb Code   104  stm32f0xx_hal_rcc.o(i.HAL_RCC_GetPCLK1Freq)
    HAL_RCC_GetSysClockFreq                  0x08003165   Thumb Code    78  stm32f0xx_hal_rcc.o(i.HAL_RCC_GetSysClockFreq)
    HAL_RCC_OscConfig                        0x080031e1   Thumb Code   956  stm32f0xx_hal_rcc.o(i.HAL_RCC_OscConfig)
    HAL_TIM_Base_Init                        0x080035a9   Thumb Code    50  stm32f0xx_hal_tim.o(i.HAL_TIM_Base_Init)
    HAL_TIM_Base_MspInit                     0x080035db   Thumb Code     2  stm32f0xx_hal_tim.o(i.HAL_TIM_Base_MspInit)
    HAL_TIM_Base_Start                       0x080035dd   Thumb Code    24  stm32f0xx_hal_tim.o(i.HAL_TIM_Base_Start)
    HAL_TIM_OC_Start                         0x080035f5   Thumb Code    72  stm32f0xx_hal_tim.o(i.HAL_TIM_OC_Start)
    HAL_UART_Init                            0x0800364d   Thumb Code   110  stm32f0xx_hal_uart.o(i.HAL_UART_Init)
    HAL_UART_MspInit                         0x080036bb   Thumb Code     2  stm32f0xx_hal_uart.o(i.HAL_UART_MspInit)
    NVIC_SetVector                           0x080036bd   Thumb Code    64  cmsis_nvic.o(i.NVIC_SetVector)
    SetSysClock_PLL_HSE                      0x08003705   Thumb Code   114  system_stm32f0xx.o(i.SetSysClock_PLL_HSE)
    Set_GPIO_Clock                           0x08003779   Thumb Code   134  pinmap.o(i.Set_GPIO_Clock)
    SystemCoreClockUpdate                    0x08003839   Thumb Code    90  system_stm32f0xx.o(i.SystemCoreClockUpdate)
    SystemInit                               0x080038a9   Thumb Code   198  system_stm32f0xx.o(i.SystemInit)
    TIM_Base_SetConfig                       0x08003985   Thumb Code   106  stm32f0xx_hal_tim.o(i.TIM_Base_SetConfig)
    UART_AdvFeatureConfig                    0x08003a09   Thumb Code   204  stm32f0xx_hal_uart.o(i.UART_AdvFeatureConfig)
    UART_SetConfig                           0x08003ad5   Thumb Code   306  stm32f0xx_hal_uart.o(i.UART_SetConfig)
    mbed::DigitalOut::operator =(int)        0x08003c21   Thumb Code    64  main.o(i._ZN4mbed10DigitalOutaSEi)
    mbed::FileHandle::flen()                 0x08003c7d   Thumb Code    58  retarget.o(i._ZN4mbed10FileHandle4flenEv)
    mbed::FileHandle::~FileHandle()          0x08003cb9   Thumb Code     0  retarget.o(i._ZN4mbed10FileHandleD2Ev)
    mbed::FileHandle::~FileHandle__sub_object() 0x08003cb9   Thumb Code    34  retarget.o(i._ZN4mbed10FileHandleD2Ev)
    mbed::SerialBase::_base_putc(int)        0x08003ce5   Thumb Code    14  SerialBase.o(i._ZN4mbed10SerialBase10_base_putcEi)
    mbed::SerialBase::_irq_handler(unsigned, SerialIrq) 0x08003cf3   Thumb Code    46  SerialBase.o(i._ZN4mbed10SerialBase12_irq_handlerEj9SerialIrq)
    mbed::SerialBase::SerialBase(PinName, PinName) 0x08003d21   Thumb Code    72  SerialBase.o(i._ZN4mbed10SerialBaseC1E7PinNameS1_)
    mbed::SerialBase::SerialBase__sub_object(PinName, PinName) 0x08003d21   Thumb Code     0  SerialBase.o(i._ZN4mbed10SerialBaseC1E7PinNameS1_)
    mbed::mbed_set_unbuffered_stream(std::__FILE*) 0x08003d75   Thumb Code    10  retarget.o(i._ZN4mbed26mbed_set_unbuffered_streamEPSt6__FILE)
    mbed::Serial::Serial(PinName, PinName, const char*) 0x08003d81   Thumb Code    32  Serial.o(i._ZN4mbed6SerialC1E7PinNameS1_PKc)
    mbed::Serial::Serial__sub_object(PinName, PinName, const char*) 0x08003d81   Thumb Code     0  Serial.o(i._ZN4mbed6SerialC1E7PinNameS1_PKc)
    mbed::Serial::~Serial()                  0x08003dad   Thumb Code    12  Serial.o(i._ZN4mbed6SerialD1Ev)
    mbed::Serial::~Serial__sub_object()      0x08003dad   Thumb Code     0  Serial.o(i._ZN4mbed6SerialD1Ev)
    mbed::Stream::flen()                     0x08003db9   Thumb Code     4  Stream.o(i._ZN4mbed6Stream4flenEv)
    mbed::Stream::close()                    0x08003dbd   Thumb Code     4  Stream.o(i._ZN4mbed6Stream5closeEv)
    mbed::Stream::lseek(long, int)           0x08003dc1   Thumb Code     4  Stream.o(i._ZN4mbed6Stream5lseekEli)
    mbed::Stream::write(const void*, unsigned) 0x08003dc5   Thumb Code    38  Stream.o(i._ZN4mbed6Stream5writeEPKvj)
    mbed::Stream::isatty()                   0x08003deb   Thumb Code     4  Stream.o(i._ZN4mbed6Stream6isattyEv)
    mbed::Stream::printf(const char*, ...)   0x08003def   Thumb Code    32  Stream.o(i._ZN4mbed6Stream6printfEPKcz)
    mbed::Stream::Stream__sub_object(const char*) 0x08003e11   Thumb Code    52  Stream.o(i._ZN4mbed6StreamC2EPKc)
    mbed::Stream::~Stream()                  0x08003e55   Thumb Code     0  Stream.o(i._ZN4mbed6StreamD2Ev)
    mbed::Stream::~Stream__sub_object()      0x08003e55   Thumb Code    26  Stream.o(i._ZN4mbed6StreamD2Ev)
    mbed::FileBase::getPathType()            0x08003e79   Thumb Code     4  FileBase.o(i._ZN4mbed8FileBase11getPathTypeEv)
    mbed::FileBase::lookup(const char*, unsigned) 0x08003e7d   Thumb Code    56  FileBase.o(i._ZN4mbed8FileBase6lookupEPKcj)
    mbed::FileBase::FileBase(const char*, mbed::PathType) 0x08003eb9   Thumb Code    26  FileBase.o(i._ZN4mbed8FileBaseC1EPKcNS_8PathTypeE)
    mbed::FileBase::FileBase__sub_object(const char*, mbed::PathType) 0x08003eb9   Thumb Code     0  FileBase.o(i._ZN4mbed8FileBaseC1EPKcNS_8PathTypeE)
    mbed::FileBase::~FileBase()              0x08003edd   Thumb Code    44  FileBase.o(i._ZN4mbed8FileBaseD1Ev)
    mbed::FileBase::~FileBase__sub_object()  0x08003edd   Thumb Code     0  FileBase.o(i._ZN4mbed8FileBaseD1Ev)
    mbed::FileLike::FileLike__sub_object(const char*) 0x08003f11   Thumb Code    24  FileLike.o(i._ZN4mbed8FileLikeC2EPKc)
    mbed::FileLike::~FileLike()              0x08003f35   Thumb Code     0  FileLike.o(i._ZN4mbed8FileLikeD2Ev)
    mbed::FileLike::~FileLike__sub_object()  0x08003f35   Thumb Code    16  FileLike.o(i._ZN4mbed8FileLikeD2Ev)
    mbed::FilePath::fileSystem()             0x08003f45   Thumb Code    26  FilePath.o(i._ZN4mbed8FilePath10fileSystemEv)
    mbed::FilePath::file()                   0x08003f5f   Thumb Code    32  FilePath.o(i._ZN4mbed8FilePath4fileEv)
    mbed::FilePath::exists()                 0x08003f7f   Thumb Code    10  FilePath.o(i._ZN4mbed8FilePath6existsEv)
    mbed::FilePath::isFile()                 0x08003f89   Thumb Code    24  FilePath.o(i._ZN4mbed8FilePath6isFileEv)
    mbed::FilePath::fileName()               0x08003fa1   Thumb Code     4  FilePath.o(i._ZN4mbed8FilePath8fileNameEv)
    mbed::FilePath::FilePath(const char*)    0x08003fa5   Thumb Code    68  FilePath.o(i._ZN4mbed8FilePathC1EPKc)
    mbed::FilePath::FilePath__sub_object(const char*) 0x08003fa5   Thumb Code     0  FilePath.o(i._ZN4mbed8FilePathC1EPKc)
    thunk{-84} to mbed::Serial::_putc(int)   0x08003fe9   Thumb Code    10  Serial.o(i._ZThn84_N4mbed6Serial5_putcEi)
    __ARM_common_ll_muluu                    0x08003ff3   Thumb Code    48  btod.o(i.__ARM_common_ll_muluu)
    __ARM_fpclassify                         0x08004025   Thumb Code    40  fpclassify.o(i.__ARM_fpclassify)
    __aeabi_atexit                           0x08004051   Thumb Code    44  aeabi_atexit.o(i.__aeabi_atexit)
    __aeabi_vec_ctor_nocookie_nodtor         0x0800407d   Thumb Code    34  aeabi_vec_ctor_nocookie_nodtor.o(i.__aeabi_vec_ctor_nocookie_nodtor)
    __cxa_finalize                           0x0800409f   Thumb Code    66  cxa_finalize.o(i.__cxa_finalize)
    __cxa_pure_virtual                       0x080040e1   Thumb Code    10  pure_virt.o(i.__cxa_pure_virtual)
    __user_setup_stackheap                   0x080040ed   Thumb Code    10  sys.o(i.__user_setup_stackheap)
    _is_digit                                0x080040fd   Thumb Code    14  __printf_wp.o(i._is_digit)
    _sys_close                               0x0800410d   Thumb Code    38  retarget.o(i._sys_close)
    _sys_flen                                0x08004139   Thumb Code    34  retarget.o(i._sys_flen)
    _sys_istty                               0x08004161   Thumb Code    34  retarget.o(i._sys_istty)
    _sys_open                                0x08004189   Thumb Code   290  retarget.o(i._sys_open)
    _sys_seek                                0x080042c9   Thumb Code    36  retarget.o(i._sys_seek)
    _sys_write                               0x080042f1   Thumb Code    84  retarget.o(i._sys_write)
    error                                    0x08004351   Thumb Code    20  error.o(i.error)
    exit                                     0x08004369   Thumb Code    24  retarget.o(i.exit)
    fputc                                    0x08004389   Thumb Code    30  fputc.o(i.fputc)
    gpio_dir                                 0x080043a9   Thumb Code    44  gpio_api.o(i.gpio_dir)
    gpio_init                                0x080043f5   Thumb Code    56  gpio_api.o(i.gpio_init)
    gpio_init_in                             0x0800442d   Thumb Code    34  gpio.o(i.gpio_init_in)
    gpio_init_out                            0x08004451   Thumb Code    56  gpio.o(i.gpio_init_out)
    gpio_init_out_ex                         0x08004491   Thumb Code    66  gpio.o(i.gpio_init_out_ex)
    gpio_mode                                0x080044f1   Thumb Code    14  gpio_api.o(i.gpio_mode)
    mbed_assert_internal                     0x08004551   Thumb Code    16  assert.o(i.mbed_assert_internal)
    mbed_die                                 0x08004595   Thumb Code    16  board.o(i.mbed_die)
    mbed_main                                0x080045a5   Thumb Code     2  retarget.o(i.mbed_main)
    mbed_sdk_init                            0x080045a7   Thumb Code    12  mbed_overrides.o(i.mbed_sdk_init)
    pin_function                             0x080045b5   Thumb Code    78  pinmap.o(i.pin_function)
    pin_mode                                 0x08004621   Thumb Code    60  pinmap.o(i.pin_mode)
    pinmap_merge                             0x08004675   Thumb Code    30  pinmap_common.o(i.pinmap_merge)
    pinmap_peripheral                        0x080046a9   Thumb Code    60  pinmap_common.o(i.pinmap_peripheral)
    pinmap_pinout                            0x08004705   Thumb Code    62  pinmap_common.o(i.pinmap_pinout)
    serial_init                              0x08004759   Thumb Code   210  serial_api.o(i.serial_init)
    serial_irq_handler                       0x08004869   Thumb Code    14  serial_api.o(i.serial_irq_handler)
    serial_putc                              0x08004881   Thumb Code    30  serial_api.o(i.serial_putc)
    set_compare                              0x080048a5   Thumb Code    18  us_ticker.o(i.set_compare)
    ticker_irq_handler                       0x080048c1   Thumb Code    74  ticker_api.o(i.ticker_irq_handler)
    timer_oc_irq_handler                     0x0800490d   Thumb Code   122  hal_tick.o(i.timer_oc_irq_handler)
    timer_update_irq_handler                 0x080049a1   Thumb Code    28  hal_tick.o(i.timer_update_irq_handler)
    us_ticker_clear_interrupt                0x080049c9   Thumb Code    22  us_ticker.o(i.us_ticker_clear_interrupt)
    us_ticker_disable_interrupt              0x080049e9   Thumb Code    16  us_ticker.o(i.us_ticker_disable_interrupt)
    us_ticker_init                           0x08004a01   Thumb Code    24  us_ticker.o(i.us_ticker_init)
    us_ticker_irq_handler                    0x08004a1d   Thumb Code    10  us_ticker_api.o(i.us_ticker_irq_handler)
    us_ticker_read                           0x08004a2d   Thumb Code    48  us_ticker.o(i.us_ticker_read)
    us_ticker_set_interrupt                  0x08004a65   Thumb Code   122  us_ticker.o(i.us_ticker_set_interrupt)
    wait                                     0x08004af1   Thumb Code    32  wait_api.o(i.wait)
    wait_ms                                  0x08004b15   Thumb Code    28  wait_api.o(i.wait_ms)
    _get_lc_numeric                          0x08004b31   Thumb Code    44  lc_numeric_c.o(locale$$code)
    _get_lc_ctype                            0x08004b5d   Thumb Code    44  lc_ctype_c.o(locale$$code)
    __aeabi_fmul                             0x08004b89   Thumb Code     0  fmul.o(x$fpl$fmul)
    _fmul                                    0x08004b89   Thumb Code   172  fmul.o(x$fpl$fmul)
    _printf_fp_dec                           0x08004c39   Thumb Code    16  printf1.o(x$fpl$printf1)
    _printf_fp_hex                           0x08004c49   Thumb Code    16  printf2.o(x$fpl$printf2)
    __I$use$fp                               0x08004c58   Number         0  usenofp.o(x$fpl$usenofp)
    __stdin_name                             0x08004c58   Data           7  retarget.o(.constdata)
    __stdout_name                            0x08004c5f   Data           8  retarget.o(.constdata)
    __stderr_name                            0x08004c67   Data           8  retarget.o(.constdata)
    aAPBAHBPrescTable                        0x08004c6f   Data          16  stm32f0xx_hal_rcc.o(.constdata)
    AHBPrescTable                            0x08004c7f   Data          16  system_stm32f0xx.o(.constdata)
    PinMap_UART_TX                           0x08004cac   Data          48  PeripheralPins.o(.constdata)
    PinMap_UART_RX                           0x08004cdc   Data          60  PeripheralPins.o(.constdata)
    vtable for mbed::FileHandle              0x08004e4c   Data          44  retarget.o(.constdata__ZTVN4mbed10FileHandleE)
    vtable for mbed::SerialBase              0x08004e78   Data          16  SerialBase.o(.constdata__ZTVN4mbed10SerialBaseE)
    vtable for mbed::Serial                  0x08004e88   Data          92  Serial.o(.constdata__ZTVN4mbed6SerialE)
    vtable for mbed::Stream                  0x08004ee4   Data          68  Stream.o(.constdata__ZTVN4mbed6StreamE)
    vtable for mbed::FileBase                0x08004f28   Data          16  FileBase.o(.constdata__ZTVN4mbed8FileBaseE)
    vtable for mbed::FileLike                0x08004f38   Data          60  FileLike.o(.constdata__ZTVN4mbed8FileLikeE)
    Region$$Table$$Base                      0x0800515c   Number         0  anon$$obj.o(Region$$Table)
    Region$$Table$$Limit                     0x0800517c   Number         0  anon$$obj.o(Region$$Table)
    __ctype                                  0x080051a5   Data           0  lc_ctype_c.o(locale$$data)
    SHT$$INIT_ARRAY$$Base                    0x080052a8   Number         0  main.o(.init_array)
    SHT$$INIT_ARRAY$$Limit                   0x080052ac   Number         0  init_aeabi.o(.init_array)
    PreviousVal                              0x200000b4   Data           4  hal_tick.o(.data)
    SystemCoreClock                          0x200000bc   Data           4  system_stm32f0xx.o(.data)
    stdio_uart_inited                        0x200000c0   Data           4  serial_api.o(.data)
    oc_rem_part                              0x200000d0   Data           2  us_ticker.o(.data)
    SlaveCounter                             0x200000d8   Data           4  us_ticker.o(.data)
    oc_int_part                              0x200000dc   Data           4  us_ticker.o(.data)
    mbed::FileBase::_head                    0x200000e8   Data           4  FileBase.o(.data)
    __aeabi_stdin                            0x200000ec   Data           4  stdio_streams.o(.data)
    __aeabi_stdout                           0x200000f0   Data           4  stdio_streams.o(.data)
    __aeabi_stderr                           0x200000f4   Data           4  stdio_streams.o(.data)
    TimMasterHandle                          0x200000fc   Data          60  hal_tick.o(.bss)
    pc                                       0x20000138   Data         108  main.o(.bss)
    LaserSensor                              0x200001a4   Data          20  main.o(.bss)
    myled                                    0x200001b8   Data          20  main.o(.bss)
    UartHandle                               0x2000020c   Data         112  serial_api.o(.bss)
    stdio_uart                               0x2000027c   Data          28  serial_api.o(.bss)
    __stdin                                  0x200002d4   Data          84  stdio_streams.o(.bss)
    __stdout                                 0x20000328   Data          84  stdio_streams.o(.bss)
    __stderr                                 0x2000037c   Data          84  stdio_streams.o(.bss)
    Image$$RW_IRAM1$$ZI$$Limit               0x200003f0   Number         0  anon$$obj.o ABSOLUTE



==============================================================================

Memory Map of the image

  Image Entry point : 0x080000b5

  Load Region LR_IROM1 (Base: 0x08000000, Size: 0x000052f4, Max: 0x00010000, ABSOLUTE)

    Execution Region ER_IROM1 (Base: 0x08000000, Size: 0x000052ac, Max: 0x00010000, ABSOLUTE)

    Base Addr    Size         Type   Attr      Idx    E Section Name        Object

    0x08000000   0x000000b4   Data   RO          582    RESET               startup_stm32f030x8.o
    0x080000b4   0x00000008   Code   RO         2406  * !!!main             c_p.l(__main.o)
    0x080000bc   0x0000003c   Code   RO         3181    !!!scatter          c_p.l(__scatter.o)
    0x080000f8   0x0000001a   Code   RO         3183    !!handler_copy      c_p.l(__scatter_copy.o)
    0x08000112   0x00000002   PAD
    0x08000114   0x0000001c   Code   RO         3185    !!handler_zi        c_p.l(__scatter_zi.o)
    0x08000130   0x00000002   Code   RO         2346    .ARM.Collect$$_printf_percent$$00000000  c_p.l(_printf_percent.o)
    0x08000132   0x0000000a   Code   RO         2650    .ARM.Collect$$_printf_percent$$00000001  c_p.l(_printf_n.o)
    0x0800013c   0x0000000a   Code   RO         2345    .ARM.Collect$$_printf_percent$$00000002  c_p.l(_printf_p.o)
    0x08000146   0x0000000a   Code   RO         2656    .ARM.Collect$$_printf_percent$$00000003  c_p.l(_printf_f.o)
    0x08000150   0x0000000a   Code   RO         2657    .ARM.Collect$$_printf_percent$$00000004  c_p.l(_printf_e.o)
    0x0800015a   0x0000000a   Code   RO         2658    .ARM.Collect$$_printf_percent$$00000005  c_p.l(_printf_g.o)
    0x08000164   0x0000000a   Code   RO         2659    .ARM.Collect$$_printf_percent$$00000006  c_p.l(_printf_a.o)
    0x0800016e   0x0000000a   Code   RO         2664    .ARM.Collect$$_printf_percent$$00000007  c_p.l(_printf_ll.o)
    0x08000178   0x0000000a   Code   RO         2653    .ARM.Collect$$_printf_percent$$00000008  c_p.l(_printf_i.o)
    0x08000182   0x0000000a   Code   RO         2654    .ARM.Collect$$_printf_percent$$00000009  c_p.l(_printf_d.o)
    0x0800018c   0x0000000a   Code   RO         2655    .ARM.Collect$$_printf_percent$$0000000A  c_p.l(_printf_u.o)
    0x08000196   0x0000000a   Code   RO         2652    .ARM.Collect$$_printf_percent$$0000000B  c_p.l(_printf_o.o)
    0x080001a0   0x0000000a   Code   RO         2651    .ARM.Collect$$_printf_percent$$0000000C  c_p.l(_printf_x.o)
    0x080001aa   0x0000000a   Code   RO         2661    .ARM.Collect$$_printf_percent$$0000000D  c_p.l(_printf_lli.o)
    0x080001b4   0x0000000a   Code   RO         2662    .ARM.Collect$$_printf_percent$$0000000E  c_p.l(_printf_lld.o)
    0x080001be   0x0000000a   Code   RO         2663    .ARM.Collect$$_printf_percent$$0000000F  c_p.l(_printf_llu.o)
    0x080001c8   0x0000000a   Code   RO         2668    .ARM.Collect$$_printf_percent$$00000010  c_p.l(_printf_llo.o)
    0x080001d2   0x0000000a   Code   RO         2669    .ARM.Collect$$_printf_percent$$00000011  c_p.l(_printf_llx.o)
    0x080001dc   0x0000000a   Code   RO         2665    .ARM.Collect$$_printf_percent$$00000012  c_p.l(_printf_l.o)
    0x080001e6   0x0000000a   Code   RO         2648    .ARM.Collect$$_printf_percent$$00000013  c_p.l(_printf_c.o)
    0x080001f0   0x0000000a   Code   RO         2649    .ARM.Collect$$_printf_percent$$00000014  c_p.l(_printf_s.o)
    0x080001fa   0x0000000a   Code   RO         2666    .ARM.Collect$$_printf_percent$$00000015  c_p.l(_printf_lc.o)
    0x08000204   0x0000000a   Code   RO         2667    .ARM.Collect$$_printf_percent$$00000016  c_p.l(_printf_ls.o)
    0x0800020e   0x00000004   Code   RO         2660    .ARM.Collect$$_printf_percent$$00000017  c_p.l(_printf_percent_end.o)
    0x08000212   0x00000002   Code   RO         3050    .ARM.Collect$$libinit$$00000000  c_p.l(libinit.o)
    0x08000214   0x00000000   Code   RO         2714    .ARM.Collect$$libinit$$00000002  c_p.l(libinit2.o)
    0x08000214   0x00000000   Code   RO         2716    .ARM.Collect$$libinit$$00000004  c_p.l(libinit2.o)
    0x08000214   0x00000008   Code   RO         2717    .ARM.Collect$$libinit$$00000005  c_p.l(libinit2.o)
    0x0800021c   0x00000000   Code   RO         2719    .ARM.Collect$$libinit$$0000000A  c_p.l(libinit2.o)
    0x0800021c   0x00000000   Code   RO         2721    .ARM.Collect$$libinit$$0000000C  c_p.l(libinit2.o)
    0x0800021c   0x00000000   Code   RO         2723    .ARM.Collect$$libinit$$0000000E  c_p.l(libinit2.o)
    0x0800021c   0x00000006   Code   RO         2724    .ARM.Collect$$libinit$$0000000F  c_p.l(libinit2.o)
    0x08000222   0x00000000   Code   RO         2726    .ARM.Collect$$libinit$$00000011  c_p.l(libinit2.o)
    0x08000222   0x0000000c   Code   RO         2727    .ARM.Collect$$libinit$$00000012  c_p.l(libinit2.o)
    0x0800022e   0x00000000   Code   RO         2728    .ARM.Collect$$libinit$$00000013  c_p.l(libinit2.o)
    0x0800022e   0x00000000   Code   RO         2730    .ARM.Collect$$libinit$$00000015  c_p.l(libinit2.o)
    0x0800022e   0x0000000a   Code   RO         2731    .ARM.Collect$$libinit$$00000016  c_p.l(libinit2.o)
    0x08000238   0x00000000   Code   RO         2732    .ARM.Collect$$libinit$$00000017  c_p.l(libinit2.o)
    0x08000238   0x00000000   Code   RO         2734    .ARM.Collect$$libinit$$00000019  c_p.l(libinit2.o)
    0x08000238   0x00000000   Code   RO         2736    .ARM.Collect$$libinit$$0000001B  c_p.l(libinit2.o)
    0x08000238   0x00000000   Code   RO         2738    .ARM.Collect$$libinit$$0000001D  c_p.l(libinit2.o)
    0x08000238   0x00000000   Code   RO         2740    .ARM.Collect$$libinit$$0000001F  c_p.l(libinit2.o)
    0x08000238   0x00000000   Code   RO         2742    .ARM.Collect$$libinit$$00000021  c_p.l(libinit2.o)
    0x08000238   0x00000000   Code   RO         2744    .ARM.Collect$$libinit$$00000023  c_p.l(libinit2.o)
    0x08000238   0x00000004   Code   RO         2745    .ARM.Collect$$libinit$$00000024  c_p.l(libinit2.o)
    0x0800023c   0x00000000   Code   RO         2746    .ARM.Collect$$libinit$$00000025  c_p.l(libinit2.o)
    0x0800023c   0x00000000   Code   RO         2750    .ARM.Collect$$libinit$$0000002C  c_p.l(libinit2.o)
    0x0800023c   0x00000000   Code   RO         2752    .ARM.Collect$$libinit$$0000002E  c_p.l(libinit2.o)
    0x0800023c   0x00000000   Code   RO         2754    .ARM.Collect$$libinit$$00000030  c_p.l(libinit2.o)
    0x0800023c   0x00000004   Code   RO         2755    .ARM.Collect$$libinit$$00000031  c_p.l(libinit2.o)
    0x08000240   0x00000000   Code   RO         2756    .ARM.Collect$$libinit$$00000032  c_p.l(libinit2.o)
    0x08000240   0x00000002   Code   RO         2757    .ARM.Collect$$libinit$$00000033  c_p.l(libinit2.o)
    0x08000242   0x00000006   Code   RO         2758    .ARM.Collect$$libshutdown$$00000001  c_p.l(libshutdown2.o)
    0x08000248   0x00000000   Code   RO         2760    .ARM.Collect$$libshutdown$$00000003  c_p.l(libshutdown2.o)
    0x08000248   0x00000000   Code   RO         2542    .ARM.Collect$$rtentry$$00000000  c_p.l(__rtentry.o)
    0x08000248   0x00000000   Code   RO         2829    .ARM.Collect$$rtentry$$00000002  c_p.l(__rtentry2.o)
    0x08000248   0x00000006   Code   RO         2841    .ARM.Collect$$rtentry$$00000004  c_p.l(__rtentry4.o)
    0x0800024e   0x00000000   Code   RO         2831    .ARM.Collect$$rtentry$$00000009  c_p.l(__rtentry2.o)
    0x0800024e   0x00000004   Code   RO         2832    .ARM.Collect$$rtentry$$0000000A  c_p.l(__rtentry2.o)
    0x08000252   0x00000000   Code   RO         2834    .ARM.Collect$$rtentry$$0000000C  c_p.l(__rtentry2.o)
    0x08000252   0x00000008   Code   RO         2835    .ARM.Collect$$rtentry$$0000000D  c_p.l(__rtentry2.o)
    0x0800025a   0x00000002   PAD
    0x0800025c   0x00000000   Code   RO         3000    .emb_text           c_p.l(maybetermalloc1.o)
    0x0800025c   0x0000012c   Code   RO           29    .text               main.o
    0x08000388   0x0000001c   Code   RO          583    .text               startup_stm32f030x8.o
    0x080003a4   0x0000000e   Code   RO         2294    .text               c_p.l(vfprintf.o)
    0x080003b2   0x0000000e   Code   RO         2296    .text               c_p.l(c89vfprintf.o)
    0x080003c0   0x0000002c   Code   RO         2298    .text               c_p.l(__2sprintf.o)
    0x080003ec   0x00000098   Code   RO         2322    .text               c_p.l(_printf_hex_int_ll_ptr.o)
    0x08000484   0x00000188   Code   RO         2342    .text               c_p.l(__printf_flags_ss_wp.o)
    0x0800060c   0x00000040   Code   RO         2349    .text               c_p.l(__0sscanf.o)
    0x0800064c   0x0000014a   Code   RO         2351    .text               c_p.l(_scanf_int.o)
    0x08000796   0x00000002   PAD
    0x08000798   0x00000068   Code   RO         2353    .text               c_p.l(fflush.o)
    0x08000800   0x000000e8   Code   RO         2367    .text               c_p.l(fopen.o)
    0x080008e8   0x0000001a   Code   RO         2369    .text               c_p.l(setbuf.o)
    0x08000902   0x00000002   PAD
    0x08000904   0x0000004c   Code   RO         2377    .text               c_p.l(fclose.o)
    0x08000950   0x00000044   Code   RO         2392    .text               c_p.l(strlen.o)
    0x08000994   0x000000a0   Code   RO         2394    .text               c_p.l(strncmp.o)
    0x08000a34   0x00000040   Code   RO         2396    .text               c_p.l(rt_memclr.o)
    0x08000a74   0x000000a0   Code   RO         2400    .text               c_p.l(strcmpv6m.o)
    0x08000b14   0x000001e8   Code   RO         2402    .text               c_p.l(aeabi_sdivfast.o)
    0x08000cfc   0x00000024   Code   RO         2411    .text               c_p.l(init_aeabi.o)
    0x08000d20   0x0000004c   Code   RO         2536    .text               fz_ps.l(ffixi.o)
    0x08000d6c   0x00000008   Code   RO         2552    .text               c_p.l(rt_ddtor_pointer_addr.o)
    0x08000d74   0x00000062   Code   RO         2561    .text               c_p.l(h1_alloc.o)
    0x08000dd6   0x0000004c   Code   RO         2563    .text               c_p.l(h1_free.o)
    0x08000e22   0x0000004e   Code   RO         2619    .text               c_p.l(_printf_pad.o)
    0x08000e70   0x00000024   Code   RO         2621    .text               c_p.l(_printf_truncate.o)
    0x08000e94   0x00000052   Code   RO         2623    .text               c_p.l(_printf_str.o)
    0x08000ee6   0x000000b0   Code   RO         2625    .text               c_p.l(_printf_intcommon.o)
    0x08000f96   0x00000002   PAD
    0x08000f98   0x0000006c   Code   RO         2627    .text               c_p.l(_printf_dec.o)
    0x08001004   0x00000026   Code   RO         2629    .text               c_p.l(_printf_charcount.o)
    0x0800102a   0x00000002   PAD
    0x0800102c   0x00000030   Code   RO         2631    .text               c_p.l(_printf_char_common.o)
    0x0800105c   0x0000000a   Code   RO         2633    .text               c_p.l(_sputc.o)
    0x08001066   0x00000002   PAD
    0x08001068   0x00000028   Code   RO         2635    .text               c_p.l(_printf_char_file.o)
    0x08001090   0x000000bc   Code   RO         2637    .text               c_p.l(_printf_wctomb.o)
    0x0800114c   0x00000070   Code   RO         2640    .text               c_p.l(_printf_longlong_dec.o)
    0x080011bc   0x00000070   Code   RO         2646    .text               c_p.l(_printf_oct_int_ll.o)
    0x0800122c   0x0000001e   Code   RO         2670    .text               c_p.l(_chval.o)
    0x0800124a   0x00000002   PAD
    0x0800124c   0x00000030   Code   RO         2676    .text               c_p.l(scanf_char.o)
    0x0800127c   0x00000044   Code   RO         2678    .text               c_p.l(_sgetc.o)
    0x080012c0   0x00000008   Code   RO         2688    .text               c_p.l(ferror.o)
    0x080012c8   0x000001f0   Code   RO         2692    .text               c_p.l(flsbuf.o)
    0x080014b8   0x000000f4   Code   RO         2694    .text               c_p.l(fseek.o)
    0x080015ac   0x0000004c   Code   RO         2696    .text               c_p.l(setvbuf.o)
    0x080015f8   0x000000f0   Code   RO         2698    .text               c_p.l(stdio.o)
    0x080016e8   0x0000013c   Code   RO         2701    .text               c_p.l(initio.o)
    0x08001824   0x0000000c   Code   RO         2709    .text               c_p.l(defsig_pvfn_outer.o)
    0x08001830   0x00000008   Code   RO         2847    .text               c_p.l(rt_heap_descriptor.o)
    0x08001838   0x00000004   Code   RO         2852    .text               c_p.l(hguard.o)
    0x0800183c   0x00000088   Code   RO         2854    .text               c_p.l(init_alloc.o)
    0x080018c4   0x0000000e   Code   RO         2858    .text               c_p.l(h1_init.o)
    0x080018d2   0x0000007a   Code   RO         2874    .text               c_p.l(lludiv10.o)
    0x0800194c   0x00000012   Code   RO         2876    .text               c_p.l(isspace.o)
    0x0800195e   0x00000002   PAD
    0x08001960   0x00000414   Code   RO         2878    .text               c_p.l(_printf_fp_dec.o)
    0x08001d74   0x000002d4   Code   RO         2880    .text               c_p.l(_printf_fp_hex.o)
    0x08002048   0x0000002e   Code   RO         2885    .text               c_p.l(_printf_char.o)
    0x08002076   0x0000002e   Code   RO         2889    .text               c_p.l(_printf_wchar.o)
    0x080020a4   0x00000380   Code   RO         2891    .text               c_p.l(_scanf.o)
    0x08002424   0x00000042   Code   RO         2901    .text               c_p.l(ftell.o)
    0x08002466   0x00000040   Code   RO         2927    .text               c_p.l(_wcrtomb.o)
    0x080024a6   0x0000000c   Code   RO         2929    .text               c_p.l(defsig_exit.o)
    0x080024b2   0x0000000c   Code   RO         2931    .text               c_p.l(defsig_rtred_outer.o)
    0x080024be   0x00000002   PAD
    0x080024c0   0x00000030   Code   RO         2935    .text               c_p.l(defsig_pvfn_inner.o)
    0x080024f0   0x00000028   Code   RO         2943    .text               c_p.l(rtudiv10.o)
    0x08002518   0x0000000c   Code   RO         2979    .text               c_p.l(sys_exit.o)
    0x08002524   0x00000010   Code   RO         2981    .text               c_p.l(rt_ctype_table.o)
    0x08002534   0x00000008   Code   RO         2983    .text               c_p.l(rt_locale.o)
    0x0800253c   0x00000008   Code   RO         2993    .text               c_p.l(rt_errno_addr.o)
    0x08002544   0x00000034   Code   RO         3002    .text               c_p.l(h1_extend.o)
    0x08002578   0x00000088   Code   RO         3006    .text               c_p.l(_printf_fp_infnan.o)
    0x08002600   0x000000c8   Code   RO         3008    .text               c_p.l(bigflt0.o)
    0x080026c8   0x000004a8   Code   RO         3011    .text               c_p.l(btod.o)
    0x08002b70   0x00000034   Code   RO         3024    .text               c_p.l(defsig_general.o)
    0x08002ba4   0x00000034   Code   RO         3030    .text               c_p.l(defsig_rtred_inner.o)
    0x08002bd8   0x0000000c   Code   RO         3032    .text               c_p.l(defsig_rtmem_outer.o)
    0x08002be4   0x00000050   Code   RO         3036    .text               c_p.l(heapauxa.o)
    0x08002c34   0x0000000c   Code   RO         3082    .text               c_p.l(sys_wrch.o)
    0x08002c40   0x00000002   Code   RO         3084    .text               c_p.l(use_no_semi.o)
    0x08002c42   0x00000000   Code   RO         3086    .text               c_p.l(indicate_semi.o)
    0x08002c42   0x00000002   PAD
    0x08002c44   0x00000050   Code   RO         3106    .text               c_p.l(defsig_rtmem_inner.o)
    0x08002c94   0x00000010   Code   RO          466    i.$Sub$$main        retarget.o
    0x08002ca4   0x00000008   Code   RO         2209    i.<Func1>           mbed.ar(SerialBase.o)
    0x08002cac   0x00000158   Code   RO          838    i.HAL_GPIO_Init     stm32f0xx_hal_gpio.o
    0x08002e04   0x0000000c   Code   RO          596    i.HAL_GetTick       stm32f0xx_hal.o
    0x08002e10   0x00000010   Code   RO          597    i.HAL_IncTick       stm32f0xx_hal.o
    0x08002e20   0x00000020   Code   RO          598    i.HAL_Init          stm32f0xx_hal.o
    0x08002e40   0x000000c8   Code   RO           17    i.HAL_InitTick      hal_tick.o
    0x08002f08   0x00000002   Code   RO          601    i.HAL_MspInit       stm32f0xx_hal.o
    0x08002f0a   0x00000002   PAD
    0x08002f0c   0x000001d4   Code   RO         1026    i.HAL_RCC_ClockConfig  stm32f0xx_hal_rcc.o
    0x080030e0   0x00000084   Code   RO         1033    i.HAL_RCC_GetPCLK1Freq  stm32f0xx_hal_rcc.o
    0x08003164   0x0000007c   Code   RO         1034    i.HAL_RCC_GetSysClockFreq  stm32f0xx_hal_rcc.o
    0x080031e0   0x000003c8   Code   RO         1037    i.HAL_RCC_OscConfig  stm32f0xx_hal_rcc.o
    0x080035a8   0x00000032   Code   RO         1342    i.HAL_TIM_Base_Init  stm32f0xx_hal_tim.o
    0x080035da   0x00000002   Code   RO         1344    i.HAL_TIM_Base_MspInit  stm32f0xx_hal_tim.o
    0x080035dc   0x00000018   Code   RO         1345    i.HAL_TIM_Base_Start  stm32f0xx_hal_tim.o
    0x080035f4   0x00000058   Code   RO         1392    i.HAL_TIM_OC_Start  stm32f0xx_hal_tim.o
    0x0800364c   0x0000006e   Code   RO         1632    i.HAL_UART_Init     stm32f0xx_hal_uart.o
    0x080036ba   0x00000002   Code   RO         1634    i.HAL_UART_MspInit  stm32f0xx_hal_uart.o
    0x080036bc   0x00000048   Code   RO           10    i.NVIC_SetVector    cmsis_nvic.o
    0x08003704   0x00000072   Code   RO         1806    i.SetSysClock_PLL_HSE  system_stm32f0xx.o
    0x08003776   0x00000002   PAD
    0x08003778   0x000000c0   Code   RO         2144    i.Set_GPIO_Clock    mbed.ar(pinmap.o)
    0x08003838   0x00000070   Code   RO         1808    i.SystemCoreClockUpdate  system_stm32f0xx.o
    0x080038a8   0x000000dc   Code   RO         1809    i.SystemInit        system_stm32f0xx.o
    0x08003984   0x00000084   Code   RO         1426    i.TIM_Base_SetConfig  stm32f0xx_hal_tim.o
    0x08003a08   0x000000cc   Code   RO         1645    i.UART_AdvFeatureConfig  stm32f0xx_hal_uart.o
    0x08003ad4   0x0000014c   Code   RO         1654    i.UART_SetConfig    stm32f0xx_hal_uart.o
    0x08003c20   0x0000005c   Code   RO           51    i._ZN4mbed10DigitalOutaSEi  main.o
    0x08003c7c   0x0000003a   Code   RO          576    i._ZN4mbed10FileHandle4flenEv  retarget.o
    0x08003cb6   0x00000002   PAD
    0x08003cb8   0x0000002c   Code   RO          468    i._ZN4mbed10FileHandleD2Ev  retarget.o
    0x08003ce4   0x0000000e   Code   RO         2211    i._ZN4mbed10SerialBase10_base_putcEi  mbed.ar(SerialBase.o)
    0x08003cf2   0x0000002e   Code   RO         2213    i._ZN4mbed10SerialBase12_irq_handlerEj9SerialIrq  mbed.ar(SerialBase.o)
    0x08003d20   0x00000054   Code   RO         2219    i._ZN4mbed10SerialBaseC1E7PinNameS1_  mbed.ar(SerialBase.o)
    0x08003d74   0x0000000a   Code   RO          469    i._ZN4mbed26mbed_set_unbuffered_streamEPSt6__FILE  retarget.o
    0x08003d7e   0x00000002   PAD
    0x08003d80   0x0000002c   Code   RO         1967    i._ZN4mbed6SerialC1E7PinNameS1_PKc  mbed.ar(Serial.o)
    0x08003dac   0x0000000c   Code   RO         1985    i._ZN4mbed6SerialD1Ev  mbed.ar(Serial.o)
    0x08003db8   0x00000004   Code   RO         2009    i._ZN4mbed6Stream4flenEv  mbed.ar(Stream.o)
    0x08003dbc   0x00000004   Code   RO         2015    i._ZN4mbed6Stream5closeEv  mbed.ar(Stream.o)
    0x08003dc0   0x00000004   Code   RO         2017    i._ZN4mbed6Stream5lseekEli  mbed.ar(Stream.o)
    0x08003dc4   0x00000026   Code   RO         2019    i._ZN4mbed6Stream5writeEPKvj  mbed.ar(Stream.o)
    0x08003dea   0x00000004   Code   RO         2020    i._ZN4mbed6Stream6isattyEv  mbed.ar(Stream.o)
    0x08003dee   0x00000020   Code   RO         2021    i._ZN4mbed6Stream6printfEPKcz  mbed.ar(Stream.o)
    0x08003e0e   0x00000002   PAD
    0x08003e10   0x00000044   Code   RO         2024    i._ZN4mbed6StreamC2EPKc  mbed.ar(Stream.o)
    0x08003e54   0x00000024   Code   RO         2026    i._ZN4mbed6StreamD2Ev  mbed.ar(Stream.o)
    0x08003e78   0x00000004   Code   RO         2156    i._ZN4mbed8FileBase11getPathTypeEv  mbed.ar(FileBase.o)
    0x08003e7c   0x0000003c   Code   RO         2158    i._ZN4mbed8FileBase6lookupEPKcj  mbed.ar(FileBase.o)
    0x08003eb8   0x00000024   Code   RO         2160    i._ZN4mbed8FileBaseC1EPKcNS_8PathTypeE  mbed.ar(FileBase.o)
    0x08003edc   0x00000034   Code   RO         2162    i._ZN4mbed8FileBaseD1Ev  mbed.ar(FileBase.o)
    0x08003f10   0x00000024   Code   RO         2186    i._ZN4mbed8FileLikeC2EPKc  mbed.ar(FileLike.o)
    0x08003f34   0x00000010   Code   RO         2188    i._ZN4mbed8FileLikeD2Ev  mbed.ar(FileLike.o)
    0x08003f44   0x0000001a   Code   RO         1880    i._ZN4mbed8FilePath10fileSystemEv  mbed.ar(FilePath.o)
    0x08003f5e   0x00000020   Code   RO         1882    i._ZN4mbed8FilePath4fileEv  mbed.ar(FilePath.o)
    0x08003f7e   0x0000000a   Code   RO         1883    i._ZN4mbed8FilePath6existsEv  mbed.ar(FilePath.o)
    0x08003f88   0x00000018   Code   RO         1884    i._ZN4mbed8FilePath6isFileEv  mbed.ar(FilePath.o)
    0x08003fa0   0x00000004   Code   RO         1885    i._ZN4mbed8FilePath8fileNameEv  mbed.ar(FilePath.o)
    0x08003fa4   0x00000044   Code   RO         1886    i._ZN4mbed8FilePathC1EPKc  mbed.ar(FilePath.o)
    0x08003fe8   0x0000000a   Code   RO         1969    i._ZThn84_N4mbed6Serial5_putcEi  mbed.ar(Serial.o)
    0x08003ff2   0x00000030   Code   RO         3013    i.__ARM_common_ll_muluu  c_p.l(btod.o)
    0x08004022   0x00000002   PAD
    0x08004024   0x0000002c   Code   RO         3074    i.__ARM_fpclassify  m_ps.l(fpclassify.o)
    0x08004050   0x0000002c   Code   RO         2530    i.__aeabi_atexit    cpprt_p.l(aeabi_atexit.o)
    0x0800407c   0x00000022   Code   RO         2533    i.__aeabi_vec_ctor_nocookie_nodtor  cpprt_p.l(aeabi_vec_ctor_nocookie_nodtor.o)
    0x0800409e   0x00000042   Code   RO         2798    i.__cxa_finalize    cpprt_p.l(cxa_finalize.o)
    0x080040e0   0x0000000a   Code   RO         2421    i.__cxa_pure_virtual  cpprt_p.l(pure_virt.o)
    0x080040ea   0x00000002   PAD
    0x080040ec   0x00000010   Code   RO         1800    i.__user_setup_stackheap  sys.o
    0x080040fc   0x0000000e   Code   RO         2335    i._is_digit         c_p.l(__printf_wp.o)
    0x0800410a   0x00000002   PAD
    0x0800410c   0x0000002c   Code   RO          472    i._sys_close        retarget.o
    0x08004138   0x00000028   Code   RO          475    i._sys_flen         retarget.o
    0x08004160   0x00000028   Code   RO          476    i._sys_istty        retarget.o
    0x08004188   0x00000140   Code   RO          477    i._sys_open         retarget.o
    0x080042c8   0x00000028   Code   RO          479    i._sys_seek         retarget.o
    0x080042f0   0x00000060   Code   RO          480    i._sys_write        retarget.o
    0x08004350   0x00000018   Code   RO         2254    i.error             mbed.ar(error.o)
    0x08004368   0x00000020   Code   RO          482    i.exit              retarget.o
    0x08004388   0x0000001e   Code   RO         2362    i.fputc             c_p.l(fputc.o)
    0x080043a6   0x00000002   PAD
    0x080043a8   0x0000004c   Code   RO         2131    i.gpio_dir          mbed.ar(gpio_api.o)
    0x080043f4   0x00000038   Code   RO         2132    i.gpio_init         mbed.ar(gpio_api.o)
    0x0800442c   0x00000022   Code   RO         2081    i.gpio_init_in      mbed.ar(gpio.o)
    0x0800444e   0x00000002   PAD
    0x08004450   0x00000040   Code   RO         2084    i.gpio_init_out     mbed.ar(gpio.o)
    0x08004490   0x00000060   Code   RO         2085    i.gpio_init_out_ex  mbed.ar(gpio.o)
    0x080044f0   0x0000000e   Code   RO         2133    i.gpio_mode         mbed.ar(gpio_api.o)
    0x080044fe   0x00000002   PAD
    0x08004500   0x00000050   Code   RO         1821    i.init_uart         mbed.ar(serial_api.o)
    0x08004550   0x00000044   Code   RO         2077    i.mbed_assert_internal  mbed.ar(assert.o)
    0x08004594   0x00000010   Code   RO            3    i.mbed_die          board.o
    0x080045a4   0x00000002   Code   RO          483    i.mbed_main         retarget.o
    0x080045a6   0x0000000c   Code   RO          460    i.mbed_sdk_init     mbed_overrides.o
    0x080045b2   0x00000002   PAD
    0x080045b4   0x0000006c   Code   RO         2145    i.pin_function      mbed.ar(pinmap.o)
    0x08004620   0x00000054   Code   RO         2146    i.pin_mode          mbed.ar(pinmap.o)
    0x08004674   0x00000034   Code   RO         2263    i.pinmap_merge      mbed.ar(pinmap_common.o)
    0x080046a8   0x0000005c   Code   RO         2264    i.pinmap_peripheral  mbed.ar(pinmap_common.o)
    0x08004704   0x00000054   Code   RO         2265    i.pinmap_pinout     mbed.ar(pinmap_common.o)
    0x08004758   0x00000110   Code   RO         1829    i.serial_init       mbed.ar(serial_api.o)
    0x08004868   0x00000018   Code   RO         1830    i.serial_irq_handler  mbed.ar(serial_api.o)
    0x08004880   0x00000024   Code   RO         1833    i.serial_putc       mbed.ar(serial_api.o)
    0x080048a4   0x0000001c   Code   RO         1862    i.set_compare       mbed.ar(us_ticker.o)
    0x080048c0   0x0000004a   Code   RO         2278    i.ticker_irq_handler  mbed.ar(ticker_api.o)
    0x0800490a   0x00000002   PAD
    0x0800490c   0x00000094   Code   RO           18    i.timer_oc_irq_handler  hal_tick.o
    0x080049a0   0x00000028   Code   RO           19    i.timer_update_irq_handler  hal_tick.o
    0x080049c8   0x00000020   Code   RO         1863    i.us_ticker_clear_interrupt  mbed.ar(us_ticker.o)
    0x080049e8   0x00000018   Code   RO         1864    i.us_ticker_disable_interrupt  mbed.ar(us_ticker.o)
    0x08004a00   0x0000001c   Code   RO         1865    i.us_ticker_init    mbed.ar(us_ticker.o)
    0x08004a1c   0x00000010   Code   RO         2097    i.us_ticker_irq_handler  mbed.ar(us_ticker_api.o)
    0x08004a2c   0x00000038   Code   RO         1866    i.us_ticker_read    mbed.ar(us_ticker.o)
    0x08004a64   0x0000008c   Code   RO         1867    i.us_ticker_set_interrupt  mbed.ar(us_ticker.o)
    0x08004af0   0x00000024   Code   RO         2107    i.wait              mbed.ar(wait_api.o)
    0x08004b14   0x0000001c   Code   RO         2108    i.wait_ms           mbed.ar(wait_api.o)
    0x08004b30   0x0000002c   Code   RO         3018    locale$$code        c_p.l(lc_numeric_c.o)
    0x08004b5c   0x0000002c   Code   RO         3096    locale$$code        c_p.l(lc_ctype_c.o)
    0x08004b88   0x000000b0   Code   RO         2538    x$fpl$fmul          fz_ps.l(fmul.o)
    0x08004c38   0x00000010   Code   RO         2814    x$fpl$printf1       fz_ps.l(printf1.o)
    0x08004c48   0x00000010   Code   RO         2816    x$fpl$printf2       fz_ps.l(printf2.o)
    0x08004c58   0x00000000   Code   RO         2824    x$fpl$usenofp       fz_ps.l(usenofp.o)
    0x08004c58   0x00000017   Data   RO          525    .constdata          retarget.o
    0x08004c6f   0x00000010   Data   RO         1038    .constdata          stm32f0xx_hal_rcc.o
    0x08004c7f   0x00000010   Data   RO         1810    .constdata          system_stm32f0xx.o
    0x08004c8f   0x00000001   PAD
    0x08004c90   0x00000014   Data   RO         2098    .constdata          mbed.ar(us_ticker_api.o)
    0x08004ca4   0x00000008   Data   RO         2099    .constdata          mbed.ar(us_ticker_api.o)
    0x08004cac   0x00000030   Data   RO         2121    .constdata          mbed.ar(PeripheralPins.o)
    0x08004cdc   0x0000003c   Data   RO         2122    .constdata          mbed.ar(PeripheralPins.o)
    0x08004d18   0x00000034   Data   RO         2147    .constdata          mbed.ar(pinmap.o)
    0x08004d4c   0x00000028   Data   RO         2323    .constdata          c_p.l(_printf_hex_int_ll_ptr.o)
    0x08004d74   0x00000011   Data   RO         2343    .constdata          c_p.l(__printf_flags_ss_wp.o)
    0x08004d85   0x00000003   PAD
    0x08004d88   0x00000008   Data   RO         2638    .constdata          c_p.l(_printf_wctomb.o)
    0x08004d90   0x00000026   Data   RO         2881    .constdata          c_p.l(_printf_fp_hex.o)
    0x08004db6   0x00000002   PAD
    0x08004db8   0x00000094   Data   RO         3009    .constdata          c_p.l(bigflt0.o)
    0x08004e4c   0x0000002c   Data   RO          575    .constdata__ZTVN4mbed10FileHandleE  retarget.o
    0x08004e78   0x00000010   Data   RO         2245    .constdata__ZTVN4mbed10SerialBaseE  mbed.ar(SerialBase.o)
    0x08004e88   0x0000005c   Data   RO         1983    .constdata__ZTVN4mbed6SerialE  mbed.ar(Serial.o)
    0x08004ee4   0x00000044   Data   RO         2074    .constdata__ZTVN4mbed6StreamE  mbed.ar(Stream.o)
    0x08004f28   0x00000010   Data   RO         2181    .constdata__ZTVN4mbed8FileBaseE  mbed.ar(FileBase.o)
    0x08004f38   0x0000003c   Data   RO         2204    .constdata__ZTVN4mbed8FileLikeE  mbed.ar(FileLike.o)
    0x08004f74   0x00000042   Data   RO           32    .conststring        main.o
    0x08004fb6   0x00000002   PAD
    0x08004fb8   0x00000068   Data   RO         1839    .conststring        mbed.ar(serial_api.o)
    0x08005020   0x0000006e   Data   RO         2086    .conststring        mbed.ar(gpio.o)
    0x0800508e   0x00000002   PAD
    0x08005090   0x00000066   Data   RO         2135    .conststring        mbed.ar(gpio_api.o)
    0x080050f6   0x00000002   PAD
    0x080050f8   0x00000064   Data   RO         2148    .conststring        mbed.ar(pinmap.o)
    0x0800515c   0x00000020   Data   RO         3180    Region$$Table       anon$$obj.o
    0x0800517c   0x0000001c   Data   RO         3017    locale$$data        c_p.l(lc_numeric_c.o)
    0x08005198   0x00000110   Data   RO         3095    locale$$data        c_p.l(lc_ctype_c.o)
    0x080052a8   0x00000004   Data   RO           33    .init_array         main.o
    0x080052ac   0x00000000   Data   RO         2409    .init_array         c_p.l(init_aeabi.o)


    Execution Region RW_IRAM1 (Base: 0x200000b4, Size: 0x0000033c, Max: 0x00001f4c, ABSOLUTE)

    Base Addr    Size         Type   Attr      Idx    E Section Name        Object

    0x200000b4   0x00000004   Data   RW           21    .data               hal_tick.o
    0x200000b8   0x00000004   Data   RW          604    .data               stm32f0xx_hal.o
    0x200000bc   0x00000004   Data   RW         1811    .data               system_stm32f0xx.o
    0x200000c0   0x00000010   Data   RW         1840    .data               mbed.ar(serial_api.o)
    0x200000d0   0x00000010   Data   RW         1869    .data               mbed.ar(us_ticker.o)
    0x200000e0   0x00000008   Data   RW         2100    .data               mbed.ar(us_ticker_api.o)
    0x200000e8   0x00000004   Data   RW         2170    .data               mbed.ar(FileBase.o)
    0x200000ec   0x00000004   Data   RW         2374    .data               c_p.l(stdio_streams.o)
    0x200000f0   0x00000004   Data   RW         2375    .data               c_p.l(stdio_streams.o)
    0x200000f4   0x00000004   Data   RW         2376    .data               c_p.l(stdio_streams.o)
    0x200000f8   0x00000004   Data   RW         3037    .data               c_p.l(heapauxa.o)
    0x200000fc   0x0000003c   Zero   RW           20    .bss                hal_tick.o
    0x20000138   0x00000094   Zero   RW           31    .bss                main.o
    0x200001cc   0x00000040   Zero   RW          524    .bss                retarget.o
    0x2000020c   0x0000008c   Zero   RW         1838    .bss                mbed.ar(serial_api.o)
    0x20000298   0x0000003c   Zero   RW         1868    .bss                mbed.ar(us_ticker.o)
    0x200002d4   0x00000054   Zero   RW         2371    .bss                c_p.l(stdio_streams.o)
    0x20000328   0x00000054   Zero   RW         2372    .bss                c_p.l(stdio_streams.o)
    0x2000037c   0x00000054   Zero   RW         2373    .bss                c_p.l(stdio_streams.o)
    0x200003d0   0x00000004   Zero   RW         2553    .bss                c_p.l(rt_ddtor_pointer_addr.o)
    0x200003d4   0x00000004   Zero   RW         2848    .bss                c_p.l(rt_heap_descriptor.o)
    0x200003d8   0x00000014   Zero   RW         2984    .bss                c_p.l(rt_locale.o)
    0x200003ec   0x00000004   Zero   RW         2994    .bss                c_p.l(rt_errno_addr.o)


==============================================================================

Image component sizes


      Code (inc. data)   RO Data    RW Data    ZI Data      Debug   Object Name

        16          0          0          0          0         64   board.o
        72          8          0          0          0         80   cmsis_nvic.o
       388         80          0          4         60        212   hal_tick.o
       392        138         70          0        148     110866   main.o
        12          0          0          0          0         68   mbed_overrides.o
       742         82         67          0         64        824   retarget.o
        28          8        180          0          0        164   startup_stm32f030x8.o
        62         18          0          4          0        248   stm32f0xx_hal.o
       344         26          0          0          0         84   stm32f0xx_hal_gpio.o
      1692        100         16          0          0        308   stm32f0xx_hal_rcc.o
       296         42          0          0          0        344   stm32f0xx_hal_tim.o
       648         26          0          0          0        280   stm32f0xx_hal_uart.o
        16          6          0          0          0         60   sys.o
       446         44         16          4          0        236   system_stm32f0xx.o

    ----------------------------------------------------------------------
      5164        578        384         12        272     113838   Object Totals
         0          0         32          0          0          0   (incl. Generated)
        10          0          3          0          0          0   (incl. Padding)

    ----------------------------------------------------------------------

      Code (inc. data)   RO Data    RW Data    ZI Data      Debug   Library Member Name

        64         10          0          0          0         84   __0sscanf.o
        44          4          0          0          0         84   __2sprintf.o
         8          0          0          0          0         68   __main.o
       392          6         17          0          0         76   __printf_flags_ss_wp.o
        14          0          0          0          0         60   __printf_wp.o
         0          0          0          0          0          0   __rtentry.o
        12          0          0          0          0          0   __rtentry2.o
         6          0          0          0          0          0   __rtentry4.o
        60          8          0          0          0          0   __scatter.o
        26          0          0          0          0          0   __scatter_copy.o
        28          0          0          0          0          0   __scatter_zi.o
        30          0          0          0          0         60   _chval.o
        10          0          0          0          0          0   _printf_a.o
        10          0          0          0          0          0   _printf_c.o
        46          0          0          0          0        100   _printf_char.o
        48          6          0          0          0         88   _printf_char_common.o
        40          6          0          0          0         72   _printf_char_file.o
        38          0          0          0          0         60   _printf_charcount.o
        10          0          0          0          0          0   _printf_d.o
       108         18          0          0          0         76   _printf_dec.o
        10          0          0          0          0          0   _printf_e.o
        10          0          0          0          0          0   _printf_f.o
      1044         14          0          0          0        176   _printf_fp_dec.o
       724         10         38          0          0         84   _printf_fp_hex.o
       136         16          0          0          0         76   _printf_fp_infnan.o
        10          0          0          0          0          0   _printf_g.o
       152          4         40          0          0        148   _printf_hex_int_ll_ptr.o
        10          0          0          0          0          0   _printf_i.o
       176          0          0          0          0         84   _printf_intcommon.o
        10          0          0          0          0          0   _printf_l.o
        10          0          0          0          0          0   _printf_lc.o
        10          0          0          0          0          0   _printf_ll.o
        10          0          0          0          0          0   _printf_lld.o
        10          0          0          0          0          0   _printf_lli.o
        10          0          0          0          0          0   _printf_llo.o
        10          0          0          0          0          0   _printf_llu.o
        10          0          0          0          0          0   _printf_llx.o
       112         18          0          0          0         76   _printf_longlong_dec.o
        10          0          0          0          0          0   _printf_ls.o
        10          0          0          0          0          0   _printf_n.o
        10          0          0          0          0          0   _printf_o.o
       112         10          0          0          0        112   _printf_oct_int_ll.o
        10          0          0          0          0          0   _printf_p.o
        78          0          0          0          0        100   _printf_pad.o
         2          0          0          0          0          0   _printf_percent.o
         4          0          0          0          0          0   _printf_percent_end.o
        10          0          0          0          0          0   _printf_s.o
        82          0          0          0          0         72   _printf_str.o
        36          0          0          0          0         76   _printf_truncate.o
        10          0          0          0          0          0   _printf_u.o
        46          0          0          0          0        100   _printf_wchar.o
       188          6          8          0          0         80   _printf_wctomb.o
        10          0          0          0          0          0   _printf_x.o
       896         16          0          0          0         84   _scanf.o
       330          0          0          0          0         84   _scanf_int.o
        68          0          0          0          0         76   _sgetc.o
        10          0          0          0          0         60   _sputc.o
        64          0          0          0          0         72   _wcrtomb.o
       488          0          0          0          0         92   aeabi_sdivfast.o
       200          4        148          0          0         80   bigflt0.o
      1240         12          0          0          0        316   btod.o
        14          0          0          0          0         68   c89vfprintf.o
        12          0          0          0          0         68   defsig_exit.o
        52          0          0          0          0         72   defsig_general.o
        48         34          0          0          0         68   defsig_pvfn_inner.o
        12          0          0          0          0         68   defsig_pvfn_outer.o
        80         58          0          0          0         68   defsig_rtmem_inner.o
        12          0          0          0          0         68   defsig_rtmem_outer.o
        52         38          0          0          0         68   defsig_rtred_inner.o
        12          0          0          0          0         68   defsig_rtred_outer.o
        76          4          0          0          0         76   fclose.o
         8          0          0          0          0         60   ferror.o
       104          4          0          0          0        100   fflush.o
       496         10          0          0          0         76   flsbuf.o
       232          8          0          0          0        108   fopen.o
        30          0          0          0          0         68   fputc.o
       244          4          0          0          0         76   fseek.o
        66          0          0          0          0         68   ftell.o
        98          0          0          0          0         72   h1_alloc.o
        52          0          0          0          0         68   h1_extend.o
        76          0          0          0          0         72   h1_free.o
        14          0          0          0          0         76   h1_init.o
        80          4          0          4          0         88   heapauxa.o
         4          0          0          0          0        120   hguard.o
         0          0          0          0          0          0   indicate_semi.o
        36         10          0          0          0         72   init_aeabi.o
       136          0          0          0          0        160   init_alloc.o
       316         44          0          0          0         96   initio.o
        18          0          0          0          0         68   isspace.o
        44         10        272          0          0         76   lc_ctype_c.o
        44         10         28          0          0         76   lc_numeric_c.o
         2          0          0          0          0          0   libinit.o
        46          0          0          0          0          0   libinit2.o
         6          0          0          0          0          0   libshutdown2.o
       122          0          0          0          0         72   lludiv10.o
         0          0          0          0          0          0   maybetermalloc1.o
        16          4          0          0          0         76   rt_ctype_table.o
         8          4          0          0          4         68   rt_ddtor_pointer_addr.o
         8          4          0          0          4         68   rt_errno_addr.o
         8          4          0          0          4         68   rt_heap_descriptor.o
         8          4          0          0         20         68   rt_locale.o
        64          0          0          0          0        108   rt_memclr.o
        40          0          0          0          0         60   rtudiv10.o
        48          8          0          0          0         84   scanf_char.o
        26          0          0          0          0         68   setbuf.o
        76          4          0          0          0         72   setvbuf.o
       240          8          0          0          0        144   stdio.o
         0          0          0         12        252          0   stdio_streams.o
       160          4          0          0          0         80   strcmpv6m.o
        68          6          0          0          0         72   strlen.o
       160          6          0          0          0         76   strncmp.o
        12          4          0          0          0         60   sys_exit.o
        12          0          0          0          0         68   sys_wrch.o
         2          0          0          0          0         68   use_no_semi.o
        14          0          0          0          0         68   vfprintf.o
        44          0          0          0          0         76   aeabi_atexit.o
        34          0          0          0          0         80   aeabi_vec_ctor_nocookie_nodtor.o
        66          0          0          0          0         76   cxa_finalize.o
        10          0          0          0          0         68   pure_virt.o
        76          0          0          0          0         68   ffixi.o
       176          4          0          0          0         80   fmul.o
        16          4          0          0          0         76   printf1.o
        16          4          0          0          0         76   printf2.o
         0          0          0          0          0          0   usenofp.o
        44          4          0          0          0         60   fpclassify.o
       152         22         16          4          0        252   FileBase.o
        52         12         60          0          0        136   FileLike.o
       164          0          0          0          0        392   FilePath.o
         0          0        108          0          0          0   PeripheralPins.o
        66         12         92          0          0        204   Serial.o
       152         12         16          0          0        288   SerialBase.o
       190         26         68          0          0        552   Stream.o
        68         52          0          0          0         68   assert.o
        24          4          0          0          0         72   error.o
       194         38        110          0          0        220   gpio.o
       146         32        102          0          0        212   gpio_api.o
       384        118        152          0          0        224   pinmap.o
       228         76          0          0          0        204   pinmap_common.o
       412         84        104         16        140        276   serial_api.o
        74          0          0          0          0         68   ticker_api.o
       308         58          0         16         60        392   us_ticker.o
        16          6         28          8          0         68   us_ticker_api.o
        64          4          0          0          0        144   wait_api.o

    ----------------------------------------------------------------------
     14200       1038       1416         60        484      11048   Library Totals
        38          0          9          0          0          0   (incl. Padding)

    ----------------------------------------------------------------------

      Code (inc. data)   RO Data    RW Data    ZI Data      Debug   Library Name

     10986        466        551         16        284       6616   c_p.l
       154          0          0          0          0        300   cpprt_p.l
       284         12          0          0          0        300   fz_ps.l
        44          4          0          0          0         60   m_ps.l
      2694        556        856         44        200       3772   mbed.ar

    ----------------------------------------------------------------------
     14200       1038       1416         60        484      11048   Library Totals

    ----------------------------------------------------------------------

==============================================================================


      Code (inc. data)   RO Data    RW Data    ZI Data      Debug   

     19364       1616       1800         72        756     116970   Grand Totals
     19364       1616       1800         72        756     116970   ELF Image Totals
     19364       1616       1800         72          0          0   ROM Totals

==============================================================================

    Total RO  Size (Code + RO Data)                21164 (  20.67kB)
    Total RW  Size (RW Data + ZI Data)               828 (   0.81kB)
    Total ROM Size (Code + RO Data + RW Data)      21236 (  20.74kB)

==============================================================================

