<html>
<body>
<pre>
<h1>µVision Build Log</h1>
<h2>Tool Versions:</h2>
IDE-Version: ¦ÌVision V5.15
Copyright (C) 2015 ARM Ltd and ARM Germany GmbH. All rights reserved.
License Information: sky Sky123.Org, Sky123.Org, LIC=P6F63-A5JSF-NTD3G-V0HZ9-EFB8I-J7I5M
 
Tool Versions:
Toolchain:       MDK-ARM Professional  Version: 5.15.0
Toolchain Path:  D:\Keil_v515\ARM\ARMCC\Bin
C Compiler:      Armcc.exe V5.05 update 2 (build 169)
Assembler:       Armasm.exe V5.05 update 2 (build 169)
Linker/Locator:  ArmLink.exe V5.05 update 2 (build 169)
Library Manager: ArmAr.exe V5.05 update 2 (build 169)
Hex Converter:   FromElf.exe V5.05 update 2 (build 169)
CPU DLL:         SARMCM3.DLL V5.15.0
Dialog DLL:      DARMCM1.DLL V1.12.0.0
Target DLL:      STLink\ST-LINKIII-KEIL_SWO.dll V2.0.15.0_KEIL
Dialog DLL:      TARMCM1.DLL V1.9.0.0
 
<h2>Project:</h2>
C:\Users\Administrator\Desktop\LaserSensor\LaserSensor.uvproj
Project File Date:  04/15/2016

<h2>Output:</h2>
*** Using Compiler 'V5.05 update 2 (build 169)', folder: 'D:\Keil_v515\ARM\ARMCC\Bin'
Build target 'LaserSensor'
compiling main.cpp...
main.cpp(30): warning:  #1-D: last line of file ends without a newline
   
main.cpp: 1 warning, 0 errors
linking...
Program Size: Code=19364 RO-data=1800 RW-data=72 ZI-data=756  
After Build - User command #1: fromelf --bin --output=LaserSensor.bin .\build\LaserSensor.axf
".\build\LaserSensor.axf" - 0 Error(s), 1 Warning(s).
</pre>
</body>
</html>
