Component: ARM Compiler 5.05 update 2 (build 169) Tool: armlink [4d0f33]

==============================================================================

Section Cross References

    board.o(i.mbed_die) refers to wait_api.o(i.wait_ms) for wait_ms
    cmsis_nvic.o(i.NVIC_SetVector) refers to rt_memcpy_w.o(.text) for __aeabi_memcpy4
    hal_tick.o(i.HAL_InitTick) refers to system_stm32f1xx.o(i.SystemCoreClockUpdate) for SystemCoreClockUpdate
    hal_tick.o(i.HAL_InitTick) refers to stm32f1xx_hal_tim.o(i.HAL_TIM_Base_Init) for HAL_TIM_Base_Init
    hal_tick.o(i.HAL_InitTick) refers to stm32f1xx_hal_tim.o(i.HAL_TIM_OC_Start) for HAL_TIM_OC_Start
    hal_tick.o(i.HAL_InitTick) refers to cmsis_nvic.o(i.NVIC_SetVector) for NVIC_SetVector
    hal_tick.o(i.HAL_InitTick) refers to stm32f1xx_hal_tim.o(i.HAL_TIM_Base_Start) for HAL_TIM_Base_Start
    hal_tick.o(i.HAL_InitTick) refers to hal_tick.o(.bss) for .bss
    hal_tick.o(i.HAL_InitTick) refers to system_stm32f1xx.o(.data) for SystemCoreClock
    hal_tick.o(i.HAL_InitTick) refers to hal_tick.o(.data) for .data
    hal_tick.o(i.HAL_InitTick) refers to hal_tick.o(i.timer_irq_handler) for timer_irq_handler
    hal_tick.o(i.timer_irq_handler) refers to us_ticker.o(i.set_compare) for set_compare
    hal_tick.o(i.timer_irq_handler) refers to us_ticker_api.o(i.us_ticker_irq_handler) for us_ticker_irq_handler
    hal_tick.o(i.timer_irq_handler) refers to stm32f1xx_hal.o(i.HAL_IncTick) for HAL_IncTick
    hal_tick.o(i.timer_irq_handler) refers to hal_tick.o(.bss) for .bss
    hal_tick.o(i.timer_irq_handler) refers to us_ticker.o(.data) for SlaveCounter
    hal_tick.o(i.timer_irq_handler) refers to hal_tick.o(.data) for .data
    main.o(.text) refers to Stream.o(i._ZN4mbed6Stream6printfEPKcz) for mbed::Stream::printf(const char*, ...)
    main.o(.text) refers to assert.o(i.mbed_assert_internal) for mbed_assert_internal
    main.o(.text) refers to main.o(i._ZN4mbed10DigitalOutaSEi) for mbed::DigitalOut::operator =(int)
    main.o(.text) refers to wait_api.o(i.wait) for wait
    main.o(.text) refers to Serial.o(i._ZN4mbed6SerialC1E7PinNameS1_PKc) for mbed::Serial::Serial(PinName, PinName, const char*)
    main.o(.text) refers to aeabi_atexit.o(i.__aeabi_atexit) for __aeabi_atexit
    main.o(.text) refers to rt_memclr_w.o(.text) for __aeabi_memclr4
    main.o(.text) refers to gpio.o(i.gpio_init_in) for gpio_init_in
    main.o(.text) refers to gpio.o(i.gpio_init_out) for gpio_init_out
    main.o(.text) refers to main.o(.bss) for pc
    main.o(.text) refers to main.o(.conststring) for .conststring
    main.o(.text) refers to Serial.o(i._ZN4mbed6SerialD1Ev) for mbed::Serial::~Serial()
    main.o(.ARM.exidx) refers to main.o(.text) for .text
    main.o(.init_array) refers to main.o(.text) for __sti___8_main_cpp_pc
    main.o(.init_array) refers to init_aeabi.o(.text) for __cpp_initialize__aeabi_
    mbed_overrides.o(i.mbed_sdk_init) refers to system_stm32f1xx.o(i.SystemCoreClockUpdate) for SystemCoreClockUpdate
    mbed_overrides.o(i.mbed_sdk_init) refers to stm32f1xx_hal.o(i.HAL_Init) for HAL_Init
    retarget.o(i.$Sub$$main) refers to mbed_overrides.o(i.mbed_sdk_init) for mbed_sdk_init
    retarget.o(i.$Sub$$main) refers to retarget.o(i.mbed_main) for mbed_main
    retarget.o(i.$Sub$$main) refers to main.o(.text) for $Super$$main
    retarget.o(i._ZN4mbed10FileHandleD0Ev) refers to delete.o(i._ZdlPv) for operator delete (void*)
    retarget.o(i._ZN4mbed10FileHandleD0Ev) refers to retarget.o(.constdata__ZTVN4mbed10FileHandleE) for vtable for mbed::FileHandle
    retarget.o(i._ZN4mbed10FileHandleD0Ev) refers to retarget.o(.bss) for .bss
    retarget.o(i._ZN4mbed10FileHandleD2Ev) refers to retarget.o(.constdata__ZTVN4mbed10FileHandleE) for vtable for mbed::FileHandle
    retarget.o(i._ZN4mbed10FileHandleD2Ev) refers to retarget.o(.bss) for .bss
    retarget.o(i._ZN4mbed26mbed_set_unbuffered_streamEPSt6__FILE) refers to setbuf.o(.text) for setbuf
    retarget.o(i._ZN4mbed9mbed_getcEPSt6__FILE) refers to fgetc.o(i.fgetc) for fgetc
    retarget.o(i._ZN4mbed9mbed_getsEPciPSt6__FILE) refers to fgets.o(.text) for fgets
    retarget.o(i._sys_close) refers to retarget.o(.bss) for .bss
    retarget.o(i._sys_ensure) refers to retarget.o(.bss) for .bss
    retarget.o(i._sys_flen) refers to retarget.o(.bss) for .bss
    retarget.o(i._sys_istty) refers to retarget.o(.bss) for .bss
    retarget.o(i._sys_open) refers to _scanf_int.o(.text) for _scanf_int
    retarget.o(i._sys_open) refers to strcmpv7m.o(.text) for strcmp
    retarget.o(i._sys_open) refers to serial_api.o(i.serial_init) for serial_init
    retarget.o(i._sys_open) refers to FilePath.o(i._ZN4mbed8FilePathC1EPKc) for mbed::FilePath::FilePath(const char*)
    retarget.o(i._sys_open) refers to FilePath.o(i._ZN4mbed8FilePath6existsEv) for mbed::FilePath::exists()
    retarget.o(i._sys_open) refers to FilePath.o(i._ZN4mbed8FilePath6isFileEv) for mbed::FilePath::isFile()
[...]
    __aeabi_unwind_cpp_pr2                    - Undefined Weak Reference
    __alloca_initialize                       - Undefined Weak Reference
    __arm_preinit_                            - Undefined Weak Reference
    __cxa_begin_cleanup                       - Undefined Weak Reference
    __cxa_type_match                          - Undefined Weak Reference
    __rt_lib_shutdown                         - Undefined Weak Reference
    __sigvec_lookup                           - Undefined Weak Reference
    __user_heap_extent                        - Undefined Weak Reference
    _atexit_init                              - Undefined Weak Reference
    _clock_init                               - Undefined Weak Reference
    _fp_trap_init                             - Undefined Weak Reference
    _fp_trap_shutdown                         - Undefined Weak Reference
    _get_lc_collate                           - Undefined Weak Reference
    _get_lc_monetary                          - Undefined Weak Reference
    _get_lc_time                              - Undefined Weak Reference
    _getenv_init                              - Undefined Weak Reference
    _handle_redirection                       - Undefined Weak Reference
    _mutex_acquire                            - Undefined Weak Reference
    _mutex_free                               - Undefined Weak Reference
    _mutex_release                            - Undefined Weak Reference
    _printf_mbtowc                            - Undefined Weak Reference
    _printf_wc                                - Undefined Weak Reference
    _rand_init                                - Undefined Weak Reference
    _signal_finish                            - Undefined Weak Reference
    _signal_init                              - Undefined Weak Reference
    __Vectors_Size                           0x000000ec   Number         0  startup_stm32f103xb.o ABSOLUTE
    __Vectors                                0x08000000   Data           4  startup_stm32f103xb.o(RESET)
    __dso_handle                             0x08000000   Number         0  startup_stm32f103xb.o(RESET)
    __Vectors_End                            0x080000ec   Data           0  startup_stm32f103xb.o(RESET)
    __main                                   0x080000ed   Thumb Code     8  __main.o(!!!main)
    __scatterload                            0x080000f5   Thumb Code     0  __scatter.o(!!!scatter)
    __scatterload_rt2                        0x080000f5   Thumb Code    44  __scatter.o(!!!scatter)
    __scatterload_rt2_thumb_only             0x080000f5   Thumb Code     0  __scatter.o(!!!scatter)
    __scatterload_null                       0x08000103   Thumb Code     0  __scatter.o(!!!scatter)
    __scatterload_copy                       0x08000129   Thumb Code    26  __scatter_copy.o(!!handler_copy)
    __scatterload_zeroinit                   0x08000145   Thumb Code    28  __scatter_zi.o(!!handler_zi)
    _printf_n                                0x08000161   Thumb Code     0  _printf_n.o(.ARM.Collect$$_printf_percent$$00000001)
    _printf_percent                          0x08000161   Thumb Code     0  _printf_percent.o(.ARM.Collect$$_printf_percent$$00000000)
    _printf_p                                0x08000167   Thumb Code     0  _printf_p.o(.ARM.Collect$$_printf_percent$$00000002)
    _printf_f                                0x0800016d   Thumb Code     0  _printf_f.o(.ARM.Collect$$_printf_percent$$00000003)
    _printf_e                                0x08000173   Thumb Code     0  _printf_e.o(.ARM.Collect$$_printf_percent$$00000004)
    _printf_g                                0x08000179   Thumb Code     0  _printf_g.o(.ARM.Collect$$_printf_percent$$00000005)
    _printf_a                                0x0800017f   Thumb Code     0  _printf_a.o(.ARM.Collect$$_printf_percent$$00000006)
    _printf_ll                               0x08000185   Thumb Code     0  _printf_ll.o(.ARM.Collect$$_printf_percent$$00000007)
    _printf_i                                0x0800018f   Thumb Code     0  _printf_i.o(.ARM.Collect$$_printf_percent$$00000008)
    _printf_d                                0x08000195   Thumb Code     0  _printf_d.o(.ARM.Collect$$_printf_percent$$00000009)
    _printf_u                                0x0800019b   Thumb Code     0  _printf_u.o(.ARM.Collect$$_printf_percent$$0000000A)
    _printf_o                                0x080001a1   Thumb Code     0  _printf_o.o(.ARM.Collect$$_printf_percent$$0000000B)
    _printf_x                                0x080001a7   Thumb Code     0  _printf_x.o(.ARM.Collect$$_printf_percent$$0000000C)
    _printf_lli                              0x080001ad   Thumb Code     0  _printf_lli.o(.ARM.Collect$$_printf_percent$$0000000D)
    _printf_lld                              0x080001b3   Thumb Code     0  _printf_lld.o(.ARM.Collect$$_printf_percent$$0000000E)
    _printf_llu                              0x080001b9   Thumb Code     0  _printf_llu.o(.ARM.Collect$$_printf_percent$$0000000F)
    _printf_llo                              0x080001bf   Thumb Code     0  _printf_llo.o(.ARM.Collect$$_printf_percent$$00000010)
    _printf_llx                              0x080001c5   Thumb Code     0  _printf_llx.o(.ARM.Collect$$_printf_percent$$00000011)
    _printf_l                                0x080001cb   Thumb Code     0  _printf_l.o(.ARM.Collect$$_printf_percent$$00000012)
    _printf_c                                0x080001d5   Thumb Code     0  _printf_c.o(.ARM.Collect$$_printf_percent$$00000013)
    _printf_s                                0x080001db   Thumb Code     0  _printf_s.o(.ARM.Collect$$_printf_percent$$00000014)
    _printf_lc                               0x080001e1   Thumb Code     0  _printf_lc.o(.ARM.Collect$$_printf_percent$$00000015)
    _printf_ls                               0x080001e7   Thumb Code     0  _printf_ls.o(.ARM.Collect$$_printf_percent$$00000016)
    _printf_percent_end                      0x080001ed   Thumb Code     0  _printf_percent_end.o(.ARM.Collect$$_printf_percent$$00000017)
    __rt_lib_init                            0x080001f1   Thumb Code     0  libinit.o(.ARM.Collect$$libinit$$00000000)
    __rt_lib_init_fp_1                       0x080001f3   Thumb Code     0  libinit2.o(.ARM.Collect$$libinit$$00000002)
    __rt_lib_init_heap_2                     0x080001f3   Thumb Code     0  libinit2.o(.ARM.Collect$$libinit$$00000005)
    __rt_lib_init_preinit_1                  0x080001f3   Thumb Code     0  libinit2.o(.ARM.Collect$$libinit$$00000004)
    __rt_lib_init_heap_1                     0x080001fb   Thumb Code     0  libinit2.o(.ARM.Collect$$libinit$$0000000A)
    __rt_lib_init_lc_common                  0x080001fb   Thumb Code     0  libinit2.o(.ARM.Collect$$libinit$$0000000F)
    __rt_lib_init_rand_1                     0x080001fb   Thumb Code     0  libinit2.o(.ARM.Collect$$libinit$$0000000E)
    __rt_lib_init_user_alloc_1               0x080001fb   Thumb Code     0  libinit2.o(.ARM.Collect$$libinit$$0000000C)
    __rt_lib_init_lc_collate_1               0x08000201   Thumb Code     0  libinit2.o(.ARM.Collect$$libinit$$00000011)
    __rt_lib_init_lc_ctype_2                 0x08000201   Thumb Code     0  libinit2.o(.ARM.Collect$$libinit$$00000012)
    __rt_lib_init_lc_ctype_1                 0x0800020d   Thumb Code     0  libinit2.o(.ARM.Collect$$libinit$$00000013)
    __rt_lib_init_lc_monetary_1              0x0800020d   Thumb Code     0  libinit2.o(.ARM.Collect$$libinit$$00000015)
    __rt_lib_init_lc_numeric_2               0x0800020d   Thumb Code     0  libinit2.o(.ARM.Collect$$libinit$$00000016)
    __rt_lib_init_atexit_1                   0x08000217   Thumb Code     0  libinit2.o(.ARM.Collect$$libinit$$0000001B)
    __rt_lib_init_clock_1                    0x08000217   Thumb Code     0  libinit2.o(.ARM.Collect$$libinit$$00000021)
    __rt_lib_init_fp_trap_1                  0x08000217   Thumb Code     0  libinit2.o(.ARM.Collect$$libinit$$0000001F)
    __rt_lib_init_getenv_1                   0x08000217   Thumb Code     0  libinit2.o(.ARM.Collect$$libinit$$00000023)
    __rt_lib_init_lc_numeric_1               0x08000217   Thumb Code     0  libinit2.o(.ARM.Collect$$libinit$$00000017)
    __rt_lib_init_lc_time_1                  0x08000217   Thumb Code     0  libinit2.o(.ARM.Collect$$libinit$$00000019)
    __rt_lib_init_signal_1                   0x08000217   Thumb Code     0  libinit2.o(.ARM.Collect$$libinit$$0000001D)
    __rt_lib_init_stdio_2                    0x08000217   Thumb Code     0  libinit2.o(.ARM.Collect$$libinit$$00000024)
    __rt_lib_init_alloca_1                   0x0800021b   Thumb Code     0  libinit2.o(.ARM.Collect$$libinit$$0000002E)
    __rt_lib_init_argv_1                     0x0800021b   Thumb Code     0  libinit2.o(.ARM.Collect$$libinit$$0000002C)
    __rt_lib_init_cpp_2                      0x0800021b   Thumb Code     0  libinit2.o(.ARM.Collect$$libinit$$00000031)
    __rt_lib_init_exceptions_1               0x0800021b   Thumb Code     0  libinit2.o(.ARM.Collect$$libinit$$00000030)
    __rt_lib_init_stdio_1                    0x0800021b   Thumb Code     0  libinit2.o(.ARM.Collect$$libinit$$00000025)
    __rt_lib_init_cpp_1                      0x0800021f   Thumb Code     0  libinit2.o(.ARM.Collect$$libinit$$00000032)
    __rt_lib_init_return                     0x0800021f   Thumb Code     0  libinit2.o(.ARM.Collect$$libinit$$00000033)
    __rt_lib_shutdown_cpp_1                  0x08000221   Thumb Code     0  libshutdown2.o(.ARM.Collect$$libshutdown$$00000001)
    __rt_entry                               0x08000227   Thumb Code     0  __rtentry.o(.ARM.Collect$$rtentry$$00000000)
    __rt_entry_presh_1                       0x08000227   Thumb Code     0  __rtentry2.o(.ARM.Collect$$rtentry$$00000002)
    __rt_entry_sh                            0x08000227   Thumb Code     0  __rtentry4.o(.ARM.Collect$$rtentry$$00000004)
    __rt_lib_shutdown_stdio_2                0x08000227   Thumb Code     0  libshutdown2.o(.ARM.Collect$$libshutdown$$00000003)
    __rt_entry_li                            0x0800022d   Thumb Code     0  __rtentry2.o(.ARM.Collect$$rtentry$$0000000A)
    __rt_entry_postsh_1                      0x0800022d   Thumb Code     0  __rtentry2.o(.ARM.Collect$$rtentry$$00000009)
    __rt_entry_main                          0x08000231   Thumb Code     0  __rtentry2.o(.ARM.Collect$$rtentry$$0000000D)
    __rt_entry_postli_1                      0x08000231   Thumb Code     0  __rtentry2.o(.ARM.Collect$$rtentry$$0000000C)
    $Super$$main                             0x08000239   Thumb Code   114  main.o(.text)
    _maybe_terminate_alloc                   0x08000239   Thumb Code     0  maybetermalloc1.o(.emb_text)
    Reset_Handler                            0x08000361   Thumb Code     8  startup_stm32f103xb.o(.text)
    NMI_Handler                              0x08000369   Thumb Code     2  startup_stm32f103xb.o(.text)
    HardFault_Handler                        0x0800036b   Thumb Code     2  startup_stm32f103xb.o(.text)
    MemManage_Handler                        0x0800036d   Thumb Code     2  startup_stm32f103xb.o(.text)
    BusFault_Handler                         0x0800036f   Thumb Code     2  startup_stm32f103xb.o(.text)
    UsageFault_Handler                       0x08000371   Thumb Code     2  startup_stm32f103xb.o(.text)
    SVC_Handler                              0x08000373   Thumb Code     2  startup_stm32f103xb.o(.text)
    DebugMon_Handler                         0x08000375   Thumb Code     2  startup_stm32f103xb.o(.text)
    PendSV_Handler                           0x08000377   Thumb Code     2  startup_stm32f103xb.o(.text)
    SysTick_Handler                          0x08000379   Thumb Code     2  startup_stm32f103xb.o(.text)
    ADC1_2_IRQHandler                        0x0800037b   Thumb Code     0  startup_stm32f103xb.o(.text)
    CAN1_RX1_IRQHandler                      0x0800037b   Thumb Code     0  startup_stm32f103xb.o(.text)
    CAN1_SCE_IRQHandler                      0x0800037b   Thumb Code     0  startup_stm32f103xb.o(.text)
    DMA1_Channel1_IRQHandler                 0x0800037b   Thumb Code     0  startup_stm32f103xb.o(.text)
    DMA1_Channel2_IRQHandler                 0x0800037b   Thumb Code     0  startup_stm32f103xb.o(.text)
    DMA1_Channel3_IRQHandler                 0x0800037b   Thumb Code     0  startup_stm32f103xb.o(.text)
    DMA1_Channel4_IRQHandler                 0x0800037b   Thumb Code     0  startup_stm32f103xb.o(.text)
    DMA1_Channel5_IRQHandler                 0x0800037b   Thumb Code     0  startup_stm32f103xb.o(.text)
    DMA1_Channel6_IRQHandler                 0x0800037b   Thumb Code     0  startup_stm32f103xb.o(.text)
    DMA1_Channel7_IRQHandler                 0x0800037b   Thumb Code     0  startup_stm32f103xb.o(.text)
    EXTI0_IRQHandler                         0x0800037b   Thumb Code     0  startup_stm32f103xb.o(.text)
    EXTI15_10_IRQHandler                     0x0800037b   Thumb Code     0  startup_stm32f103xb.o(.text)
    EXTI1_IRQHandler                         0x0800037b   Thumb Code     0  startup_stm32f103xb.o(.text)
    EXTI2_IRQHandler                         0x0800037b   Thumb Code     0  startup_stm32f103xb.o(.text)
    EXTI3_IRQHandler                         0x0800037b   Thumb Code     0  startup_stm32f103xb.o(.text)
    EXTI4_IRQHandler                         0x0800037b   Thumb Code     0  startup_stm32f103xb.o(.text)
    EXTI9_5_IRQHandler                       0x0800037b   Thumb Code     0  startup_stm32f103xb.o(.text)
    FLASH_IRQHandler                         0x0800037b   Thumb Code     0  startup_stm32f103xb.o(.text)
    I2C1_ER_IRQHandler                       0x0800037b   Thumb Code     0  startup_stm32f103xb.o(.text)
    I2C1_EV_IRQHandler                       0x0800037b   Thumb Code     0  startup_stm32f103xb.o(.text)
    I2C2_ER_IRQHandler                       0x0800037b   Thumb Code     0  startup_stm32f103xb.o(.text)
    I2C2_EV_IRQHandler                       0x0800037b   Thumb Code     0  startup_stm32f103xb.o(.text)
    PVD_IRQHandler                           0x0800037b   Thumb Code     0  startup_stm32f103xb.o(.text)
    RCC_IRQHandler                           0x0800037b   Thumb Code     0  startup_stm32f103xb.o(.text)
    RTC_Alarm_IRQHandler                     0x0800037b   Thumb Code     0  startup_stm32f103xb.o(.text)
    RTC_IRQHandler                           0x0800037b   Thumb Code     0  startup_stm32f103xb.o(.text)
    SPI1_IRQHandler                          0x0800037b   Thumb Code     0  startup_stm32f103xb.o(.text)
    SPI2_IRQHandler                          0x0800037b   Thumb Code     0  startup_stm32f103xb.o(.text)
    TAMPER_IRQHandler                        0x0800037b   Thumb Code     0  startup_stm32f103xb.o(.text)
    TIM1_BRK_IRQHandler                      0x0800037b   Thumb Code     0  startup_stm32f103xb.o(.text)
    TIM1_CC_IRQHandler                       0x0800037b   Thumb Code     0  startup_stm32f103xb.o(.text)
    TIM1_TRG_COM_IRQHandler                  0x0800037b   Thumb Code     0  startup_stm32f103xb.o(.text)
    TIM1_UP_IRQHandler                       0x0800037b   Thumb Code     0  startup_stm32f103xb.o(.text)
    TIM2_IRQHandler                          0x0800037b   Thumb Code     0  startup_stm32f103xb.o(.text)
    TIM3_IRQHandler                          0x0800037b   Thumb Code     0  startup_stm32f103xb.o(.text)
    TIM4_IRQHandler                          0x0800037b   Thumb Code     0  startup_stm32f103xb.o(.text)
    USART1_IRQHandler                        0x0800037b   Thumb Code     0  startup_stm32f103xb.o(.text)
    USART2_IRQHandler                        0x0800037b   Thumb Code     0  startup_stm32f103xb.o(.text)
    USART3_IRQHandler                        0x0800037b   Thumb Code     0  startup_stm32f103xb.o(.text)
    USBWakeUp_IRQHandler                     0x0800037b   Thumb Code     0  startup_stm32f103xb.o(.text)
    USB_HP_CAN1_TX_IRQHandler                0x0800037b   Thumb Code     0  startup_stm32f103xb.o(.text)
    USB_LP_CAN1_RX0_IRQHandler               0x0800037b   Thumb Code     0  startup_stm32f103xb.o(.text)
    WWDG_IRQHandler                          0x0800037b   Thumb Code     0  startup_stm32f103xb.o(.text)
    vfprintf                                 0x08000385   Thumb Code    10  vfprintf.o(.text)
    __c89vfprintf                            0x0800038f   Thumb Code    10  c89vfprintf.o(.text)
    __2sprintf                               0x08000399   Thumb Code    38  __2sprintf.o(.text)
    _printf_longlong_hex                     0x080003c5   Thumb Code    86  _printf_hex_int_ll_ptr.o(.text)
    _printf_int_hex                          0x0800041b   Thumb Code    28  _printf_hex_int_ll_ptr.o(.text)
    _printf_ll_hex                           0x08000437   Thumb Code    12  _printf_hex_int_ll_ptr.o(.text)
    _printf_hex_ptr                          0x08000443   Thumb Code    18  _printf_hex_int_ll_ptr.o(.text)
    __printf                                 0x08000459   Thumb Code   388  __printf_flags_ss_wp.o(.text)
    __0sscanf                                0x080005e1   Thumb Code    52  __0sscanf.o(.text)
    _scanf_int                               0x0800061d   Thumb Code   332  _scanf_int.o(.text)
    _do_fflush                               0x08000769   Thumb Code    54  fflush.o(.text)
    fflush                                   0x0800079f   Thumb Code    42  fflush.o(.text)
    freopen                                  0x080007cd   Thumb Code   158  fopen.o(.text)
    fopen                                    0x0800086b   Thumb Code    74  fopen.o(.text)
    setbuf                                   0x080008b9   Thumb Code    20  setbuf.o(.text)
    _fclose_internal                         0x080008cd   Thumb Code    76  fclose.o(.text)
    fclose                                   0x080008cd   Thumb Code     0  fclose.o(.text)
    strlen                                   0x08000919   Thumb Code    62  strlen.o(.text)
    strncmp                                  0x08000957   Thumb Code   150  strncmp.o(.text)
    __aeabi_memcpy4                          0x080009ed   Thumb Code     0  rt_memcpy_w.o(.text)
    __aeabi_memcpy8                          0x080009ed   Thumb Code     0  rt_memcpy_w.o(.text)
    __rt_memcpy_w                            0x080009ed   Thumb Code   100  rt_memcpy_w.o(.text)
    _memcpy_lastbytes_aligned                0x08000a35   Thumb Code     0  rt_memcpy_w.o(.text)
    __aeabi_memclr4                          0x08000a51   Thumb Code     0  rt_memclr_w.o(.text)
    __aeabi_memclr8                          0x08000a51   Thumb Code     0  rt_memclr_w.o(.text)
    __rt_memclr_w                            0x08000a51   Thumb Code    78  rt_memclr_w.o(.text)
    _memset_w                                0x08000a55   Thumb Code     0  rt_memclr_w.o(.text)
    strcmp                                   0x08000aa1   Thumb Code   128  strcmpv7m.o(.text)
    __cpp_initialize__aeabi_                 0x08000b21   Thumb Code    26  init_aeabi.o(.text)
    __rt_ddtor_pointer_addr                  0x08000b45   Thumb Code     8  rt_ddtor_pointer_addr.o(.text)
    malloc                                   0x08000b4d   Thumb Code    94  h1_alloc.o(.text)
    free                                     0x08000bab   Thumb Code    78  h1_free.o(.text)
    _printf_pre_padding                      0x08000bf9   Thumb Code    44  _printf_pad.o(.text)
    _printf_post_padding                     0x08000c25   Thumb Code    34  _printf_pad.o(.text)
    _printf_truncate_signed                  0x08000c47   Thumb Code    18  _printf_truncate.o(.text)
    _printf_truncate_unsigned                0x08000c59   Thumb Code    18  _printf_truncate.o(.text)
    _printf_str                              0x08000c6b   Thumb Code    82  _printf_str.o(.text)
    _printf_int_common                       0x08000cbd   Thumb Code   178  _printf_intcommon.o(.text)
    _printf_int_dec                          0x08000d71   Thumb Code   104  _printf_dec.o(.text)
    _printf_charcount                        0x08000de9   Thumb Code    40  _printf_charcount.o(.text)
    _printf_char_common                      0x08000e1b   Thumb Code    32  _printf_char_common.o(.text)
    _sputc                                   0x08000e41   Thumb Code    10  _sputc.o(.text)
    _printf_char_file                        0x08000e4d   Thumb Code    32  _printf_char_file.o(.text)
    _printf_wctomb                           0x08000e71   Thumb Code   182  _printf_wctomb.o(.text)
    _printf_longlong_dec                     0x08000f2d   Thumb Code   108  _printf_longlong_dec.o(.text)
    _printf_longlong_oct                     0x08000fa9   Thumb Code    68  _printf_oct_int_ll.o(.text)
    _printf_int_oct                          0x08000fed   Thumb Code    24  _printf_oct_int_ll.o(.text)
    _printf_ll_oct                           0x08001005   Thumb Code    12  _printf_oct_int_ll.o(.text)
    _chval                                   0x08001019   Thumb Code    28  _chval.o(.text)
    __vfscanf_char                           0x08001041   Thumb Code    24  scanf_char.o(.text)
    _sgetc                                   0x08001061   Thumb Code    30  _sgetc.o(.text)
    _sbackspace                              0x0800107f   Thumb Code    34  _sgetc.o(.text)
    ferror                                   0x080010a1   Thumb Code     8  ferror.o(.text)
    __flsbuf                                 0x080010a9   Thumb Code   470  flsbuf.o(.text)
    __flsbuf_byte                            0x080010a9   Thumb Code     0  flsbuf.o(.text)
    __flsbuf_wide                            0x080010a9   Thumb Code     0  flsbuf.o(.text)
    _fseek                                   0x08001281   Thumb Code   242  fseek.o(.text)
    fseek                                    0x08001281   Thumb Code     0  fseek.o(.text)
    setvbuf                                  0x08001379   Thumb Code    70  setvbuf.o(.text)
    _seterr                                  0x080013c1   Thumb Code    20  stdio.o(.text)
    _writebuf                                0x080013d5   Thumb Code    84  stdio.o(.text)
    _fflush                                  0x08001429   Thumb Code    70  stdio.o(.text)
    _deferredlazyseek                        0x0800146f   Thumb Code    60  stdio.o(.text)
    _initio                                  0x080014b1   Thumb Code   210  initio.o(.text)
    _terminateio                             0x08001583   Thumb Code    56  initio.o(.text)
    __rt_SIGPVFN                             0x080015e9   Thumb Code    14  defsig_pvfn_outer.o(.text)
    __rt_heap_descriptor                     0x080015f9   Thumb Code     8  rt_heap_descriptor.o(.text)
    __use_no_heap                            0x08001601   Thumb Code     2  hguard.o(.text)
    __heap$guard                             0x08001603   Thumb Code     2  hguard.o(.text)
    _terminate_user_alloc                    0x08001605   Thumb Code     2  init_alloc.o(.text)
    _init_user_alloc                         0x08001607   Thumb Code     2  init_alloc.o(.text)
    __Heap_Full                              0x08001609   Thumb Code    34  init_alloc.o(.text)
    __Heap_Broken                            0x0800162b   Thumb Code     6  init_alloc.o(.text)
    _init_alloc                              0x08001631   Thumb Code    94  init_alloc.o(.text)
    __Heap_Initialize                        0x0800168f   Thumb Code    10  h1_init.o(.text)
    __Heap_DescSize                          0x08001699   Thumb Code     4  h1_init.o(.text)
    _ll_udiv10                               0x0800169d   Thumb Code   138  lludiv10.o(.text)
    isspace                                  0x08001727   Thumb Code    18  isspace.o(.text)
    __lib_sel_fp_printf                      0x08001739   Thumb Code     2  _printf_fp_dec.o(.text)
    _printf_fp_dec_real                      0x080018e7   Thumb Code   620  _printf_fp_dec.o(.text)
    _printf_fp_hex_real                      0x08001b55   Thumb Code   754  _printf_fp_hex.o(.text)
    _printf_cs_common                        0x08001e51   Thumb Code    20  _printf_char.o(.text)
    _printf_char                             0x08001e65   Thumb Code    16  _printf_char.o(.text)
    _printf_string                           0x08001e75   Thumb Code     8  _printf_char.o(.text)
    _printf_lcs_common                       0x08001e7d   Thumb Code    20  _printf_wchar.o(.text)
    _printf_wchar                            0x08001e91   Thumb Code    16  _printf_wchar.o(.text)
    _printf_wstring                          0x08001ea1   Thumb Code     8  _printf_wchar.o(.text)
    __vfscanf                                0x08001ea9   Thumb Code   878  _scanf.o(.text)
    _ftell_internal                          0x0800221d   Thumb Code    66  ftell.o(.text)
    ftell                                    0x0800221d   Thumb Code     0  ftell.o(.text)
    _wcrtomb                                 0x0800225f   Thumb Code    64  _wcrtomb.o(.text)
    __sig_exit                               0x0800229f   Thumb Code    10  defsig_exit.o(.text)
    __rt_SIGRTRED                            0x080022a9   Thumb Code    14  defsig_rtred_outer.o(.text)
    __rt_SIGPVFN_inner                       0x080022b9   Thumb Code    14  defsig_pvfn_inner.o(.text)
    _sys_exit                                0x080022e9   Thumb Code     8  sys_exit.o(.text)
    __rt_ctype_table                         0x080022f5   Thumb Code    16  rt_ctype_table.o(.text)
    __rt_locale                              0x08002305   Thumb Code     8  rt_locale.o(.text)
    __aeabi_errno_addr                       0x0800230d   Thumb Code     8  rt_errno_addr.o(.text)
    __errno                                  0x0800230d   Thumb Code     0  rt_errno_addr.o(.text)
    __rt_errno_addr                          0x0800230d   Thumb Code     0  rt_errno_addr.o(.text)
    __Heap_ProvideMemory                     0x08002315   Thumb Code    52  h1_extend.o(.text)
    _printf_fp_infnan                        0x08002349   Thumb Code   112  _printf_fp_infnan.o(.text)
    _btod_etento                             0x080023c9   Thumb Code   216  bigflt0.o(.text)
    __default_signal_display                 0x080024a5   Thumb Code    50  defsig_general.o(.text)
    __rt_SIGRTRED_inner                      0x080024d9   Thumb Code    14  defsig_rtred_inner.o(.text)
    __rt_SIGRTMEM                            0x0800250d   Thumb Code    14  defsig_rtmem_outer.o(.text)
    __rt_heap_escrow                         0x0800251d   Thumb Code    22  heapauxa.o(.text)
    __rt_heap_expand                         0x08002533   Thumb Code    52  heapauxa.o(.text)
    _ttywrch                                 0x0800256d   Thumb Code    14  sys_wrch.o(.text)
    __I$use$semihosting                      0x0800257b   Thumb Code     0  use_no_semi.o(.text)
    __use_no_semihosting_swi                 0x0800257b   Thumb Code     2  use_no_semi.o(.text)
    __rt_SIGRTMEM_inner                      0x0800257d   Thumb Code    22  defsig_rtmem_inner.o(.text)
    __semihosting_library_function           0x0800257d   Thumb Code     0  indicate_semi.o(.text)
    _btod_d2e                                0x080025cd   Thumb Code    62  btod.o(CL$$btod_d2e)
    _d2e_denorm_low                          0x0800260b   Thumb Code    70  btod.o(CL$$btod_d2e_denorm_low)
    _d2e_norm_op1                            0x08002651   Thumb Code    96  btod.o(CL$$btod_d2e_norm_op1)
    __btod_div_common                        0x080026b1   Thumb Code   696  btod.o(CL$$btod_div_common)
    _e2e                                     0x080029e9   Thumb Code   198  btod.o(CL$$btod_e2e)
    _btod_ediv                               0x08002aaf   Thumb Code    40  btod.o(CL$$btod_ediv)
    _btod_emul                               0x08002ad7   Thumb Code    40  btod.o(CL$$btod_emul)
    __btod_mult_common                       0x08002aff   Thumb Code   580  btod.o(CL$$btod_mult_common)
    main                                     0x08002d43   Thumb Code    18  retarget.o(i.$Sub$$main)
    HAL_Delay                                0x08002d5d   Thumb Code    22  stm32f1xx_hal.o(i.HAL_Delay)
    HAL_GPIO_Init                            0x08002d75   Thumb Code   456  stm32f1xx_hal_gpio.o(i.HAL_GPIO_Init)
    HAL_GetTick                              0x08002f51   Thumb Code     6  stm32f1xx_hal.o(i.HAL_GetTick)
    HAL_IncTick                              0x08002f5d   Thumb Code    10  stm32f1xx_hal.o(i.HAL_IncTick)
    HAL_Init                                 0x08002f6d   Thumb Code    32  stm32f1xx_hal.o(i.HAL_Init)
    HAL_InitTick                             0x08002f91   Thumb Code   158  hal_tick.o(i.HAL_InitTick)
    HAL_MspInit                              0x0800304d   Thumb Code     2  stm32f1xx_hal.o(i.HAL_MspInit)
    HAL_NVIC_SetPriorityGrouping             0x08003051   Thumb Code    30  stm32f1xx_hal_cortex.o(i.HAL_NVIC_SetPriorityGrouping)
    HAL_RCC_ClockConfig                      0x08003075   Thumb Code   726  stm32f1xx_hal_rcc_ex.o(i.HAL_RCC_ClockConfig)
    HAL_RCC_GetPCLK1Freq                     0x08003355   Thumb Code    64  stm32f1xx_hal_rcc.o(i.HAL_RCC_GetPCLK1Freq)
    HAL_RCC_GetPCLK2Freq                     0x080033a1   Thumb Code    64  stm32f1xx_hal_rcc.o(i.HAL_RCC_GetPCLK2Freq)
    HAL_RCC_GetSysClockFreq                  0x080033ed   Thumb Code   114  stm32f1xx_hal_rcc.o(i.HAL_RCC_GetSysClockFreq)
    HAL_RCC_OscConfig                        0x08003481   Thumb Code  2400  stm32f1xx_hal_rcc.o(i.HAL_RCC_OscConfig)
    HAL_TIM_Base_Init                        0x08003de5   Thumb Code    54  stm32f1xx_hal_tim.o(i.HAL_TIM_Base_Init)
    HAL_TIM_Base_MspInit                     0x08003e1b   Thumb Code     2  stm32f1xx_hal_tim.o(i.HAL_TIM_Base_MspInit)
    HAL_TIM_Base_Start                       0x08003e1d   Thumb Code    26  stm32f1xx_hal_tim.o(i.HAL_TIM_Base_Start)
    HAL_TIM_OC_Start                         0x08003e37   Thumb Code    54  stm32f1xx_hal_tim.o(i.HAL_TIM_OC_Start)
    HAL_UART_Init                            0x08003e6d   Thumb Code    94  stm32f1xx_hal_uart.o(i.HAL_UART_Init)
    HAL_UART_MspInit                         0x08003ecb   Thumb Code     2  stm32f1xx_hal_uart.o(i.HAL_UART_MspInit)
    NVIC_SetVector                           0x08003ecd   Thumb Code    46  cmsis_nvic.o(i.NVIC_SetVector)
    SetSysClock                              0x08003f01   Thumb Code   188  system_stm32f1xx.o(i.SetSysClock)
    Set_GPIO_Clock                           0x08003fbd   Thumb Code   104  pinmap.o(i.Set_GPIO_Clock)
    SystemCoreClockUpdate                    0x0800405d   Thumb Code    90  system_stm32f1xx.o(i.SystemCoreClockUpdate)
    SystemInit                               0x080040cd   Thumb Code    92  system_stm32f1xx.o(i.SystemInit)
    TIM_Base_SetConfig                       0x0800413d   Thumb Code    94  stm32f1xx_hal_tim.o(i.TIM_Base_SetConfig)
    mbed::DigitalOut::operator =(int)        0x080042c9   Thumb Code    64  main.o(i._ZN4mbed10DigitalOutaSEi)
    mbed::FileHandle::flen()                 0x08004325   Thumb Code    60  retarget.o(i._ZN4mbed10FileHandle4flenEv)
    mbed::FileHandle::~FileHandle()          0x08004361   Thumb Code     0  retarget.o(i._ZN4mbed10FileHandleD2Ev)
    mbed::FileHandle::~FileHandle__sub_object() 0x08004361   Thumb Code    38  retarget.o(i._ZN4mbed10FileHandleD2Ev)
    mbed::SerialBase::_base_putc(int)        0x08004391   Thumb Code    14  SerialBase.o(i._ZN4mbed10SerialBase10_base_putcEi)
    mbed::SerialBase::_irq_handler(unsigned, SerialIrq) 0x0800439f   Thumb Code    42  SerialBase.o(i._ZN4mbed10SerialBase12_irq_handlerEj9SerialIrq)
    mbed::SerialBase::SerialBase(PinName, PinName) 0x080043c9   Thumb Code    86  SerialBase.o(i._ZN4mbed10SerialBaseC1E7PinNameS1_)
    mbed::SerialBase::SerialBase__sub_object(PinName, PinName) 0x080043c9   Thumb Code     0  SerialBase.o(i._ZN4mbed10SerialBaseC1E7PinNameS1_)
    mbed::mbed_set_unbuffered_stream(std::__FILE*) 0x0800442d   Thumb Code     6  retarget.o(i._ZN4mbed26mbed_set_unbuffered_streamEPSt6__FILE)
    mbed::Serial::Serial(PinName, PinName, const char*) 0x08004435   Thumb Code    32  Serial.o(i._ZN4mbed6SerialC1E7PinNameS1_PKc)
    mbed::Serial::Serial__sub_object(PinName, PinName, const char*) 0x08004435   Thumb Code     0  Serial.o(i._ZN4mbed6SerialC1E7PinNameS1_PKc)
    mbed::Serial::~Serial()                  0x08004459   Thumb Code    12  Serial.o(i._ZN4mbed6SerialD1Ev)
    mbed::Serial::~Serial__sub_object()      0x08004459   Thumb Code     0  Serial.o(i._ZN4mbed6SerialD1Ev)
    mbed::Stream::flen()                     0x08004465   Thumb Code     4  Stream.o(i._ZN4mbed6Stream4flenEv)
    mbed::Stream::close()                    0x08004469   Thumb Code     4  Stream.o(i._ZN4mbed6Stream5closeEv)
    mbed::Stream::lseek(long, int)           0x0800446d   Thumb Code     4  Stream.o(i._ZN4mbed6Stream5lseekEli)
    mbed::Stream::write(const void*, unsigned) 0x08004471   Thumb Code    44  Stream.o(i._ZN4mbed6Stream5writeEPKvj)
    mbed::Stream::isatty()                   0x0800449d   Thumb Code     4  Stream.o(i._ZN4mbed6Stream6isattyEv)
    mbed::Stream::printf(const char*, ...)   0x080044a1   Thumb Code    30  Stream.o(i._ZN4mbed6Stream6printfEPKcz)
    mbed::Stream::Stream__sub_object(const char*) 0x080044c1   Thumb Code    52  Stream.o(i._ZN4mbed6StreamC2EPKc)
    mbed::Stream::~Stream()                  0x08004501   Thumb Code     0  Stream.o(i._ZN4mbed6StreamD2Ev)
    mbed::Stream::~Stream__sub_object()      0x08004501   Thumb Code    28  Stream.o(i._ZN4mbed6StreamD2Ev)
    mbed::FileBase::getPathType()            0x08004521   Thumb Code     4  FileBase.o(i._ZN4mbed8FileBase11getPathTypeEv)
    mbed::FileBase::lookup(const char*, unsigned) 0x08004525   Thumb Code    50  FileBase.o(i._ZN4mbed8FileBase6lookupEPKcj)
    mbed::FileBase::FileBase(const char*, mbed::PathType) 0x0800455d   Thumb Code    28  FileBase.o(i._ZN4mbed8FileBaseC1EPKcNS_8PathTypeE)
    mbed::FileBase::FileBase__sub_object(const char*, mbed::PathType) 0x0800455d   Thumb Code     0  FileBase.o(i._ZN4mbed8FileBaseC1EPKcNS_8PathTypeE)
    mbed::FileBase::~FileBase()              0x08004581   Thumb Code    46  FileBase.o(i._ZN4mbed8FileBaseD1Ev)
    mbed::FileBase::~FileBase__sub_object()  0x08004581   Thumb Code     0  FileBase.o(i._ZN4mbed8FileBaseD1Ev)
    mbed::FileLike::FileLike__sub_object(const char*) 0x080045b9   Thumb Code    26  FileLike.o(i._ZN4mbed8FileLikeC2EPKc)
    mbed::FileLike::~FileLike()              0x080045dd   Thumb Code     0  FileLike.o(i._ZN4mbed8FileLikeD2Ev)
    mbed::FileLike::~FileLike__sub_object()  0x080045dd   Thumb Code    18  FileLike.o(i._ZN4mbed8FileLikeD2Ev)
    mbed::FilePath::fileSystem()             0x080045ef   Thumb Code    24  FilePath.o(i._ZN4mbed8FilePath10fileSystemEv)
    mbed::FilePath::file()                   0x08004607   Thumb Code    28  FilePath.o(i._ZN4mbed8FilePath4fileEv)
    mbed::FilePath::exists()                 0x08004623   Thumb Code    10  FilePath.o(i._ZN4mbed8FilePath6existsEv)
    mbed::FilePath::isFile()                 0x0800462d   Thumb Code    24  FilePath.o(i._ZN4mbed8FilePath6isFileEv)
    mbed::FilePath::fileName()               0x08004645   Thumb Code     4  FilePath.o(i._ZN4mbed8FilePath8fileNameEv)
    mbed::FilePath::FilePath(const char*)    0x08004649   Thumb Code    64  FilePath.o(i._ZN4mbed8FilePathC1EPKc)
    mbed::FilePath::FilePath__sub_object(const char*) 0x08004649   Thumb Code     0  FilePath.o(i._ZN4mbed8FilePathC1EPKc)
    thunk{-84} to mbed::Serial::_putc(int)   0x08004689   Thumb Code     6  Serial.o(i._ZThn84_N4mbed6Serial5_putcEi)
    __ARM_fpclassify                         0x0800468f   Thumb Code    40  fpclassify.o(i.__ARM_fpclassify)
    __aeabi_atexit                           0x080046b7   Thumb Code    50  aeabi_atexit.o(i.__aeabi_atexit)
    __aeabi_vec_ctor_nocookie_nodtor         0x080046e9   Thumb Code    36  aeabi_vec_ctor_nocookie_nodtor.o(i.__aeabi_vec_ctor_nocookie_nodtor)
    __cxa_finalize                           0x0800470d   Thumb Code    66  cxa_finalize.o(i.__cxa_finalize)
    __cxa_pure_virtual                       0x0800474f   Thumb Code     6  pure_virt.o(i.__cxa_pure_virtual)
    __user_setup_stackheap                   0x08004755   Thumb Code    10  sys.o(i.__user_setup_stackheap)
    _is_digit                                0x08004765   Thumb Code    14  __printf_wp.o(i._is_digit)
    _sys_close                               0x08004775   Thumb Code    40  retarget.o(i._sys_close)
    _sys_flen                                0x080047a1   Thumb Code    34  retarget.o(i._sys_flen)
    _sys_istty                               0x080047c9   Thumb Code    34  retarget.o(i._sys_istty)
    _sys_open                                0x080047f1   Thumb Code   280  retarget.o(i._sys_open)
    _sys_seek                                0x08004925   Thumb Code    36  retarget.o(i._sys_seek)
    _sys_write                               0x0800494d   Thumb Code    82  retarget.o(i._sys_write)
    error                                    0x080049ad   Thumb Code    20  error.o(i.error)
    exit                                     0x080049c5   Thumb Code    24  retarget.o(i.exit)
    fputc                                    0x080049e5   Thumb Code    26  fputc.o(i.fputc)
    gpio_dir                                 0x08004a01   Thumb Code    54  gpio_api.o(i.gpio_dir)
    gpio_init                                0x08004a55   Thumb Code    62  gpio_api.o(i.gpio_init)
    gpio_init_in                             0x08004a93   Thumb Code    40  gpio.o(i.gpio_init_in)
    gpio_init_out                            0x08004abd   Thumb Code    66  gpio.o(i.gpio_init_out)
    gpio_init_out_ex                         0x08004b09   Thumb Code    78  gpio.o(i.gpio_init_out_ex)
    gpio_mode                                0x08004b75   Thumb Code     8  gpio_api.o(i.gpio_mode)
    mbed_assert_internal                     0x08004b7d   Thumb Code    12  assert.o(i.mbed_assert_internal)
    mbed_die                                 0x08004bbd   Thumb Code    16  board.o(i.mbed_die)
    mbed_main                                0x08004bcd   Thumb Code     2  retarget.o(i.mbed_main)
    mbed_sdk_init                            0x08004bcf   Thumb Code    14  mbed_overrides.o(i.mbed_sdk_init)
    pin_function                             0x08004bdd   Thumb Code   258  pinmap.o(i.pin_function)
    pin_mode                                 0x08004d05   Thumb Code   238  pinmap.o(i.pin_mode)
    pinmap_merge                             0x08004e0d   Thumb Code    38  pinmap_common.o(i.pinmap_merge)
    pinmap_peripheral                        0x08004e49   Thumb Code    62  pinmap_common.o(i.pinmap_peripheral)
    pinmap_pinout                            0x08004ea9   Thumb Code    72  pinmap_common.o(i.pinmap_pinout)
    serial_init                              0x08004f05   Thumb Code   322  serial_api.o(i.serial_init)
    serial_irq_handler                       0x08005085   Thumb Code    14  serial_api.o(i.serial_irq_handler)
    serial_putc                              0x0800509d   Thumb Code    38  serial_api.o(i.serial_putc)
    set_compare                              0x080050c9   Thumb Code    18  us_ticker.o(i.set_compare)
    ticker_irq_handler                       0x080050e5   Thumb Code    78  ticker_api.o(i.ticker_irq_handler)
    timer_irq_handler                        0x08005135   Thumb Code   158  hal_tick.o(i.timer_irq_handler)
    us_ticker_clear_interrupt                0x080051f1   Thumb Code    22  us_ticker.o(i.us_ticker_clear_interrupt)
    us_ticker_disable_interrupt              0x08005211   Thumb Code    16  us_ticker.o(i.us_ticker_disable_interrupt)
    us_ticker_init                           0x08005229   Thumb Code    20  us_ticker.o(i.us_ticker_init)
    us_ticker_irq_handler                    0x08005241   Thumb Code     6  us_ticker_api.o(i.us_ticker_irq_handler)
    us_ticker_read                           0x0800524d   Thumb Code    46  us_ticker.o(i.us_ticker_read)
    us_ticker_set_interrupt                  0x08005285   Thumb Code   134  us_ticker.o(i.us_ticker_set_interrupt)
    wait                                     0x0800531d   Thumb Code    32  wait_api.o(i.wait)
    wait_ms                                  0x08005341   Thumb Code    28  wait_api.o(i.wait_ms)
    _get_lc_numeric                          0x0800535d   Thumb Code    44  lc_numeric_c.o(locale$$code)
    _get_lc_ctype                            0x08005389   Thumb Code    44  lc_ctype_c.o(locale$$code)
    __aeabi_f2iz                             0x080053b5   Thumb Code     0  ffix.o(x$fpl$ffix)
    _ffix                                    0x080053b5   Thumb Code    54  ffix.o(x$fpl$ffix)
    __aeabi_fmul                             0x080053ed   Thumb Code     0  fmul.o(x$fpl$fmul)
    _fmul                                    0x080053ed   Thumb Code   258  fmul.o(x$fpl$fmul)
    __fpl_fnaninf                            0x080054ef   Thumb Code   140  fnaninf.o(x$fpl$fnaninf)
    __fpl_fretinf                            0x0800557b   Thumb Code    10  fretinf.o(x$fpl$fretinf)
    _printf_fp_dec                           0x08005585   Thumb Code     4  printf1.o(x$fpl$printf1)
    _printf_fp_hex                           0x08005589   Thumb Code     4  printf2.o(x$fpl$printf2)
    __I$use$fp                               0x0800558c   Number         0  usenofp.o(x$fpl$usenofp)
    __stdin_name                             0x0800558c   Data           7  retarget.o(.constdata)
    __stdout_name                            0x08005593   Data           8  retarget.o(.constdata)
    __stderr_name                            0x0800559b   Data           8  retarget.o(.constdata)
    aAPBAHBPrescTable                        0x080055a3   Data          16  stm32f1xx_hal_rcc.o(.constdata)
    AHBPrescTable                            0x080055b3   Data          16  system_stm32f1xx.o(.constdata)
    PinMap_UART_TX                           0x080055e0   Data          72  PeripheralPins.o(.constdata)
    PinMap_UART_RX                           0x08005628   Data          72  PeripheralPins.o(.constdata)
    vtable for mbed::FileHandle              0x080057a4   Data          44  retarget.o(.constdata__ZTVN4mbed10FileHandleE)
    vtable for mbed::SerialBase              0x080057d0   Data          16  SerialBase.o(.constdata__ZTVN4mbed10SerialBaseE)
    vtable for mbed::Serial                  0x080057e0   Data          92  Serial.o(.constdata__ZTVN4mbed6SerialE)
    vtable for mbed::Stream                  0x0800583c   Data          68  Stream.o(.constdata__ZTVN4mbed6StreamE)
    vtable for mbed::FileBase                0x08005880   Data          16  FileBase.o(.constdata__ZTVN4mbed8FileBaseE)
    vtable for mbed::FileLike                0x08005890   Data          60  FileLike.o(.constdata__ZTVN4mbed8FileLikeE)
    Region$$Table$$Base                      0x08005ab4   Number         0  anon$$obj.o(Region$$Table)
    Region$$Table$$Limit                     0x08005ad4   Number         0  anon$$obj.o(Region$$Table)
    __ctype                                  0x08005afd   Data           0  lc_ctype_c.o(locale$$data)
    SHT$$INIT_ARRAY$$Base                    0x08005c00   Number         0  main.o(.init_array)
    SHT$$INIT_ARRAY$$Limit                   0x08005c04   Number         0  init_aeabi.o(.init_array)
    PreviousVal                              0x200000ec   Data           4  hal_tick.o(.data)
    SystemCoreClock                          0x200000f4   Data           4  system_stm32f1xx.o(.data)
    stdio_uart_inited                        0x200000f8   Data           4  serial_api.o(.data)
    oc_rem_part                              0x20000100   Data           2  us_ticker.o(.data)
    SlaveCounter                             0x20000108   Data           4  us_ticker.o(.data)
    oc_int_part                              0x2000010c   Data           4  us_ticker.o(.data)
    mbed::FileBase::_head                    0x20000118   Data           4  FileBase.o(.data)
    __aeabi_stdin                            0x2000011c   Data           4  stdio_streams.o(.data)
    __aeabi_stdout                           0x20000120   Data           4  stdio_streams.o(.data)
    __aeabi_stderr                           0x20000124   Data           4  stdio_streams.o(.data)
    TimMasterHandle                          0x2000012c   Data          60  hal_tick.o(.bss)
    pc                                       0x20000168   Data         108  main.o(.bss)
    LaserSensor                              0x200001d4   Data          20  main.o(.bss)
    myled                                    0x200001e8   Data          20  main.o(.bss)
    UartHandle                               0x20000248   Data          64  serial_api.o(.bss)
    stdio_uart                               0x20000288   Data          28  serial_api.o(.bss)
    __stdin                                  0x200002e0   Data          84  stdio_streams.o(.bss)
    __stdout                                 0x20000334   Data          84  stdio_streams.o(.bss)
    __stderr                                 0x20000388   Data          84  stdio_streams.o(.bss)
    Image$$RW_IRAM1$$ZI$$Limit               0x200003fc   Number         0  anon$$obj.o ABSOLUTE



==============================================================================

Memory Map of the image

  Image Entry point : 0x080000ed

  Load Region LR_IROM1 (Base: 0x08000000, Size: 0x00005c44, Max: 0x00020000, ABSOLUTE)

    Execution Region ER_IROM1 (Base: 0x08000000, Size: 0x00005c04, Max: 0x00020000, ABSOLUTE)

    Base Addr    Size         Type   Attr      Idx    E Section Name        Object

    0x08000000   0x000000ec   Data   RO          601    RESET               startup_stm32f103xb.o
    0x080000ec   0x00000008   Code   RO         2752  * !!!main             c_w.l(__main.o)
    0x080000f4   0x00000034   Code   RO         3548    !!!scatter          c_w.l(__scatter.o)
    0x08000128   0x0000001a   Code   RO         3550    !!handler_copy      c_w.l(__scatter_copy.o)
    0x08000142   0x00000002   PAD
    0x08000144   0x0000001c   Code   RO         3552    !!handler_zi        c_w.l(__scatter_zi.o)
    0x08000160   0x00000000   Code   RO         2694    .ARM.Collect$$_printf_percent$$00000000  c_w.l(_printf_percent.o)
    0x08000160   0x00000006   Code   RO         2994    .ARM.Collect$$_printf_percent$$00000001  c_w.l(_printf_n.o)
    0x08000166   0x00000006   Code   RO         2693    .ARM.Collect$$_printf_percent$$00000002  c_w.l(_printf_p.o)
    0x0800016c   0x00000006   Code   RO         3000    .ARM.Collect$$_printf_percent$$00000003  c_w.l(_printf_f.o)
    0x08000172   0x00000006   Code   RO         3001    .ARM.Collect$$_printf_percent$$00000004  c_w.l(_printf_e.o)
    0x08000178   0x00000006   Code   RO         3002    .ARM.Collect$$_printf_percent$$00000005  c_w.l(_printf_g.o)
    0x0800017e   0x00000006   Code   RO         3003    .ARM.Collect$$_printf_percent$$00000006  c_w.l(_printf_a.o)
    0x08000184   0x0000000a   Code   RO         3008    .ARM.Collect$$_printf_percent$$00000007  c_w.l(_printf_ll.o)
    0x0800018e   0x00000006   Code   RO         2997    .ARM.Collect$$_printf_percent$$00000008  c_w.l(_printf_i.o)
    0x08000194   0x00000006   Code   RO         2998    .ARM.Collect$$_printf_percent$$00000009  c_w.l(_printf_d.o)
    0x0800019a   0x00000006   Code   RO         2999    .ARM.Collect$$_printf_percent$$0000000A  c_w.l(_printf_u.o)
    0x080001a0   0x00000006   Code   RO         2996    .ARM.Collect$$_printf_percent$$0000000B  c_w.l(_printf_o.o)
    0x080001a6   0x00000006   Code   RO         2995    .ARM.Collect$$_printf_percent$$0000000C  c_w.l(_printf_x.o)
    0x080001ac   0x00000006   Code   RO         3005    .ARM.Collect$$_printf_percent$$0000000D  c_w.l(_printf_lli.o)
    0x080001b2   0x00000006   Code   RO         3006    .ARM.Collect$$_printf_percent$$0000000E  c_w.l(_printf_lld.o)
    0x080001b8   0x00000006   Code   RO         3007    .ARM.Collect$$_printf_percent$$0000000F  c_w.l(_printf_llu.o)
    0x080001be   0x00000006   Code   RO         3012    .ARM.Collect$$_printf_percent$$00000010  c_w.l(_printf_llo.o)
    0x080001c4   0x00000006   Code   RO         3013    .ARM.Collect$$_printf_percent$$00000011  c_w.l(_printf_llx.o)
    0x080001ca   0x0000000a   Code   RO         3009    .ARM.Collect$$_printf_percent$$00000012  c_w.l(_printf_l.o)
    0x080001d4   0x00000006   Code   RO         2992    .ARM.Collect$$_printf_percent$$00000013  c_w.l(_printf_c.o)
    0x080001da   0x00000006   Code   RO         2993    .ARM.Collect$$_printf_percent$$00000014  c_w.l(_printf_s.o)
    0x080001e0   0x00000006   Code   RO         3010    .ARM.Collect$$_printf_percent$$00000015  c_w.l(_printf_lc.o)
    0x080001e6   0x00000006   Code   RO         3011    .ARM.Collect$$_printf_percent$$00000016  c_w.l(_printf_ls.o)
    0x080001ec   0x00000004   Code   RO         3004    .ARM.Collect$$_printf_percent$$00000017  c_w.l(_printf_percent_end.o)
    0x080001f0   0x00000002   Code   RO         3406    .ARM.Collect$$libinit$$00000000  c_w.l(libinit.o)
    0x080001f2   0x00000000   Code   RO         3060    .ARM.Collect$$libinit$$00000002  c_w.l(libinit2.o)
    0x080001f2   0x00000000   Code   RO         3062    .ARM.Collect$$libinit$$00000004  c_w.l(libinit2.o)
    0x080001f2   0x00000008   Code   RO         3063    .ARM.Collect$$libinit$$00000005  c_w.l(libinit2.o)
    0x080001fa   0x00000000   Code   RO         3065    .ARM.Collect$$libinit$$0000000A  c_w.l(libinit2.o)
    0x080001fa   0x00000000   Code   RO         3067    .ARM.Collect$$libinit$$0000000C  c_w.l(libinit2.o)
    0x080001fa   0x00000000   Code   RO         3069    .ARM.Collect$$libinit$$0000000E  c_w.l(libinit2.o)
    0x080001fa   0x00000006   Code   RO         3070    .ARM.Collect$$libinit$$0000000F  c_w.l(libinit2.o)
    0x08000200   0x00000000   Code   RO         3072    .ARM.Collect$$libinit$$00000011  c_w.l(libinit2.o)
    0x08000200   0x0000000c   Code   RO         3073    .ARM.Collect$$libinit$$00000012  c_w.l(libinit2.o)
    0x0800020c   0x00000000   Code   RO         3074    .ARM.Collect$$libinit$$00000013  c_w.l(libinit2.o)
    0x0800020c   0x00000000   Code   RO         3076    .ARM.Collect$$libinit$$00000015  c_w.l(libinit2.o)
    0x0800020c   0x0000000a   Code   RO         3077    .ARM.Collect$$libinit$$00000016  c_w.l(libinit2.o)
    0x08000216   0x00000000   Code   RO         3078    .ARM.Collect$$libinit$$00000017  c_w.l(libinit2.o)
    0x08000216   0x00000000   Code   RO         3080    .ARM.Collect$$libinit$$00000019  c_w.l(libinit2.o)
    0x08000216   0x00000000   Code   RO         3082    .ARM.Collect$$libinit$$0000001B  c_w.l(libinit2.o)
    0x08000216   0x00000000   Code   RO         3084    .ARM.Collect$$libinit$$0000001D  c_w.l(libinit2.o)
    0x08000216   0x00000000   Code   RO         3086    .ARM.Collect$$libinit$$0000001F  c_w.l(libinit2.o)
    0x08000216   0x00000000   Code   RO         3088    .ARM.Collect$$libinit$$00000021  c_w.l(libinit2.o)
    0x08000216   0x00000000   Code   RO         3090    .ARM.Collect$$libinit$$00000023  c_w.l(libinit2.o)
    0x08000216   0x00000004   Code   RO         3091    .ARM.Collect$$libinit$$00000024  c_w.l(libinit2.o)
    0x0800021a   0x00000000   Code   RO         3092    .ARM.Collect$$libinit$$00000025  c_w.l(libinit2.o)
    0x0800021a   0x00000000   Code   RO         3096    .ARM.Collect$$libinit$$0000002C  c_w.l(libinit2.o)
    0x0800021a   0x00000000   Code   RO         3098    .ARM.Collect$$libinit$$0000002E  c_w.l(libinit2.o)
    0x0800021a   0x00000000   Code   RO         3100    .ARM.Collect$$libinit$$00000030  c_w.l(libinit2.o)
    0x0800021a   0x00000004   Code   RO         3101    .ARM.Collect$$libinit$$00000031  c_w.l(libinit2.o)
    0x0800021e   0x00000000   Code   RO         3102    .ARM.Collect$$libinit$$00000032  c_w.l(libinit2.o)
    0x0800021e   0x00000002   Code   RO         3103    .ARM.Collect$$libinit$$00000033  c_w.l(libinit2.o)
    0x08000220   0x00000006   Code   RO         3104    .ARM.Collect$$libshutdown$$00000001  c_w.l(libshutdown2.o)
    0x08000226   0x00000000   Code   RO         3106    .ARM.Collect$$libshutdown$$00000003  c_w.l(libshutdown2.o)
    0x08000226   0x00000000   Code   RO         2890    .ARM.Collect$$rtentry$$00000000  c_w.l(__rtentry.o)
    0x08000226   0x00000000   Code   RO         3179    .ARM.Collect$$rtentry$$00000002  c_w.l(__rtentry2.o)
    0x08000226   0x00000006   Code   RO         3191    .ARM.Collect$$rtentry$$00000004  c_w.l(__rtentry4.o)
    0x0800022c   0x00000000   Code   RO         3181    .ARM.Collect$$rtentry$$00000009  c_w.l(__rtentry2.o)
    0x0800022c   0x00000004   Code   RO         3182    .ARM.Collect$$rtentry$$0000000A  c_w.l(__rtentry2.o)
    0x08000230   0x00000000   Code   RO         3184    .ARM.Collect$$rtentry$$0000000C  c_w.l(__rtentry2.o)
    0x08000230   0x00000008   Code   RO         3185    .ARM.Collect$$rtentry$$0000000D  c_w.l(__rtentry2.o)
    0x08000238   0x00000000   Code   RO         3340    .emb_text           c_w.l(maybetermalloc1.o)
    0x08000238   0x00000128   Code   RO           34    .text               main.o
    0x08000360   0x00000024   Code   RO          602    .text               startup_stm32f103xb.o
    0x08000384   0x0000000a   Code   RO         2642    .text               c_w.l(vfprintf.o)
    0x0800038e   0x0000000a   Code   RO         2644    .text               c_w.l(c89vfprintf.o)
    0x08000398   0x0000002c   Code   RO         2646    .text               c_w.l(__2sprintf.o)
    0x080003c4   0x00000094   Code   RO         2670    .text               c_w.l(_printf_hex_int_ll_ptr.o)
    0x08000458   0x00000188   Code   RO         2690    .text               c_w.l(__printf_flags_ss_wp.o)
    0x080005e0   0x0000003c   Code   RO         2697    .text               c_w.l(__0sscanf.o)
    0x0800061c   0x0000014c   Code   RO         2699    .text               c_w.l(_scanf_int.o)
    0x08000768   0x00000064   Code   RO         2701    .text               c_w.l(fflush.o)
    0x080007cc   0x000000ec   Code   RO         2715    .text               c_w.l(fopen.o)
    0x080008b8   0x00000014   Code   RO         2717    .text               c_w.l(setbuf.o)
    0x080008cc   0x0000004c   Code   RO         2725    .text               c_w.l(fclose.o)
    0x08000918   0x0000003e   Code   RO         2740    .text               c_w.l(strlen.o)
    0x08000956   0x00000096   Code   RO         2742    .text               c_w.l(strncmp.o)
    0x080009ec   0x00000064   Code   RO         2744    .text               c_w.l(rt_memcpy_w.o)
    0x08000a50   0x0000004e   Code   RO         2746    .text               c_w.l(rt_memclr_w.o)
    0x08000a9e   0x00000002   PAD
    0x08000aa0   0x00000080   Code   RO         2750    .text               c_w.l(strcmpv7m.o)
    0x08000b20   0x00000024   Code   RO         2757    .text               c_w.l(init_aeabi.o)
    0x08000b44   0x00000008   Code   RO         2896    .text               c_w.l(rt_ddtor_pointer_addr.o)
    0x08000b4c   0x0000005e   Code   RO         2905    .text               c_w.l(h1_alloc.o)
    0x08000baa   0x0000004e   Code   RO         2907    .text               c_w.l(h1_free.o)
    0x08000bf8   0x0000004e   Code   RO         2963    .text               c_w.l(_printf_pad.o)
    0x08000c46   0x00000024   Code   RO         2965    .text               c_w.l(_printf_truncate.o)
    0x08000c6a   0x00000052   Code   RO         2967    .text               c_w.l(_printf_str.o)
    0x08000cbc   0x000000b2   Code   RO         2969    .text               c_w.l(_printf_intcommon.o)
    0x08000d6e   0x00000002   PAD
    0x08000d70   0x00000078   Code   RO         2971    .text               c_w.l(_printf_dec.o)
    0x08000de8   0x00000028   Code   RO         2973    .text               c_w.l(_printf_charcount.o)
    0x08000e10   0x00000030   Code   RO         2975    .text               c_w.l(_printf_char_common.o)
    0x08000e40   0x0000000a   Code   RO         2977    .text               c_w.l(_sputc.o)
    0x08000e4a   0x00000002   PAD
    0x08000e4c   0x00000024   Code   RO         2979    .text               c_w.l(_printf_char_file.o)
    0x08000e70   0x000000bc   Code   RO         2981    .text               c_w.l(_printf_wctomb.o)
    0x08000f2c   0x0000007c   Code   RO         2984    .text               c_w.l(_printf_longlong_dec.o)
    0x08000fa8   0x00000070   Code   RO         2990    .text               c_w.l(_printf_oct_int_ll.o)
    0x08001018   0x0000001c   Code   RO         3014    .text               c_w.l(_chval.o)
    0x08001034   0x0000002c   Code   RO         3020    .text               c_w.l(scanf_char.o)
    0x08001060   0x00000040   Code   RO         3022    .text               c_w.l(_sgetc.o)
    0x080010a0   0x00000008   Code   RO         3032    .text               c_w.l(ferror.o)
    0x080010a8   0x000001d6   Code   RO         3036    .text               c_w.l(flsbuf.o)
    0x0800127e   0x00000002   PAD
    0x08001280   0x000000f8   Code   RO         3038    .text               c_w.l(fseek.o)
    0x08001378   0x00000046   Code   RO         3040    .text               c_w.l(setvbuf.o)
    0x080013be   0x00000002   PAD
    0x080013c0   0x000000f0   Code   RO         3042    .text               c_w.l(stdio.o)
    0x080014b0   0x00000138   Code   RO         3045    .text               c_w.l(initio.o)
    0x080015e8   0x0000000e   Code   RO         3053    .text               c_w.l(defsig_pvfn_outer.o)
    0x080015f6   0x00000002   PAD
    0x080015f8   0x00000008   Code   RO         3195    .text               c_w.l(rt_heap_descriptor.o)
    0x08001600   0x00000004   Code   RO         3200    .text               c_w.l(hguard.o)
    0x08001604   0x0000008a   Code   RO         3202    .text               c_w.l(init_alloc.o)
    0x0800168e   0x0000000e   Code   RO         3206    .text               c_w.l(h1_init.o)
    0x0800169c   0x0000008a   Code   RO         3220    .text               c_w.l(lludiv10.o)
    0x08001726   0x00000012   Code   RO         3222    .text               c_w.l(isspace.o)
    0x08001738   0x0000041a   Code   RO         3224    .text               c_w.l(_printf_fp_dec.o)
    0x08001b52   0x00000002   PAD
    0x08001b54   0x000002fc   Code   RO         3226    .text               c_w.l(_printf_fp_hex.o)
    0x08001e50   0x0000002c   Code   RO         3231    .text               c_w.l(_printf_char.o)
    0x08001e7c   0x0000002c   Code   RO         3235    .text               c_w.l(_printf_wchar.o)
    0x08001ea8   0x00000374   Code   RO         3237    .text               c_w.l(_scanf.o)
    0x0800221c   0x00000042   Code   RO         3247    .text               c_w.l(ftell.o)
    0x0800225e   0x00000040   Code   RO         3273    .text               c_w.l(_wcrtomb.o)
    0x0800229e   0x0000000a   Code   RO         3275    .text               c_w.l(defsig_exit.o)
    0x080022a8   0x0000000e   Code   RO         3277    .text               c_w.l(defsig_rtred_outer.o)
    0x080022b6   0x00000002   PAD
    0x080022b8   0x00000030   Code   RO         3281    .text               c_w.l(defsig_pvfn_inner.o)
    0x080022e8   0x0000000c   Code   RO         3319    .text               c_w.l(sys_exit.o)
    0x080022f4   0x00000010   Code   RO         3321    .text               c_w.l(rt_ctype_table.o)
    0x08002304   0x00000008   Code   RO         3323    .text               c_w.l(rt_locale.o)
    0x0800230c   0x00000008   Code   RO         3333    .text               c_w.l(rt_errno_addr.o)
    0x08002314   0x00000034   Code   RO         3342    .text               c_w.l(h1_extend.o)
    0x08002348   0x00000080   Code   RO         3346    .text               c_w.l(_printf_fp_infnan.o)
    0x080023c8   0x000000dc   Code   RO         3348    .text               c_w.l(bigflt0.o)
    0x080024a4   0x00000032   Code   RO         3382    .text               c_w.l(defsig_general.o)
    0x080024d6   0x00000002   PAD
    0x080024d8   0x00000034   Code   RO         3384    .text               c_w.l(defsig_rtred_inner.o)
    0x0800250c   0x0000000e   Code   RO         3386    .text               c_w.l(defsig_rtmem_outer.o)
    0x0800251a   0x00000002   PAD
    0x0800251c   0x00000050   Code   RO         3392    .text               c_w.l(heapauxa.o)
    0x0800256c   0x0000000e   Code   RO         3438    .text               c_w.l(sys_wrch.o)
    0x0800257a   0x00000002   Code   RO         3440    .text               c_w.l(use_no_semi.o)
    0x0800257c   0x00000000   Code   RO         3442    .text               c_w.l(indicate_semi.o)
    0x0800257c   0x00000050   Code   RO         3460    .text               c_w.l(defsig_rtmem_inner.o)
    0x080025cc   0x0000003e   Code   RO         3351    CL$$btod_d2e        c_w.l(btod.o)
    0x0800260a   0x00000046   Code   RO         3353    CL$$btod_d2e_denorm_low  c_w.l(btod.o)
    0x08002650   0x00000060   Code   RO         3352    CL$$btod_d2e_norm_op1  c_w.l(btod.o)
    0x080026b0   0x00000338   Code   RO         3361    CL$$btod_div_common  c_w.l(btod.o)
    0x080029e8   0x000000c6   Code   RO         3358    CL$$btod_e2e        c_w.l(btod.o)
    0x08002aae   0x00000028   Code   RO         3355    CL$$btod_ediv       c_w.l(btod.o)
    0x08002ad6   0x00000028   Code   RO         3354    CL$$btod_emul       c_w.l(btod.o)
    0x08002afe   0x00000244   Code   RO         3360    CL$$btod_mult_common  c_w.l(btod.o)
    0x08002d42   0x00000012   Code   RO          484    i.$Sub$$main        retarget.o
    0x08002d54   0x00000008   Code   RO         2550    i.<Func1>           mbed.ar(SerialBase.o)
    0x08002d5c   0x00000016   Code   RO          614    i.HAL_Delay         stm32f1xx_hal.o
    0x08002d72   0x00000002   PAD
    0x08002d74   0x000001dc   Code   RO          946    i.HAL_GPIO_Init     stm32f1xx_hal_gpio.o
    0x08002f50   0x0000000c   Code   RO          618    i.HAL_GetTick       stm32f1xx_hal.o
    0x08002f5c   0x00000010   Code   RO          619    i.HAL_IncTick       stm32f1xx_hal.o
    0x08002f6c   0x00000024   Code   RO          620    i.HAL_Init          stm32f1xx_hal.o
    0x08002f90   0x000000bc   Code   RO           22    i.HAL_InitTick      hal_tick.o
    0x0800304c   0x00000002   Code   RO          623    i.HAL_MspInit       stm32f1xx_hal.o
    0x0800304e   0x00000002   PAD
    0x08003050   0x00000024   Code   RO          801    i.HAL_NVIC_SetPriorityGrouping  stm32f1xx_hal_cortex.o
    0x08003074   0x000002e0   Code   RO         1345    i.HAL_RCC_ClockConfig  stm32f1xx_hal_rcc_ex.o
    0x08003354   0x0000004c   Code   RO         1315    i.HAL_RCC_GetPCLK1Freq  stm32f1xx_hal_rcc.o
    0x080033a0   0x0000004c   Code   RO         1316    i.HAL_RCC_GetPCLK2Freq  stm32f1xx_hal_rcc.o
    0x080033ec   0x00000094   Code   RO         1317    i.HAL_RCC_GetSysClockFreq  stm32f1xx_hal_rcc.o
    0x08003480   0x00000964   Code   RO         1320    i.HAL_RCC_OscConfig  stm32f1xx_hal_rcc.o
    0x08003de4   0x00000036   Code   RO         1591    i.HAL_TIM_Base_Init  stm32f1xx_hal_tim.o
    0x08003e1a   0x00000002   Code   RO         1593    i.HAL_TIM_Base_MspInit  stm32f1xx_hal_tim.o
    0x08003e1c   0x0000001a   Code   RO         1594    i.HAL_TIM_Base_Start  stm32f1xx_hal_tim.o
    0x08003e36   0x00000036   Code   RO         1641    i.HAL_TIM_OC_Start  stm32f1xx_hal_tim.o
    0x08003e6c   0x0000005e   Code   RO         1879    i.HAL_UART_Init     stm32f1xx_hal_uart.o
    0x08003eca   0x00000002   Code   RO         1881    i.HAL_UART_MspInit  stm32f1xx_hal_uart.o
    0x08003ecc   0x00000034   Code   RO           13    i.NVIC_SetVector    cmsis_nvic.o
    0x08003f00   0x000000bc   Code   RO         2116    i.SetSysClock       system_stm32f1xx.o
    0x08003fbc   0x000000a0   Code   RO         2479    i.Set_GPIO_Clock    mbed.ar(pinmap.o)
    0x0800405c   0x00000070   Code   RO         2119    i.SystemCoreClockUpdate  system_stm32f1xx.o
    0x080040cc   0x00000070   Code   RO         2120    i.SystemInit        system_stm32f1xx.o
    0x0800413c   0x0000006c   Code   RO         1675    i.TIM_Base_SetConfig  stm32f1xx_hal_tim.o
    0x080041a8   0x00000120   Code   RO         1897    i.UART_SetConfig    stm32f1xx_hal_uart.o
    0x080042c8   0x0000005c   Code   RO           59    i._ZN4mbed10DigitalOutaSEi  main.o
    0x08004324   0x0000003c   Code   RO          595    i._ZN4mbed10FileHandle4flenEv  retarget.o
    0x08004360   0x00000030   Code   RO          486    i._ZN4mbed10FileHandleD2Ev  retarget.o
    0x08004390   0x0000000e   Code   RO         2552    i._ZN4mbed10SerialBase10_base_putcEi  mbed.ar(SerialBase.o)
    0x0800439e   0x0000002a   Code   RO         2554    i._ZN4mbed10SerialBase12_irq_handlerEj9SerialIrq  mbed.ar(SerialBase.o)
    0x080043c8   0x00000064   Code   RO         2560    i._ZN4mbed10SerialBaseC1E7PinNameS1_  mbed.ar(SerialBase.o)
    0x0800442c   0x00000006   Code   RO          487    i._ZN4mbed26mbed_set_unbuffered_streamEPSt6__FILE  retarget.o
    0x08004432   0x00000002   PAD
    0x08004434   0x00000024   Code   RO         2288    i._ZN4mbed6SerialC1E7PinNameS1_PKc  mbed.ar(Serial.o)
    0x08004458   0x0000000c   Code   RO         2307    i._ZN4mbed6SerialD1Ev  mbed.ar(Serial.o)
    0x08004464   0x00000004   Code   RO         2332    i._ZN4mbed6Stream4flenEv  mbed.ar(Stream.o)
    0x08004468   0x00000004   Code   RO         2338    i._ZN4mbed6Stream5closeEv  mbed.ar(Stream.o)
    0x0800446c   0x00000004   Code   RO         2340    i._ZN4mbed6Stream5lseekEli  mbed.ar(Stream.o)
    0x08004470   0x0000002c   Code   RO         2342    i._ZN4mbed6Stream5writeEPKvj  mbed.ar(Stream.o)
    0x0800449c   0x00000004   Code   RO         2343    i._ZN4mbed6Stream6isattyEv  mbed.ar(Stream.o)
    0x080044a0   0x0000001e   Code   RO         2344    i._ZN4mbed6Stream6printfEPKcz  mbed.ar(Stream.o)
    0x080044be   0x00000002   PAD
    0x080044c0   0x00000040   Code   RO         2347    i._ZN4mbed6StreamC2EPKc  mbed.ar(Stream.o)
    0x08004500   0x00000020   Code   RO         2349    i._ZN4mbed6StreamD2Ev  mbed.ar(Stream.o)
    0x08004520   0x00000004   Code   RO         2493    i._ZN4mbed8FileBase11getPathTypeEv  mbed.ar(FileBase.o)
    0x08004524   0x00000038   Code   RO         2495    i._ZN4mbed8FileBase6lookupEPKcj  mbed.ar(FileBase.o)
    0x0800455c   0x00000024   Code   RO         2497    i._ZN4mbed8FileBaseC1EPKcNS_8PathTypeE  mbed.ar(FileBase.o)
    0x08004580   0x00000038   Code   RO         2499    i._ZN4mbed8FileBaseD1Ev  mbed.ar(FileBase.o)
    0x080045b8   0x00000024   Code   RO         2525    i._ZN4mbed8FileLikeC2EPKc  mbed.ar(FileLike.o)
    0x080045dc   0x00000012   Code   RO         2527    i._ZN4mbed8FileLikeD2Ev  mbed.ar(FileLike.o)
    0x080045ee   0x00000018   Code   RO         2197    i._ZN4mbed8FilePath10fileSystemEv  mbed.ar(FilePath.o)
    0x08004606   0x0000001c   Code   RO         2199    i._ZN4mbed8FilePath4fileEv  mbed.ar(FilePath.o)
    0x08004622   0x0000000a   Code   RO         2200    i._ZN4mbed8FilePath6existsEv  mbed.ar(FilePath.o)
    0x0800462c   0x00000018   Code   RO         2201    i._ZN4mbed8FilePath6isFileEv  mbed.ar(FilePath.o)
    0x08004644   0x00000004   Code   RO         2202    i._ZN4mbed8FilePath8fileNameEv  mbed.ar(FilePath.o)
    0x08004648   0x00000040   Code   RO         2203    i._ZN4mbed8FilePathC1EPKc  mbed.ar(FilePath.o)
    0x08004688   0x00000006   Code   RO         2290    i._ZThn84_N4mbed6Serial5_putcEi  mbed.ar(Serial.o)
    0x0800468e   0x00000028   Code   RO         3430    i.__ARM_fpclassify  m_ws.l(fpclassify.o)
    0x080046b6   0x00000032   Code   RO         2876    i.__aeabi_atexit    cpprt_w.l(aeabi_atexit.o)
    0x080046e8   0x00000024   Code   RO         2879    i.__aeabi_vec_ctor_nocookie_nodtor  cpprt_w.l(aeabi_vec_ctor_nocookie_nodtor.o)
    0x0800470c   0x00000042   Code   RO         3144    i.__cxa_finalize    cpprt_w.l(cxa_finalize.o)
    0x0800474e   0x00000006   Code   RO         2767    i.__cxa_pure_virtual  cpprt_w.l(pure_virt.o)
    0x08004754   0x00000010   Code   RO         2110    i.__user_setup_stackheap  sys.o
    0x08004764   0x0000000e   Code   RO         2683    i._is_digit         c_w.l(__printf_wp.o)
    0x08004772   0x00000002   PAD
    0x08004774   0x0000002c   Code   RO          490    i._sys_close        retarget.o
    0x080047a0   0x00000028   Code   RO          493    i._sys_flen         retarget.o
    0x080047c8   0x00000028   Code   RO          494    i._sys_istty        retarget.o
    0x080047f0   0x00000134   Code   RO          495    i._sys_open         retarget.o
    0x08004924   0x00000028   Code   RO          497    i._sys_seek         retarget.o
    0x0800494c   0x00000060   Code   RO          498    i._sys_write        retarget.o
    0x080049ac   0x00000018   Code   RO         2597    i.error             mbed.ar(error.o)
    0x080049c4   0x00000020   Code   RO          500    i.exit              retarget.o
    0x080049e4   0x0000001a   Code   RO         2710    i.fputc             c_w.l(fputc.o)
    0x080049fe   0x00000002   PAD
    0x08004a00   0x00000054   Code   RO         2464    i.gpio_dir          mbed.ar(gpio_api.o)
    0x08004a54   0x0000003e   Code   RO         2465    i.gpio_init         mbed.ar(gpio_api.o)
    0x08004a92   0x00000028   Code   RO         2406    i.gpio_init_in      mbed.ar(gpio.o)
    0x08004aba   0x00000002   PAD
    0x08004abc   0x0000004c   Code   RO         2409    i.gpio_init_out     mbed.ar(gpio.o)
    0x08004b08   0x0000006c   Code   RO         2410    i.gpio_init_out_ex  mbed.ar(gpio.o)
    0x08004b74   0x00000008   Code   RO         2466    i.gpio_mode         mbed.ar(gpio_api.o)
    0x08004b7c   0x00000040   Code   RO         2401    i.mbed_assert_internal  mbed.ar(assert.o)
    0x08004bbc   0x00000010   Code   RO            4    i.mbed_die          board.o
    0x08004bcc   0x00000002   Code   RO          501    i.mbed_main         retarget.o
    0x08004bce   0x0000000e   Code   RO          476    i.mbed_sdk_init     mbed_overrides.o
    0x08004bdc   0x00000128   Code   RO         2480    i.pin_function      mbed.ar(pinmap.o)
    0x08004d04   0x00000108   Code   RO         2481    i.pin_mode          mbed.ar(pinmap.o)
    0x08004e0c   0x0000003c   Code   RO         2608    i.pinmap_merge      mbed.ar(pinmap_common.o)
    0x08004e48   0x00000060   Code   RO         2609    i.pinmap_peripheral  mbed.ar(pinmap_common.o)
    0x08004ea8   0x0000005c   Code   RO         2610    i.pinmap_pinout     mbed.ar(pinmap_common.o)
    0x08004f04   0x00000180   Code   RO         2141    i.serial_init       mbed.ar(serial_api.o)
    0x08005084   0x00000018   Code   RO         2142    i.serial_irq_handler  mbed.ar(serial_api.o)
    0x0800509c   0x0000002c   Code   RO         2145    i.serial_putc       mbed.ar(serial_api.o)
    0x080050c8   0x0000001c   Code   RO         2177    i.set_compare       mbed.ar(us_ticker.o)
    0x080050e4   0x0000004e   Code   RO         2625    i.ticker_irq_handler  mbed.ar(ticker_api.o)
    0x08005132   0x00000002   PAD
    0x08005134   0x000000bc   Code   RO           23    i.timer_irq_handler  hal_tick.o
    0x080051f0   0x00000020   Code   RO         2178    i.us_ticker_clear_interrupt  mbed.ar(us_ticker.o)
    0x08005210   0x00000018   Code   RO         2179    i.us_ticker_disable_interrupt  mbed.ar(us_ticker.o)
    0x08005228   0x00000018   Code   RO         2180    i.us_ticker_init    mbed.ar(us_ticker.o)
    0x08005240   0x0000000c   Code   RO         2424    i.us_ticker_irq_handler  mbed.ar(us_ticker_api.o)
    0x0800524c   0x00000038   Code   RO         2181    i.us_ticker_read    mbed.ar(us_ticker.o)
    0x08005284   0x00000098   Code   RO         2182    i.us_ticker_set_interrupt  mbed.ar(us_ticker.o)
    0x0800531c   0x00000024   Code   RO         2436    i.wait              mbed.ar(wait_api.o)
    0x08005340   0x0000001c   Code   RO         2437    i.wait_ms           mbed.ar(wait_api.o)
    0x0800535c   0x0000002c   Code   RO         3376    locale$$code        c_w.l(lc_numeric_c.o)
    0x08005388   0x0000002c   Code   RO         3452    locale$$code        c_w.l(lc_ctype_c.o)
    0x080053b4   0x00000036   Code   RO         2882    x$fpl$ffix          fz_ws.l(ffix.o)
    0x080053ea   0x00000002   PAD
    0x080053ec   0x00000102   Code   RO         2886    x$fpl$fmul          fz_ws.l(fmul.o)
    0x080054ee   0x0000008c   Code   RO         3160    x$fpl$fnaninf       fz_ws.l(fnaninf.o)
    0x0800557a   0x0000000a   Code   RO         3162    x$fpl$fretinf       fz_ws.l(fretinf.o)
    0x08005584   0x00000004   Code   RO         3164    x$fpl$printf1       fz_ws.l(printf1.o)
    0x08005588   0x00000004   Code   RO         3166    x$fpl$printf2       fz_ws.l(printf2.o)
    0x0800558c   0x00000000   Code   RO         3174    x$fpl$usenofp       fz_ws.l(usenofp.o)
    0x0800558c   0x00000017   Data   RO          543    .constdata          retarget.o
    0x080055a3   0x00000010   Data   RO         1321    .constdata          stm32f1xx_hal_rcc.o
    0x080055b3   0x00000010   Data   RO         2121    .constdata          system_stm32f1xx.o
    0x080055c3   0x00000001   PAD
    0x080055c4   0x00000014   Data   RO         2425    .constdata          mbed.ar(us_ticker_api.o)
    0x080055d8   0x00000008   Data   RO         2426    .constdata          mbed.ar(us_ticker_api.o)
    0x080055e0   0x00000048   Data   RO         2452    .constdata          mbed.ar(PeripheralPins.o)
    0x08005628   0x00000048   Data   RO         2453    .constdata          mbed.ar(PeripheralPins.o)
    0x08005670   0x00000034   Data   RO         2482    .constdata          mbed.ar(pinmap.o)
    0x080056a4   0x00000028   Data   RO         2671    .constdata          c_w.l(_printf_hex_int_ll_ptr.o)
    0x080056cc   0x00000011   Data   RO         2691    .constdata          c_w.l(__printf_flags_ss_wp.o)
    0x080056dd   0x00000003   PAD
    0x080056e0   0x00000008   Data   RO         2982    .constdata          c_w.l(_printf_wctomb.o)
    0x080056e8   0x00000026   Data   RO         3227    .constdata          c_w.l(_printf_fp_hex.o)
    0x0800570e   0x00000002   PAD
    0x08005710   0x00000094   Data   RO         3349    .constdata          c_w.l(bigflt0.o)
    0x080057a4   0x0000002c   Data   RO          594    .constdata__ZTVN4mbed10FileHandleE  retarget.o
    0x080057d0   0x00000010   Data   RO         2587    .constdata__ZTVN4mbed10SerialBaseE  mbed.ar(SerialBase.o)
    0x080057e0   0x0000005c   Data   RO         2305    .constdata__ZTVN4mbed6SerialE  mbed.ar(Serial.o)
    0x0800583c   0x00000044   Data   RO         2398    .constdata__ZTVN4mbed6StreamE  mbed.ar(Stream.o)
    0x08005880   0x00000010   Data   RO         2519    .constdata__ZTVN4mbed8FileBaseE  mbed.ar(FileBase.o)
    0x08005890   0x0000003c   Data   RO         2544    .constdata__ZTVN4mbed8FileLikeE  mbed.ar(FileLike.o)
    0x080058cc   0x00000042   Data   RO           37    .conststring        main.o
    0x0800590e   0x00000002   PAD
    0x08005910   0x00000068   Data   RO         2152    .conststring        mbed.ar(serial_api.o)
    0x08005978   0x0000006e   Data   RO         2411    .conststring        mbed.ar(gpio.o)
    0x080059e6   0x00000002   PAD
    0x080059e8   0x00000066   Data   RO         2468    .conststring        mbed.ar(gpio_api.o)
    0x08005a4e   0x00000002   PAD
    0x08005a50   0x00000064   Data   RO         2483    .conststring        mbed.ar(pinmap.o)
    0x08005ab4   0x00000020   Data   RO         3547    Region$$Table       anon$$obj.o
    0x08005ad4   0x0000001c   Data   RO         3375    locale$$data        c_w.l(lc_numeric_c.o)
    0x08005af0   0x00000110   Data   RO         3451    locale$$data        c_w.l(lc_ctype_c.o)
    0x08005c00   0x00000004   Data   RO           38    .init_array         main.o
    0x08005c04   0x00000000   Data   RO         2755    .init_array         c_w.l(init_aeabi.o)


    Execution Region RW_IRAM1 (Base: 0x200000ec, Size: 0x00000310, Max: 0x00004f14, ABSOLUTE)

    Base Addr    Size         Type   Attr      Idx    E Section Name        Object

    0x200000ec   0x00000004   Data   RW           25    .data               hal_tick.o
    0x200000f0   0x00000004   Data   RW          626    .data               stm32f1xx_hal.o
    0x200000f4   0x00000004   Data   RW         2122    .data               system_stm32f1xx.o
    0x200000f8   0x00000008   Data   RW         2153    .data               mbed.ar(serial_api.o)
    0x20000100   0x00000010   Data   RW         2184    .data               mbed.ar(us_ticker.o)
    0x20000110   0x00000008   Data   RW         2427    .data               mbed.ar(us_ticker_api.o)
    0x20000118   0x00000004   Data   RW         2507    .data               mbed.ar(FileBase.o)
    0x2000011c   0x00000004   Data   RW         2722    .data               c_w.l(stdio_streams.o)
    0x20000120   0x00000004   Data   RW         2723    .data               c_w.l(stdio_streams.o)
    0x20000124   0x00000004   Data   RW         2724    .data               c_w.l(stdio_streams.o)
    0x20000128   0x00000004   Data   RW         3393    .data               c_w.l(heapauxa.o)
    0x2000012c   0x0000003c   Zero   RW           24    .bss                hal_tick.o
    0x20000168   0x00000094   Zero   RW           36    .bss                main.o
    0x200001fc   0x00000040   Zero   RW          542    .bss                retarget.o
    0x2000023c   0x00000068   Zero   RW         2151    .bss                mbed.ar(serial_api.o)
    0x200002a4   0x0000003c   Zero   RW         2183    .bss                mbed.ar(us_ticker.o)
    0x200002e0   0x00000054   Zero   RW         2719    .bss                c_w.l(stdio_streams.o)
    0x20000334   0x00000054   Zero   RW         2720    .bss                c_w.l(stdio_streams.o)
    0x20000388   0x00000054   Zero   RW         2721    .bss                c_w.l(stdio_streams.o)
    0x200003dc   0x00000004   Zero   RW         2897    .bss                c_w.l(rt_ddtor_pointer_addr.o)
    0x200003e0   0x00000004   Zero   RW         3196    .bss                c_w.l(rt_heap_descriptor.o)
    0x200003e4   0x00000014   Zero   RW         3324    .bss                c_w.l(rt_locale.o)
    0x200003f8   0x00000004   Zero   RW         3334    .bss                c_w.l(rt_errno_addr.o)


==============================================================================

Image component sizes


      Code (inc. data)   RO Data    RW Data    ZI Data      Debug   Object Name

        16          0          0          0          0         72   board.o
        52          6          0          0          0         84   cmsis_nvic.o
       376         60          0          4         60        164   hal_tick.o
       388        138         70          0        148     190658   main.o
        14          0          0          0          0         80   mbed_overrides.o
       734         80         67          0         64        916   retarget.o
        36          8        236          0          0        228   startup_stm32f103xb.o
        88         16          0          4          0        360   stm32f1xx_hal.o
        36          6          0          0          0         68   stm32f1xx_hal_cortex.o
       476         20          0          0          0         92   stm32f1xx_hal_gpio.o
      2704         66         16          0          0        336   stm32f1xx_hal_rcc.o
       736         10          0          0          0         88   stm32f1xx_hal_rcc_ex.o
       244         14          0          0          0        360   stm32f1xx_hal_tim.o
       384          4          0          0          0        232   stm32f1xx_hal_uart.o
        16          6          0          0          0         68   sys.o
       412         42         16          4          0        252   system_stm32f1xx.o

    ----------------------------------------------------------------------
      6718        476        440         12        272     194058   Object Totals
         0          0         32          0          0          0   (incl. Generated)
         6          0          3          0          0          0   (incl. Padding)

    ----------------------------------------------------------------------

      Code (inc. data)   RO Data    RW Data    ZI Data      Debug   Library Member Name

        60          8          0          0          0         84   __0sscanf.o
        44          6          0          0          0         84   __2sprintf.o
         8          0          0          0          0         68   __main.o
       392          4         17          0          0         92   __printf_flags_ss_wp.o
        14          0          0          0          0         68   __printf_wp.o
         0          0          0          0          0          0   __rtentry.o
        12          0          0          0          0          0   __rtentry2.o
         6          0          0          0          0          0   __rtentry4.o
        52          8          0          0          0          0   __scatter.o
        26          0          0          0          0          0   __scatter_copy.o
        28          0          0          0          0          0   __scatter_zi.o
        28          0          0          0          0         68   _chval.o
         6          0          0          0          0          0   _printf_a.o
         6          0          0          0          0          0   _printf_c.o
        44          0          0          0          0        108   _printf_char.o
        48          6          0          0          0         96   _printf_char_common.o
        36          4          0          0          0         80   _printf_char_file.o
        40          0          0          0          0         68   _printf_charcount.o
         6          0          0          0          0          0   _printf_d.o
       120         16          0          0          0         92   _printf_dec.o
         6          0          0          0          0          0   _printf_e.o
         6          0          0          0          0          0   _printf_f.o
      1050          0          0          0          0        216   _printf_fp_dec.o
       764         10         38          0          0        100   _printf_fp_hex.o
       128         16          0          0          0         84   _printf_fp_infnan.o
         6          0          0          0          0          0   _printf_g.o
       148          4         40          0          0        160   _printf_hex_int_ll_ptr.o
         6          0          0          0          0          0   _printf_i.o
       178          0          0          0          0         88   _printf_intcommon.o
        10          0          0          0          0          0   _printf_l.o
         6          0          0          0          0          0   _printf_lc.o
        10          0          0          0          0          0   _printf_ll.o
         6          0          0          0          0          0   _printf_lld.o
         6          0          0          0          0          0   _printf_lli.o
         6          0          0          0          0          0   _printf_llo.o
         6          0          0          0          0          0   _printf_llu.o
         6          0          0          0          0          0   _printf_llx.o
       124         16          0          0          0         92   _printf_longlong_dec.o
         6          0          0          0          0          0   _printf_ls.o
         6          0          0          0          0          0   _printf_n.o
         6          0          0          0          0          0   _printf_o.o
       112          8          0          0          0        124   _printf_oct_int_ll.o
         6          0          0          0          0          0   _printf_p.o
        78          0          0          0          0        108   _printf_pad.o
         0          0          0          0          0          0   _printf_percent.o
         4          0          0          0          0          0   _printf_percent_end.o
         6          0          0          0          0          0   _printf_s.o
        82          0          0          0          0         80   _printf_str.o
        36          0          0          0          0         84   _printf_truncate.o
         6          0          0          0          0          0   _printf_u.o
        44          0          0          0          0        108   _printf_wchar.o
       188          6          8          0          0         92   _printf_wctomb.o
         6          0          0          0          0          0   _printf_x.o
       884          6          0          0          0        100   _scanf.o
       332          0          0          0          0         96   _scanf_int.o
        64          0          0          0          0         84   _sgetc.o
        10          0          0          0          0         68   _sputc.o
        64          0          0          0          0         92   _wcrtomb.o
       220          4        148          0          0         96   bigflt0.o
      1910        128          0          0          0        672   btod.o
        10          0          0          0          0         68   c89vfprintf.o
        10          0          0          0          0         68   defsig_exit.o
        50          0          0          0          0         88   defsig_general.o
        48         34          0          0          0         76   defsig_pvfn_inner.o
        14          0          0          0          0         80   defsig_pvfn_outer.o
        80         58          0          0          0         76   defsig_rtmem_inner.o
        14          0          0          0          0         80   defsig_rtmem_outer.o
        52         38          0          0          0         76   defsig_rtred_inner.o
        14          0          0          0          0         80   defsig_rtred_outer.o
        76          0          0          0          0         88   fclose.o
         8          0          0          0          0         68   ferror.o
       100          4          0          0          0        120   fflush.o
       470          0          0          0          0         88   flsbuf.o
       236          4          0          0          0        128   fopen.o
        26          0          0          0          0         68   fputc.o
       248          6          0          0          0         84   fseek.o
        66          0          0          0          0         76   ftell.o
        94          0          0          0          0         80   h1_alloc.o
        52          0          0          0          0         68   h1_extend.o
        78          0          0          0          0         80   h1_free.o
        14          0          0          0          0         84   h1_init.o
        80          6          0          4          0         96   heapauxa.o
         4          0          0          0          0        136   hguard.o
         0          0          0          0          0          0   indicate_semi.o
        36         10          0          0          0         80   init_aeabi.o
       138          0          0          0          0        168   init_alloc.o
       312         46          0          0          0        112   initio.o
        18          0          0          0          0         76   isspace.o
        44         10        272          0          0         76   lc_ctype_c.o
        44         10         28          0          0         76   lc_numeric_c.o
         2          0          0          0          0          0   libinit.o
        46          0          0          0          0          0   libinit2.o
         6          0          0          0          0          0   libshutdown2.o
       138          0          0          0          0         80   lludiv10.o
         0          0          0          0          0          0   maybetermalloc1.o
        16          4          0          0          0         76   rt_ctype_table.o
         8          4          0          0          4         68   rt_ddtor_pointer_addr.o
         8          4          0          0          4         68   rt_errno_addr.o
         8          4          0          0          4         68   rt_heap_descriptor.o
         8          4          0          0         20         68   rt_locale.o
        78          0          0          0          0         80   rt_memclr_w.o
       100          0          0          0          0         80   rt_memcpy_w.o
        44          8          0          0          0         84   scanf_char.o
        20          0          0          0          0         68   setbuf.o
        70          0          0          0          0         80   setvbuf.o
       240          6          0          0          0        156   stdio.o
         0          0          0         12        252          0   stdio_streams.o
       128          0          0          0          0         68   strcmpv7m.o
        62          0          0          0          0         76   strlen.o
       150          0          0          0          0         80   strncmp.o
        12          4          0          0          0         68   sys_exit.o
        14          0          0          0          0         76   sys_wrch.o
         2          0          0          0          0         68   use_no_semi.o
        10          0          0          0          0         68   vfprintf.o
        50          0          0          0          0         84   aeabi_atexit.o
        36          0          0          0          0         84   aeabi_vec_ctor_nocookie_nodtor.o
        66          0          0          0          0         84   cxa_finalize.o
         6          0          0          0          0         68   pure_virt.o
        54          4          0          0          0         84   ffix.o
       258          4          0          0          0         84   fmul.o
       140          4          0          0          0         84   fnaninf.o
        10          0          0          0          0         68   fretinf.o
         4          0          0          0          0         68   printf1.o
         4          0          0          0          0         68   printf2.o
         0          0          0          0          0          0   usenofp.o
        40          0          0          0          0         68   fpclassify.o
       152         24         16          4          0        284   FileBase.o
        54         10         60          0          0        156   FileLike.o
       154          0          0          0          0        440   FilePath.o
         0          0        144          0          0          0   PeripheralPins.o
        54          4         92          0          0        220   Serial.o
       164         14         16          0          0        292   SerialBase.o
       186         16         68          0          0        608   Stream.o
        64         52          0          0          0         68   assert.o
        24          4          0          0          0         80   error.o
       224         40        110          0          0        268   gpio.o
       154         30        102          0          0        244   gpio_api.o
       720        130        152          0          0        268   pinmap.o
       248         76          0          0          0        240   pinmap_common.o
       452         78        104          8        104        224   serial_api.o
        78          0          0          0          0         88   ticker_api.o
       316         60          0         16         60        440   us_ticker.o
        12          6         28          8          0         68   us_ticker_api.o
        64          4          0          0          0        160   wait_api.o

    ----------------------------------------------------------------------
     14946       1074       1452         52        448      12468   Library Totals
        34          0          9          0          0          0   (incl. Padding)

    ----------------------------------------------------------------------

      Code (inc. data)   RO Data    RW Data    ZI Data      Debug   Library Name

     11124        514        551         16        284       7476   c_w.l
       158          0          0          0          0        320   cpprt_w.l
       470         12          0          0          0        456   fz_ws.l
        40          0          0          0          0         68   m_ws.l
      3120        548        892         36        164       4148   mbed.ar

    ----------------------------------------------------------------------
     14946       1074       1452         52        448      12468   Library Totals

    ----------------------------------------------------------------------

==============================================================================


      Code (inc. data)   RO Data    RW Data    ZI Data      Debug   

     21664       1550       1892         64        720     196902   Grand Totals
     21664       1550       1892         64        720     196902   ELF Image Totals
     21664       1550       1892         64          0          0   ROM Totals

==============================================================================

    Total RO  Size (Code + RO Data)                23556 (  23.00kB)
    Total RW  Size (RW Data + ZI Data)               784 (   0.77kB)
    Total ROM Size (Code + RO Data + RW Data)      23620 (  23.07kB)

==============================================================================

